Archive member included to satisfy reference by file (symbol)

C:/ST/STM32CubeIDE_1.13.1/STM32CubeIDE/plugins/com.st.stm32cube.ide.mcu.externaltools.gnu-tools-for-stm32.11.3.rel1.win32_1.1.0.202305231506/tools/bin/../lib/gcc/arm-none-eabi/11.3.1/../../../../arm-none-eabi/lib/thumb/v7e-m+fp/hard\libc_nano.a(libc_a-exit.o)
                              C:/ST/STM32CubeIDE_1.13.1/STM32CubeIDE/plugins/com.st.stm32cube.ide.mcu.externaltools.gnu-tools-for-stm32.11.3.rel1.win32_1.1.0.202305231506/tools/bin/../lib/gcc/arm-none-eabi/11.3.1/../../../../arm-none-eabi/lib/thumb/v7e-m+fp/hard/crt0.o (exit)
C:/ST/STM32CubeIDE_1.13.1/STM32CubeIDE/plugins/com.st.stm32cube.ide.mcu.externaltools.gnu-tools-for-stm32.11.3.rel1.win32_1.1.0.202305231506/tools/bin/../lib/gcc/arm-none-eabi/11.3.1/../../../../arm-none-eabi/lib/thumb/v7e-m+fp/hard\libc_nano.a(libc_a-findfp.o)
                              C:/ST/STM32CubeIDE_1.13.1/STM32CubeIDE/plugins/com.st.stm32cube.ide.mcu.externaltools.gnu-tools-for-stm32.11.3.rel1.win32_1.1.0.202305231506/tools/bin/../lib/gcc/arm-none-eabi/11.3.1/../../../../arm-none-eabi/lib/thumb/v7e-m+fp/hard\libc_nano.a(libc_a-exit.o) (__stdio_exit_handler)
C:/ST/STM32CubeIDE_1.13.1/STM32CubeIDE/plugins/com.st.stm32cube.ide.mcu.externaltools.gnu-tools-for-stm32.11.3.rel1.win32_1.1.0.202305231506/tools/bin/../lib/gcc/arm-none-eabi/11.3.1/../../../../arm-none-eabi/lib/thumb/v7e-m+fp/hard\libc_nano.a(libc_a-fwalk.o)
                              C:/ST/STM32CubeIDE_1.13.1/STM32CubeIDE/plugins/com.st.stm32cube.ide.mcu.externaltools.gnu-tools-for-stm32.11.3.rel1.win32_1.1.0.202305231506/tools/bin/../lib/gcc/arm-none-eabi/11.3.1/../../../../arm-none-eabi/lib/thumb/v7e-m+fp/hard\libc_nano.a(libc_a-findfp.o) (_fwalk_sglue)
C:/ST/STM32CubeIDE_1.13.1/STM32CubeIDE/plugins/com.st.stm32cube.ide.mcu.externaltools.gnu-tools-for-stm32.11.3.rel1.win32_1.1.0.202305231506/tools/bin/../lib/gcc/arm-none-eabi/11.3.1/../../../../arm-none-eabi/lib/thumb/v7e-m+fp/hard\libc_nano.a(libc_a-stdio.o)
                              C:/ST/STM32CubeIDE_1.13.1/STM32CubeIDE/plugins/com.st.stm32cube.ide.mcu.externaltools.gnu-tools-for-stm32.11.3.rel1.win32_1.1.0.202305231506/tools/bin/../lib/gcc/arm-none-eabi/11.3.1/../../../../arm-none-eabi/lib/thumb/v7e-m+fp/hard\libc_nano.a(libc_a-findfp.o) (__sread)
C:/ST/STM32CubeIDE_1.13.1/STM32CubeIDE/plugins/com.st.stm32cube.ide.mcu.externaltools.gnu-tools-for-stm32.11.3.rel1.win32_1.1.0.202305231506/tools/bin/../lib/gcc/arm-none-eabi/11.3.1/../../../../arm-none-eabi/lib/thumb/v7e-m+fp/hard\libc_nano.a(libc_a-memset.o)
                              C:/ST/STM32CubeIDE_1.13.1/STM32CubeIDE/plugins/com.st.stm32cube.ide.mcu.externaltools.gnu-tools-for-stm32.11.3.rel1.win32_1.1.0.202305231506/tools/bin/../lib/gcc/arm-none-eabi/11.3.1/../../../../arm-none-eabi/lib/thumb/v7e-m+fp/hard/crt0.o (memset)
C:/ST/STM32CubeIDE_1.13.1/STM32CubeIDE/plugins/com.st.stm32cube.ide.mcu.externaltools.gnu-tools-for-stm32.11.3.rel1.win32_1.1.0.202305231506/tools/bin/../lib/gcc/arm-none-eabi/11.3.1/../../../../arm-none-eabi/lib/thumb/v7e-m+fp/hard\libc_nano.a(libc_a-closer.o)
                              C:/ST/STM32CubeIDE_1.13.1/STM32CubeIDE/plugins/com.st.stm32cube.ide.mcu.externaltools.gnu-tools-for-stm32.11.3.rel1.win32_1.1.0.202305231506/tools/bin/../lib/gcc/arm-none-eabi/11.3.1/../../../../arm-none-eabi/lib/thumb/v7e-m+fp/hard\libc_nano.a(libc_a-stdio.o) (_close_r)
C:/ST/STM32CubeIDE_1.13.1/STM32CubeIDE/plugins/com.st.stm32cube.ide.mcu.externaltools.gnu-tools-for-stm32.11.3.rel1.win32_1.1.0.202305231506/tools/bin/../lib/gcc/arm-none-eabi/11.3.1/../../../../arm-none-eabi/lib/thumb/v7e-m+fp/hard\libc_nano.a(libc_a-reent.o)
                              C:/ST/STM32CubeIDE_1.13.1/STM32CubeIDE/plugins/com.st.stm32cube.ide.mcu.externaltools.gnu-tools-for-stm32.11.3.rel1.win32_1.1.0.202305231506/tools/bin/../lib/gcc/arm-none-eabi/11.3.1/../../../../arm-none-eabi/lib/thumb/v7e-m+fp/hard\libc_nano.a(libc_a-closer.o) (errno)
C:/ST/STM32CubeIDE_1.13.1/STM32CubeIDE/plugins/com.st.stm32cube.ide.mcu.externaltools.gnu-tools-for-stm32.11.3.rel1.win32_1.1.0.202305231506/tools/bin/../lib/gcc/arm-none-eabi/11.3.1/../../../../arm-none-eabi/lib/thumb/v7e-m+fp/hard\libc_nano.a(libc_a-impure.o)
                              C:/ST/STM32CubeIDE_1.13.1/STM32CubeIDE/plugins/com.st.stm32cube.ide.mcu.externaltools.gnu-tools-for-stm32.11.3.rel1.win32_1.1.0.202305231506/tools/bin/../lib/gcc/arm-none-eabi/11.3.1/../../../../arm-none-eabi/lib/thumb/v7e-m+fp/hard\libc_nano.a(libc_a-reent.o) (_impure_ptr)
C:/ST/STM32CubeIDE_1.13.1/STM32CubeIDE/plugins/com.st.stm32cube.ide.mcu.externaltools.gnu-tools-for-stm32.11.3.rel1.win32_1.1.0.202305231506/tools/bin/../lib/gcc/arm-none-eabi/11.3.1/../../../../arm-none-eabi/lib/thumb/v7e-m+fp/hard\libc_nano.a(libc_a-lseekr.o)
[...]
Memory Configuration

Name             Origin             Length             Attributes
RAM              0x0000000020000000 0x00000000000a0000 xrw
RAM2             0x0000000010000000 0x0000000000010000 xrw
RAM3             0x0000000020040000 0x0000000000060000 xrw
FLASH            0x0000000008000000 0x0000000000200000 xr
*default*        0x0000000000000000 0xffffffffffffffff

Linker script and memory map

LOAD C:/ST/STM32CubeIDE_1.13.1/STM32CubeIDE/plugins/com.st.stm32cube.ide.mcu.externaltools.gnu-tools-for-stm32.11.3.rel1.win32_1.1.0.202305231506/tools/bin/../lib/gcc/arm-none-eabi/11.3.1/thumb/v7e-m+fp/hard/crti.o
LOAD C:/ST/STM32CubeIDE_1.13.1/STM32CubeIDE/plugins/com.st.stm32cube.ide.mcu.externaltools.gnu-tools-for-stm32.11.3.rel1.win32_1.1.0.202305231506/tools/bin/../lib/gcc/arm-none-eabi/11.3.1/thumb/v7e-m+fp/hard/crtbegin.o
LOAD C:/ST/STM32CubeIDE_1.13.1/STM32CubeIDE/plugins/com.st.stm32cube.ide.mcu.externaltools.gnu-tools-for-stm32.11.3.rel1.win32_1.1.0.202305231506/tools/bin/../lib/gcc/arm-none-eabi/11.3.1/../../../../arm-none-eabi/lib/thumb/v7e-m+fp/hard/crt0.o
LOAD ./Core/Src/main.o
LOAD ./Core/Src/stm32l4s5i_iot01.o
LOAD ./Core/Src/stm32l4s5i_iot01_accelero.o
LOAD ./Core/Src/stm32l4s5i_iot01_gyro.o
LOAD ./Core/Src/stm32l4s5i_iot01_hsensor.o
LOAD ./Core/Src/stm32l4s5i_iot01_magneto.o
LOAD ./Core/Src/stm32l4s5i_iot01_psensor.o
LOAD ./Core/Src/stm32l4s5i_iot01_qspi.o
LOAD ./Core/Src/stm32l4s5i_iot01_tsensor.o
LOAD ./Core/Src/stm32l4xx_hal_msp.o
LOAD ./Core/Src/stm32l4xx_it.o
LOAD ./Core/Src/syscalls.o
LOAD ./Core/Src/sysmem.o
LOAD ./Core/Src/system_stm32l4xx.o
LOAD ./Core/Startup/startup_stm32l4s5vitx.o
LOAD ./Drivers/Components/hts221/hts221.o
LOAD ./Drivers/Components/lis3mdl/lis3mdl.o
LOAD ./Drivers/Components/lps22hb/lps22hb.o
LOAD ./Drivers/Components/lsm6dsl/lsm6dsl.o
LOAD ./Drivers/STM32L4xx_HAL_Driver/Src/stm32l4xx_hal.o
LOAD ./Drivers/STM32L4xx_HAL_Driver/Src/stm32l4xx_hal_cortex.o
LOAD ./Drivers/STM32L4xx_HAL_Driver/Src/stm32l4xx_hal_dma.o
LOAD ./Drivers/STM32L4xx_HAL_Driver/Src/stm32l4xx_hal_dma_ex.o
LOAD ./Drivers/STM32L4xx_HAL_Driver/Src/stm32l4xx_hal_exti.o
LOAD ./Drivers/STM32L4xx_HAL_Driver/Src/stm32l4xx_hal_flash.o
LOAD ./Drivers/STM32L4xx_HAL_Driver/Src/stm32l4xx_hal_flash_ex.o
LOAD ./Drivers/STM32L4xx_HAL_Driver/Src/stm32l4xx_hal_flash_ramfunc.o
LOAD ./Drivers/STM32L4xx_HAL_Driver/Src/stm32l4xx_hal_gpio.o
LOAD ./Drivers/STM32L4xx_HAL_Driver/Src/stm32l4xx_hal_i2c.o
LOAD ./Drivers/STM32L4xx_HAL_Driver/Src/stm32l4xx_hal_i2c_ex.o
LOAD ./Drivers/STM32L4xx_HAL_Driver/Src/stm32l4xx_hal_ospi.o
LOAD ./Drivers/STM32L4xx_HAL_Driver/Src/stm32l4xx_hal_pwr.o
LOAD ./Drivers/STM32L4xx_HAL_Driver/Src/stm32l4xx_hal_pwr_ex.o
LOAD ./Drivers/STM32L4xx_HAL_Driver/Src/stm32l4xx_hal_rcc.o
LOAD ./Drivers/STM32L4xx_HAL_Driver/Src/stm32l4xx_hal_rcc_ex.o
LOAD ./Drivers/STM32L4xx_HAL_Driver/Src/stm32l4xx_hal_tim.o
LOAD ./Drivers/STM32L4xx_HAL_Driver/Src/stm32l4xx_hal_tim_ex.o
LOAD ./Drivers/STM32L4xx_HAL_Driver/Src/stm32l4xx_hal_uart.o
LOAD ./Drivers/STM32L4xx_HAL_Driver/Src/stm32l4xx_hal_uart_ex.o
START GROUP
LOAD C:/ST/STM32CubeIDE_1.13.1/STM32CubeIDE/plugins/com.st.stm32cube.ide.mcu.externaltools.gnu-tools-for-stm32.11.3.rel1.win32_1.1.0.202305231506/tools/bin/../lib/gcc/arm-none-eabi/11.3.1/../../../../arm-none-eabi/lib/thumb/v7e-m+fp/hard\libc_nano.a
LOAD C:/ST/STM32CubeIDE_1.13.1/STM32CubeIDE/plugins/com.st.stm32cube.ide.mcu.externaltools.gnu-tools-for-stm32.11.3.rel1.win32_1.1.0.202305231506/tools/bin/../lib/gcc/arm-none-eabi/11.3.1/../../../../arm-none-eabi/lib/thumb/v7e-m+fp/hard\libm.a
END GROUP
START GROUP
LOAD C:/ST/STM32CubeIDE_1.13.1/STM32CubeIDE/plugins/com.st.stm32cube.ide.mcu.externaltools.gnu-tools-for-stm32.11.3.rel1.win32_1.1.0.202305231506/tools/bin/../lib/gcc/arm-none-eabi/11.3.1/thumb/v7e-m+fp/hard\libgcc.a
LOAD C:/ST/STM32CubeIDE_1.13.1/STM32CubeIDE/plugins/com.st.stm32cube.ide.mcu.externaltools.gnu-tools-for-stm32.11.3.rel1.win32_1.1.0.202305231506/tools/bin/../lib/gcc/arm-none-eabi/11.3.1/../../../../arm-none-eabi/lib/thumb/v7e-m+fp/hard\libc_nano.a
END GROUP
START GROUP
LOAD C:/ST/STM32CubeIDE_1.13.1/STM32CubeIDE/plugins/com.st.stm32cube.ide.mcu.externaltools.gnu-tools-for-stm32.11.3.rel1.win32_1.1.0.202305231506/tools/bin/../lib/gcc/arm-none-eabi/11.3.1/thumb/v7e-m+fp/hard\libgcc.a
LOAD C:/ST/STM32CubeIDE_1.13.1/STM32CubeIDE/plugins/com.st.stm32cube.ide.mcu.externaltools.gnu-tools-for-stm32.11.3.rel1.win32_1.1.0.202305231506/tools/bin/../lib/gcc/arm-none-eabi/11.3.1/../../../../arm-none-eabi/lib/thumb/v7e-m+fp/hard\libc_nano.a
LOAD C:/ST/STM32CubeIDE_1.13.1/STM32CubeIDE/plugins/com.st.stm32cube.ide.mcu.externaltools.gnu-tools-for-stm32.11.3.rel1.win32_1.1.0.202305231506/tools/bin/../lib/gcc/arm-none-eabi/11.3.1/../../../../arm-none-eabi/lib/thumb/v7e-m+fp/hard\libnosys.a
END GROUP
START GROUP
LOAD C:/ST/STM32CubeIDE_1.13.1/STM32CubeIDE/plugins/com.st.stm32cube.ide.mcu.externaltools.gnu-tools-for-stm32.11.3.rel1.win32_1.1.0.202305231506/tools/bin/../lib/gcc/arm-none-eabi/11.3.1/thumb/v7e-m+fp/hard\libgcc.a
LOAD C:/ST/STM32CubeIDE_1.13.1/STM32CubeIDE/plugins/com.st.stm32cube.ide.mcu.externaltools.gnu-tools-for-stm32.11.3.rel1.win32_1.1.0.202305231506/tools/bin/../lib/gcc/arm-none-eabi/11.3.1/../../../../arm-none-eabi/lib/thumb/v7e-m+fp/hard\libc_nano.a
LOAD C:/ST/STM32CubeIDE_1.13.1/STM32CubeIDE/plugins/com.st.stm32cube.ide.mcu.externaltools.gnu-tools-for-stm32.11.3.rel1.win32_1.1.0.202305231506/tools/bin/../lib/gcc/arm-none-eabi/11.3.1/../../../../arm-none-eabi/lib/thumb/v7e-m+fp/hard\libnosys.a
END GROUP
LOAD C:/ST/STM32CubeIDE_1.13.1/STM32CubeIDE/plugins/com.st.stm32cube.ide.mcu.externaltools.gnu-tools-for-stm32.11.3.rel1.win32_1.1.0.202305231506/tools/bin/../lib/gcc/arm-none-eabi/11.3.1/thumb/v7e-m+fp/hard/crtend.o
LOAD C:/ST/STM32CubeIDE_1.13.1/STM32CubeIDE/plugins/com.st.stm32cube.ide.mcu.externaltools.gnu-tools-for-stm32.11.3.rel1.win32_1.1.0.202305231506/tools/bin/../lib/gcc/arm-none-eabi/11.3.1/thumb/v7e-m+fp/hard/crtn.o
                0x00000000200a0000                _estack = (ORIGIN (RAM) + LENGTH (RAM))
                0x0000000000000200                _Min_Heap_Size = 0x200
                0x0000000000000400                _Min_Stack_Size = 0x400

.isr_vector     0x0000000008000000      0x1bc
                0x0000000008000000                . = ALIGN (0x4)
 *(.isr_vector)
 .isr_vector    0x0000000008000000      0x1bc ./Core/Startup/startup_stm32l4s5vitx.o
                0x0000000008000000                g_pfnVectors
                0x00000000080001bc                . = ALIGN (0x4)

.text           0x00000000080001bc     0x60c0
                0x00000000080001bc                . = ALIGN (0x4)
 *(.text)
 .text          0x00000000080001bc       0x40 C:/ST/STM32CubeIDE_1.13.1/STM32CubeIDE/plugins/com.st.stm32cube.ide.mcu.externaltools.gnu-tools-for-stm32.11.3.rel1.win32_1.1.0.202305231506/tools/bin/../lib/gcc/arm-none-eabi/11.3.1/thumb/v7e-m+fp/hard/crtbegin.o
 .text          0x00000000080001fc       0x30 C:/ST/STM32CubeIDE_1.13.1/STM32CubeIDE/plugins/com.st.stm32cube.ide.mcu.externaltools.gnu-tools-for-stm32.11.3.rel1.win32_1.1.0.202305231506/tools/bin/../lib/gcc/arm-none-eabi/11.3.1/thumb/v7e-m+fp/hard\libgcc.a(_aeabi_uldivmod.o)
                0x00000000080001fc                __aeabi_uldivmod
 .text          0x000000000800022c      0x2c8 C:/ST/STM32CubeIDE_1.13.1/STM32CubeIDE/plugins/com.st.stm32cube.ide.mcu.externaltools.gnu-tools-for-stm32.11.3.rel1.win32_1.1.0.202305231506/tools/bin/../lib/gcc/arm-none-eabi/11.3.1/thumb/v7e-m+fp/hard\libgcc.a(_udivmoddi4.o)
                0x000000000800022c                __udivmoddi4
 .text          0x00000000080004f4        0x4 C:/ST/STM32CubeIDE_1.13.1/STM32CubeIDE/plugins/com.st.stm32cube.ide.mcu.externaltools.gnu-tools-for-stm32.11.3.rel1.win32_1.1.0.202305231506/tools/bin/../lib/gcc/arm-none-eabi/11.3.1/thumb/v7e-m+fp/hard\libgcc.a(_dvmd_tls.o)
                0x00000000080004f4                __aeabi_idiv0
                0x00000000080004f4                __aeabi_ldiv0
 *(.text*)
 .text.main     0x00000000080004f8       0x60 ./Core/Src/main.o
                0x00000000080004f8                main
 .text.SystemClock_Config
                0x0000000008000558       0xa2 ./Core/Src/main.o
                0x0000000008000558                SystemClock_Config
 *fill*         0x00000000080005fa        0x2 
 .text.MX_I2C2_Init
                0x00000000080005fc       0x80 ./Core/Src/main.o
 .text.MX_OCTOSPI1_Init
                0x000000000800067c       0x70 ./Core/Src/main.o
 .text.MX_USART1_UART_Init
                0x00000000080006ec       0x98 ./Core/Src/main.o
 .text.MX_GPIO_Init
                0x0000000008000784       0x48 ./Core/Src/main.o
 .text.Error_Handler
                0x00000000080007cc        0xa ./Core/Src/main.o
                0x00000000080007cc                Error_Handler
 *fill*         0x00000000080007d6        0x2 
 .text.I2Cx_MspInit
                0x00000000080007d8       0xb0 ./Core/Src/stm32l4s5i_iot01.o
 .text.I2Cx_Init
                0x0000000008000888       0x5c ./Core/Src/stm32l4s5i_iot01.o
 .text.I2Cx_ReadMultiple
                0x00000000080008e4       0x5a ./Core/Src/stm32l4s5i_iot01.o
 .text.I2Cx_WriteMultiple
                0x000000000800093e       0x5a ./Core/Src/stm32l4s5i_iot01.o
 .text.I2Cx_Error
                0x0000000008000998       0x20 ./Core/Src/stm32l4s5i_iot01.o
 .text.SENSOR_IO_Init
                0x00000000080009b8       0x14 ./Core/Src/stm32l4s5i_iot01.o
                0x00000000080009b8                SENSOR_IO_Init
 .text.SENSOR_IO_Write
                0x00000000080009cc       0x34 ./Core/Src/stm32l4s5i_iot01.o
                0x00000000080009cc                SENSOR_IO_Write
 .text.SENSOR_IO_Read
                0x0000000008000a00       0x3c ./Core/Src/stm32l4s5i_iot01.o
                0x0000000008000a00                SENSOR_IO_Read
 .text.SENSOR_IO_ReadMultiple
                0x0000000008000a3c       0x3c ./Core/Src/stm32l4s5i_iot01.o
                0x0000000008000a3c                SENSOR_IO_ReadMultiple
 .text.BSP_ACCELERO_Init
                0x0000000008000a78       0x7c ./Core/Src/stm32l4s5i_iot01_accelero.o
                0x0000000008000a78                BSP_ACCELERO_Init
 .text.BSP_HSENSOR_Init
                0x0000000008000af4       0x40 ./Core/Src/stm32l4s5i_iot01_hsensor.o
                0x0000000008000af4                BSP_HSENSOR_Init
 .text.BSP_MAGNETO_Init
                0x0000000008000b34       0x58 ./Core/Src/stm32l4s5i_iot01_magneto.o
                0x0000000008000b34                BSP_MAGNETO_Init
 .text.BSP_PSENSOR_Init
                0x0000000008000b8c       0x40 ./Core/Src/stm32l4s5i_iot01_psensor.o
                0x0000000008000b8c                BSP_PSENSOR_Init
 .text.BSP_QSPI_Init
                0x0000000008000bcc       0xfc ./Core/Src/stm32l4s5i_iot01_qspi.o
                0x0000000008000bcc                BSP_QSPI_Init
 .text.BSP_QSPI_Erase_Block
                0x0000000008000cc8       0x94 ./Core/Src/stm32l4s5i_iot01_qspi.o
                0x0000000008000cc8                BSP_QSPI_Erase_Block
 .text.BSP_QSPI_MspInit
                0x0000000008000d5c       0x80 ./Core/Src/stm32l4s5i_iot01_qspi.o
                0x0000000008000d5c                BSP_QSPI_MspInit
 .text.QSPI_ResetMemory
                0x0000000008000ddc       0x8e ./Core/Src/stm32l4s5i_iot01_qspi.o
 .text.QSPI_WriteEnable
                0x0000000008000e6a       0xb8 ./Core/Src/stm32l4s5i_iot01_qspi.o
 .text.QSPI_AutoPollingMemReady
                0x0000000008000f22       0x96 ./Core/Src/stm32l4s5i_iot01_qspi.o
 .text.QSPI_QuadMode
                0x0000000008000fb8      0x158 ./Core/Src/stm32l4s5i_iot01_qspi.o
 .text.QSPI_HighPerfMode
                0x0000000008001110      0x19e ./Core/Src/stm32l4s5i_iot01_qspi.o
 *fill*         0x00000000080012ae        0x2 
 .text.HAL_MspInit
                0x00000000080012b0       0x48 ./Core/Src/stm32l4xx_hal_msp.o
                0x00000000080012b0                HAL_MspInit
 .text.HAL_I2C_MspInit
                0x00000000080012f8       0xbc ./Core/Src/stm32l4xx_hal_msp.o
                0x00000000080012f8                HAL_I2C_MspInit
 .text.HAL_I2C_MspDeInit
                0x00000000080013b4       0x48 ./Core/Src/stm32l4xx_hal_msp.o
                0x00000000080013b4                HAL_I2C_MspDeInit
 .text.HAL_OSPI_MspInit
                0x00000000080013fc       0xd8 ./Core/Src/stm32l4xx_hal_msp.o
                0x00000000080013fc                HAL_OSPI_MspInit
 .text.HAL_OSPI_MspDeInit
                0x00000000080014d4       0x48 ./Core/Src/stm32l4xx_hal_msp.o
                0x00000000080014d4                HAL_OSPI_MspDeInit
 .text.HAL_UART_MspInit
                0x000000000800151c       0xbc ./Core/Src/stm32l4xx_hal_msp.o
                0x000000000800151c                HAL_UART_MspInit
 .text.NMI_Handler
                0x00000000080015d8        0x6 ./Core/Src/stm32l4xx_it.o
                0x00000000080015d8                NMI_Handler
 .text.HardFault_Handler
                0x00000000080015de        0x6 ./Core/Src/stm32l4xx_it.o
                0x00000000080015de                HardFault_Handler
 .text.MemManage_Handler
                0x00000000080015e4        0x6 ./Core/Src/stm32l4xx_it.o
                0x00000000080015e4                MemManage_Handler
 .text.BusFault_Handler
                0x00000000080015ea        0x6 ./Core/Src/stm32l4xx_it.o
                0x00000000080015ea                BusFault_Handler
 .text.UsageFault_Handler
                0x00000000080015f0        0x6 ./Core/Src/stm32l4xx_it.o
                0x00000000080015f0                UsageFault_Handler
 .text.SVC_Handler
                0x00000000080015f6        0xe ./Core/Src/stm32l4xx_it.o
                0x00000000080015f6                SVC_Handler
 .text.DebugMon_Handler
                0x0000000008001604        0xe ./Core/Src/stm32l4xx_it.o
                0x0000000008001604                DebugMon_Handler
 .text.PendSV_Handler
                0x0000000008001612        0xe ./Core/Src/stm32l4xx_it.o
                0x0000000008001612                PendSV_Handler
 .text.SysTick_Handler
                0x0000000008001620        0xc ./Core/Src/stm32l4xx_it.o
                0x0000000008001620                SysTick_Handler
 .text.SystemInit
                0x000000000800162c       0x24 ./Core/Src/system_stm32l4xx.o
                0x000000000800162c                SystemInit
 .text.Reset_Handler
                0x0000000008001650       0x50 ./Core/Startup/startup_stm32l4s5vitx.o
                0x0000000008001650                Reset_Handler
 .text.Default_Handler
                0x00000000080016a0        0x2 ./Core/Startup/startup_stm32l4s5vitx.o
                0x00000000080016a0                RTC_Alarm_IRQHandler
                0x00000000080016a0                EXTI2_IRQHandler
                0x00000000080016a0                TIM8_TRG_COM_IRQHandler
                0x00000000080016a0                TIM8_CC_IRQHandler
                0x00000000080016a0                TIM1_CC_IRQHandler
                0x00000000080016a0                TSC_IRQHandler
                0x00000000080016a0                TAMP_STAMP_IRQHandler
                0x00000000080016a0                EXTI3_IRQHandler
                0x00000000080016a0                LPTIM2_IRQHandler
                0x00000000080016a0                DFSDM1_FLT1_IRQHandler
                0x00000000080016a0                GFXMMU_IRQHandler
                0x00000000080016a0                I2C3_ER_IRQHandler
                0x00000000080016a0                DFSDM1_FLT2_IRQHandler
                0x00000000080016a0                EXTI0_IRQHandler
                0x00000000080016a0                I2C2_EV_IRQHandler
                0x00000000080016a0                CAN1_RX0_IRQHandler
                0x00000000080016a0                FPU_IRQHandler
                0x00000000080016a0                TIM1_UP_TIM16_IRQHandler
                0x00000000080016a0                LTDC_ER_IRQHandler
                0x00000000080016a0                SPI1_IRQHandler
                0x00000000080016a0                OCTOSPI1_IRQHandler
                0x00000000080016a0                TIM6_DAC_IRQHandler
                0x00000000080016a0                DCMI_IRQHandler
                0x00000000080016a0                TIM8_UP_IRQHandler
                0x00000000080016a0                OCTOSPI2_IRQHandler
                0x00000000080016a0                DMA2_Channel2_IRQHandler
                0x00000000080016a0                DMA1_Channel4_IRQHandler
                0x00000000080016a0                SAI2_IRQHandler
                0x00000000080016a0                ADC1_IRQHandler
                0x00000000080016a0                DFSDM1_FLT3_IRQHandler
                0x00000000080016a0                USART3_IRQHandler
                0x00000000080016a0                DMA1_Channel7_IRQHandler
                0x00000000080016a0                CAN1_RX1_IRQHandler
                0x00000000080016a0                UART5_IRQHandler
                0x00000000080016a0                TIM4_IRQHandler
                0x00000000080016a0                DMA2_Channel1_IRQHandler
                0x00000000080016a0                I2C1_EV_IRQHandler
                0x00000000080016a0                DMAMUX1_OVR_IRQHandler
                0x00000000080016a0                DMA1_Channel6_IRQHandler
                0x00000000080016a0                UART4_IRQHandler
                0x00000000080016a0                DMA2_Channel4_IRQHandler
                0x00000000080016a0                TIM3_IRQHandler
                0x00000000080016a0                RCC_IRQHandler
                0x00000000080016a0                DMA1_Channel1_IRQHandler
                0x00000000080016a0                Default_Handler
                0x00000000080016a0                DMA2_Channel7_IRQHandler
                0x00000000080016a0                EXTI15_10_IRQHandler
                0x00000000080016a0                TIM7_IRQHandler
                0x00000000080016a0                SDMMC1_IRQHandler
                0x00000000080016a0                TIM5_IRQHandler
                0x00000000080016a0                I2C3_EV_IRQHandler
                0x00000000080016a0                EXTI9_5_IRQHandler
                0x00000000080016a0                RTC_WKUP_IRQHandler
                0x00000000080016a0                LTDC_IRQHandler
                0x00000000080016a0                PVD_PVM_IRQHandler
                0x00000000080016a0                SPI2_IRQHandler
                0x00000000080016a0                CAN1_TX_IRQHandler
                0x00000000080016a0                DMA2_Channel5_IRQHandler
                0x00000000080016a0                DMA1_Channel5_IRQHandler
                0x00000000080016a0                EXTI4_IRQHandler
                0x00000000080016a0                RNG_IRQHandler
                0x00000000080016a0                TIM1_TRG_COM_TIM17_IRQHandler
                0x00000000080016a0                DMA1_Channel3_IRQHandler
                0x00000000080016a0                COMP_IRQHandler
                0x00000000080016a0                HASH_CRS_IRQHandler
                0x00000000080016a0                WWDG_IRQHandler
                0x00000000080016a0                I2C4_EV_IRQHandler
                0x00000000080016a0                LPUART1_IRQHandler
                0x00000000080016a0                DMA2_Channel6_IRQHandler
                0x00000000080016a0                TIM2_IRQHandler
                0x00000000080016a0                DMA2D_IRQHandler
                0x00000000080016a0                EXTI1_IRQHandler
                0x00000000080016a0                AES_IRQHandler
                0x00000000080016a0                USART2_IRQHandler
                0x00000000080016a0                DFSDM1_FLT0_IRQHandler
                0x00000000080016a0                I2C2_ER_IRQHandler
                0x00000000080016a0                DMA1_Channel2_IRQHandler
                0x00000000080016a0                TIM8_BRK_IRQHandler
                0x00000000080016a0                CAN1_SCE_IRQHandler
                0x00000000080016a0                FLASH_IRQHandler
                0x00000000080016a0                USART1_IRQHandler
                0x00000000080016a0                OTG_FS_IRQHandler
                0x00000000080016a0                SPI3_IRQHandler
                0x00000000080016a0                I2C1_ER_IRQHandler
                0x00000000080016a0                FMC_IRQHandler
                0x00000000080016a0                LPTIM1_IRQHandler
                0x00000000080016a0                I2C4_ER_IRQHandler
                0x00000000080016a0                SAI1_IRQHandler
                0x00000000080016a0                DMA2_Channel3_IRQHandler
                0x00000000080016a0                TIM1_BRK_TIM15_IRQHandler
 .text.HTS221_H_Init
                0x00000000080016a2       0x58 ./Drivers/Components/hts221/hts221.o
                0x00000000080016a2                HTS221_H_Init
 .text.HTS221_H_ReadID
                0x00000000080016fa       0x2c ./Drivers/Components/hts221/hts221.o
                0x00000000080016fa                HTS221_H_ReadID
 *fill*         0x0000000008001726        0x2 
 .text.HTS221_H_ReadHumidity
                0x0000000008001728      0x138 ./Drivers/Components/hts221/hts221.o
                0x0000000008001728                HTS221_H_ReadHumidity
 .text.LIS3MDL_MagInit
                0x0000000008001860       0x50 ./Drivers/Components/lis3mdl/lis3mdl.o
                0x0000000008001860                LIS3MDL_MagInit
 .text.LIS3MDL_MagDeInit
                0x00000000080018b0       0x3a ./Drivers/Components/lis3mdl/lis3mdl.o
                0x00000000080018b0                LIS3MDL_MagDeInit
 .text.LIS3MDL_MagReadID
                0x00000000080018ea       0x16 ./Drivers/Components/lis3mdl/lis3mdl.o
                0x00000000080018ea                LIS3MDL_MagReadID
 .text.LIS3MDL_MagLowPower
                0x0000000008001900       0x44 ./Drivers/Components/lis3mdl/lis3mdl.o
                0x0000000008001900                LIS3MDL_MagLowPower
 .text.LIS3MDL_MagReadXYZ
                0x0000000008001944      0x10c ./Drivers/Components/lis3mdl/lis3mdl.o
                0x0000000008001944                LIS3MDL_MagReadXYZ
 .text.LPS22HB_P_Init
                0x0000000008001a50       0x1a ./Drivers/Components/lps22hb/lps22hb.o
                0x0000000008001a50                LPS22HB_P_Init
 .text.LPS22HB_P_ReadID
                0x0000000008001a6a       0x2c ./Drivers/Components/lps22hb/lps22hb.o
                0x0000000008001a6a                LPS22HB_P_ReadID
 *fill*         0x0000000008001a96        0x2 
 .text.LPS22HB_P_ReadPressure
                0x0000000008001a98       0xbc ./Drivers/Components/lps22hb/lps22hb.o
                0x0000000008001a98                LPS22HB_P_ReadPressure
 .text.LPS22HB_Init
                0x0000000008001b54       0x7e ./Drivers/Components/lps22hb/lps22hb.o
 .text.LSM6DSL_AccInit
                0x0000000008001bd2       0x72 ./Drivers/Components/lsm6dsl/lsm6dsl.o
                0x0000000008001bd2                LSM6DSL_AccInit
 .text.LSM6DSL_AccDeInit
                0x0000000008001c44       0x32 ./Drivers/Components/lsm6dsl/lsm6dsl.o
                0x0000000008001c44                LSM6DSL_AccDeInit
 .text.LSM6DSL_AccReadID
                0x0000000008001c76       0x16 ./Drivers/Components/lsm6dsl/lsm6dsl.o
                0x0000000008001c76                LSM6DSL_AccReadID
 .text.LSM6DSL_AccLowPower
                0x0000000008001c8c       0x44 ./Drivers/Components/lsm6dsl/lsm6dsl.o
                0x0000000008001c8c                LSM6DSL_AccLowPower
 .text.LSM6DSL_AccReadXYZ
                0x0000000008001cd0      0x130 ./Drivers/Components/lsm6dsl/lsm6dsl.o
                0x0000000008001cd0                LSM6DSL_AccReadXYZ
 .text.HAL_Init
                0x0000000008001e00       0x30 ./Drivers/STM32L4xx_HAL_Driver/Src/stm32l4xx_hal.o
                0x0000000008001e00                HAL_Init
 .text.HAL_InitTick
                0x0000000008001e30       0x78 ./Drivers/STM32L4xx_HAL_Driver/Src/stm32l4xx_hal.o
                0x0000000008001e30                HAL_InitTick
 .text.HAL_IncTick
                0x0000000008001ea8       0x28 ./Drivers/STM32L4xx_HAL_Driver/Src/stm32l4xx_hal.o
                0x0000000008001ea8                HAL_IncTick
 .text.HAL_GetTick
                0x0000000008001ed0       0x18 ./Drivers/STM32L4xx_HAL_Driver/Src/stm32l4xx_hal.o
                0x0000000008001ed0                HAL_GetTick
 .text.__NVIC_SetPriorityGrouping
                0x0000000008001ee8       0x48 ./Drivers/STM32L4xx_HAL_Driver/Src/stm32l4xx_hal_cortex.o
 .text.__NVIC_GetPriorityGrouping
                0x0000000008001f30       0x1c ./Drivers/STM32L4xx_HAL_Driver/Src/stm32l4xx_hal_cortex.o
 .text.__NVIC_EnableIRQ
                0x0000000008001f4c       0x3c ./Drivers/STM32L4xx_HAL_Driver/Src/stm32l4xx_hal_cortex.o
 .text.__NVIC_SetPriority
                0x0000000008001f88       0x54 ./Drivers/STM32L4xx_HAL_Driver/Src/stm32l4xx_hal_cortex.o
 .text.NVIC_EncodePriority
                0x0000000008001fdc       0x66 ./Drivers/STM32L4xx_HAL_Driver/Src/stm32l4xx_hal_cortex.o
 *fill*         0x0000000008002042        0x2 
 .text.SysTick_Config
                0x0000000008002044       0x44 ./Drivers/STM32L4xx_HAL_Driver/Src/stm32l4xx_hal_cortex.o
 .text.HAL_NVIC_SetPriorityGrouping
                0x0000000008002088       0x16 ./Drivers/STM32L4xx_HAL_Driver/Src/stm32l4xx_hal_cortex.o
                0x0000000008002088                HAL_NVIC_SetPriorityGrouping
 .text.HAL_NVIC_SetPriority
                0x000000000800209e       0x38 ./Drivers/STM32L4xx_HAL_Driver/Src/stm32l4xx_hal_cortex.o
                0x000000000800209e                HAL_NVIC_SetPriority
 .text.HAL_NVIC_EnableIRQ
                0x00000000080020d6       0x1c ./Drivers/STM32L4xx_HAL_Driver/Src/stm32l4xx_hal_cortex.o
                0x00000000080020d6                HAL_NVIC_EnableIRQ
 .text.HAL_SYSTICK_Config
                0x00000000080020f2       0x18 ./Drivers/STM32L4xx_HAL_Driver/Src/stm32l4xx_hal_cortex.o
                0x00000000080020f2                HAL_SYSTICK_Config
 *fill*         0x000000000800210a        0x2 
 .text.HAL_GPIO_Init
                0x000000000800210c      0x324 ./Drivers/STM32L4xx_HAL_Driver/Src/stm32l4xx_hal_gpio.o
                0x000000000800210c                HAL_GPIO_Init
 .text.HAL_GPIO_DeInit
                0x0000000008002430      0x1e4 ./Drivers/STM32L4xx_HAL_Driver/Src/stm32l4xx_hal_gpio.o
                0x0000000008002430                HAL_GPIO_DeInit
 .text.HAL_I2C_Init
                0x0000000008002614      0x136 ./Drivers/STM32L4xx_HAL_Driver/Src/stm32l4xx_hal_i2c.o
                0x0000000008002614                HAL_I2C_Init
 .text.HAL_I2C_DeInit
                0x000000000800274a       0x5e ./Drivers/STM32L4xx_HAL_Driver/Src/stm32l4xx_hal_i2c.o
                0x000000000800274a                HAL_I2C_DeInit
 .text.HAL_I2C_Mem_Write
                0x00000000080027a8      0x228 ./Drivers/STM32L4xx_HAL_Driver/Src/stm32l4xx_hal_i2c.o
                0x00000000080027a8                HAL_I2C_Mem_Write
 .text.HAL_I2C_Mem_Read
                0x00000000080029d0      0x234 ./Drivers/STM32L4xx_HAL_Driver/Src/stm32l4xx_hal_i2c.o
                0x00000000080029d0                HAL_I2C_Mem_Read
 .text.I2C_RequestMemoryWrite
                0x0000000008002c04       0xa8 ./Drivers/STM32L4xx_HAL_Driver/Src/stm32l4xx_hal_i2c.o
 .text.I2C_RequestMemoryRead
                0x0000000008002cac       0xa8 ./Drivers/STM32L4xx_HAL_Driver/Src/stm32l4xx_hal_i2c.o
 .text.I2C_Flush_TXDR
                0x0000000008002d54       0x48 ./Drivers/STM32L4xx_HAL_Driver/Src/stm32l4xx_hal_i2c.o
 .text.I2C_WaitOnFlagUntilTimeout
                0x0000000008002d9c       0x9e ./Drivers/STM32L4xx_HAL_Driver/Src/stm32l4xx_hal_i2c.o
 .text.I2C_WaitOnTXISFlagUntilTimeout
                0x0000000008002e3a       0x8e ./Drivers/STM32L4xx_HAL_Driver/Src/stm32l4xx_hal_i2c.o
 .text.I2C_WaitOnSTOPFlagUntilTimeout
                0x0000000008002ec8       0x86 ./Drivers/STM32L4xx_HAL_Driver/Src/stm32l4xx_hal_i2c.o
 *fill*         0x0000000008002f4e        0x2 
 .text.I2C_IsErrorOccurred
                0x0000000008002f50      0x1c0 ./Drivers/STM32L4xx_HAL_Driver/Src/stm32l4xx_hal_i2c.o
 .text.I2C_TransferConfig
                0x0000000008003110       0x64 ./Drivers/STM32L4xx_HAL_Driver/Src/stm32l4xx_hal_i2c.o
 .text.HAL_I2CEx_ConfigAnalogFilter
                0x0000000008003174       0x96 ./Drivers/STM32L4xx_HAL_Driver/Src/stm32l4xx_hal_i2c_ex.o
                0x0000000008003174                HAL_I2CEx_ConfigAnalogFilter
 .text.HAL_I2CEx_ConfigDigitalFilter
                0x000000000800320a       0x98 ./Drivers/STM32L4xx_HAL_Driver/Src/stm32l4xx_hal_i2c_ex.o
                0x000000000800320a                HAL_I2CEx_ConfigDigitalFilter
 *fill*         0x00000000080032a2        0x2 
 .text.HAL_OSPI_Init
                0x00000000080032a4      0x154 ./Drivers/STM32L4xx_HAL_Driver/Src/stm32l4xx_hal_ospi.o
                0x00000000080032a4                HAL_OSPI_Init
 .text.HAL_OSPI_DeInit
                0x00000000080033f8       0x4e ./Drivers/STM32L4xx_HAL_Driver/Src/stm32l4xx_hal_ospi.o
                0x00000000080033f8                HAL_OSPI_DeInit
 .text.HAL_OSPI_Command
                0x0000000008003446      0x102 ./Drivers/STM32L4xx_HAL_Driver/Src/stm32l4xx_hal_ospi.o
                0x0000000008003446                HAL_OSPI_Command
 .text.HAL_OSPI_Transmit
                0x0000000008003548       0xe6 ./Drivers/STM32L4xx_HAL_Driver/Src/stm32l4xx_hal_ospi.o
                0x0000000008003548                HAL_OSPI_Transmit
 .text.HAL_OSPI_Receive
                0x000000000800362e      0x146 ./Drivers/STM32L4xx_HAL_Driver/Src/stm32l4xx_hal_ospi.o
                0x000000000800362e                HAL_OSPI_Receive
 .text.HAL_OSPI_AutoPolling
                0x0000000008003774      0x10e ./Drivers/STM32L4xx_HAL_Driver/Src/stm32l4xx_hal_ospi.o
                0x0000000008003774                HAL_OSPI_AutoPolling
 .text.HAL_OSPI_SetTimeout
                0x0000000008003882       0x1e ./Drivers/STM32L4xx_HAL_Driver/Src/stm32l4xx_hal_ospi.o
                0x0000000008003882                HAL_OSPI_SetTimeout
 .text.OSPI_WaitFlagStateUntilTimeout
                0x00000000080038a0       0x6e ./Drivers/STM32L4xx_HAL_Driver/Src/stm32l4xx_hal_ospi.o
 *fill*         0x000000000800390e        0x2 
 .text.OSPI_ConfigCmd
                0x0000000008003910      0x2c4 ./Drivers/STM32L4xx_HAL_Driver/Src/stm32l4xx_hal_ospi.o
 .text.HAL_PWREx_GetVoltageRange
                0x0000000008003bd4       0x40 ./Drivers/STM32L4xx_HAL_Driver/Src/stm32l4xx_hal_pwr_ex.o
                0x0000000008003bd4                HAL_PWREx_GetVoltageRange
 .text.HAL_PWREx_ControlVoltageScaling
                0x0000000008003c14      0x148 ./Drivers/STM32L4xx_HAL_Driver/Src/stm32l4xx_hal_pwr_ex.o
                0x0000000008003c14                HAL_PWREx_ControlVoltageScaling
 .text.HAL_RCC_OscConfig
                0x0000000008003d5c      0x834 ./Drivers/STM32L4xx_HAL_Driver/Src/stm32l4xx_hal_rcc.o
                0x0000000008003d5c                HAL_RCC_OscConfig
 .text.HAL_RCC_ClockConfig
                0x0000000008004590      0x274 ./Drivers/STM32L4xx_HAL_Driver/Src/stm32l4xx_hal_rcc.o
                0x0000000008004590                HAL_RCC_ClockConfig
 .text.HAL_RCC_GetSysClockFreq
                0x0000000008004804      0x118 ./Drivers/STM32L4xx_HAL_Driver/Src/stm32l4xx_hal_rcc.o
                0x0000000008004804                HAL_RCC_GetSysClockFreq
 .text.HAL_RCC_GetHCLKFreq
                0x000000000800491c       0x18 ./Drivers/STM32L4xx_HAL_Driver/Src/stm32l4xx_hal_rcc.o
                0x000000000800491c                HAL_RCC_GetHCLKFreq
 .text.HAL_RCC_GetPCLK1Freq
                0x0000000008004934       0x2c ./Drivers/STM32L4xx_HAL_Driver/Src/stm32l4xx_hal_rcc.o
                0x0000000008004934                HAL_RCC_GetPCLK1Freq
 .text.HAL_RCC_GetPCLK2Freq
                0x0000000008004960       0x2c ./Drivers/STM32L4xx_HAL_Driver/Src/stm32l4xx_hal_rcc.o
                0x0000000008004960                HAL_RCC_GetPCLK2Freq
 .text.RCC_SetFlashLatencyFromMSIRange
                0x000000000800498c       0xb4 ./Drivers/STM32L4xx_HAL_Driver/Src/stm32l4xx_hal_rcc.o
 .text.RCC_GetSysClockFreqFromPLLSource
                0x0000000008004a40       0xcc ./Drivers/STM32L4xx_HAL_Driver/Src/stm32l4xx_hal_rcc.o
 .text.HAL_RCCEx_PeriphCLKConfig
                0x0000000008004b0c      0x660 ./Drivers/STM32L4xx_HAL_Driver/Src/stm32l4xx_hal_rcc_ex.o
                0x0000000008004b0c                HAL_RCCEx_PeriphCLKConfig
 .text.RCCEx_PLLSAI1_Config
                0x000000000800516c      0x1e8 ./Drivers/STM32L4xx_HAL_Driver/Src/stm32l4xx_hal_rcc_ex.o
 .text.RCCEx_PLLSAI2_Config
                0x0000000008005354      0x1e8 ./Drivers/STM32L4xx_HAL_Driver/Src/stm32l4xx_hal_rcc_ex.o
 .text.HAL_UART_Init
                0x000000000800553c       0xa0 ./Drivers/STM32L4xx_HAL_Driver/Src/stm32l4xx_hal_uart.o
                0x000000000800553c                HAL_UART_Init
 .text.UART_SetConfig
                0x00000000080055dc      0x5f8 ./Drivers/STM32L4xx_HAL_Driver/Src/stm32l4xx_hal_uart.o
                0x00000000080055dc                UART_SetConfig
 .text.UART_AdvFeatureConfig
                0x0000000008005bd4      0x144 ./Drivers/STM32L4xx_HAL_Driver/Src/stm32l4xx_hal_uart.o
                0x0000000008005bd4                UART_AdvFeatureConfig
 .text.UART_CheckIdleState
                0x0000000008005d18      0x154 ./Drivers/STM32L4xx_HAL_Driver/Src/stm32l4xx_hal_uart.o
                0x0000000008005d18                UART_CheckIdleState
 .text.UART_WaitOnFlagUntilTimeout
                0x0000000008005e6c       0xce ./Drivers/STM32L4xx_HAL_Driver/Src/stm32l4xx_hal_uart.o
                0x0000000008005e6c                UART_WaitOnFlagUntilTimeout
 .text.UART_EndRxTransfer
                0x0000000008005f3a       0xcc ./Drivers/STM32L4xx_HAL_Driver/Src/stm32l4xx_hal_uart.o
 .text.HAL_UARTEx_DisableFifoMode
                0x0000000008006006       0x72 ./Drivers/STM32L4xx_HAL_Driver/Src/stm32l4xx_hal_uart_ex.o
                0x0000000008006006                HAL_UARTEx_DisableFifoMode
 .text.HAL_UARTEx_SetTxFifoThreshold
                0x0000000008006078       0x7c ./Drivers/STM32L4xx_HAL_Driver/Src/stm32l4xx_hal_uart_ex.o
                0x0000000008006078                HAL_UARTEx_SetTxFifoThreshold
 .text.HAL_UARTEx_SetRxFifoThreshold
                0x00000000080060f4       0x7c ./Drivers/STM32L4xx_HAL_Driver/Src/stm32l4xx_hal_uart_ex.o
                0x00000000080060f4                HAL_UARTEx_SetRxFifoThreshold
 .text.UARTEx_SetNbDataToProcess
                0x0000000008006170       0x9c ./Drivers/STM32L4xx_HAL_Driver/Src/stm32l4xx_hal_uart_ex.o
 .text.memset   0x000000000800620c       0x10 C:/ST/STM32CubeIDE_1.13.1/STM32CubeIDE/plugins/com.st.stm32cube.ide.mcu.externaltools.gnu-tools-for-stm32.11.3.rel1.win32_1.1.0.202305231506/tools/bin/../lib/gcc/arm-none-eabi/11.3.1/../../../../arm-none-eabi/lib/thumb/v7e-m+fp/hard\libc_nano.a(libc_a-memset.o)
                0x000000000800620c                memset
 .text.__libc_init_array
                0x000000000800621c       0x48 C:/ST/STM32CubeIDE_1.13.1/STM32CubeIDE/plugins/com.st.stm32cube.ide.mcu.externaltools.gnu-tools-for-stm32.11.3.rel1.win32_1.1.0.202305231506/tools/bin/../lib/gcc/arm-none-eabi/11.3.1/../../../../arm-none-eabi/lib/thumb/v7e-m+fp/hard\libc_nano.a(libc_a-init.o)
                0x000000000800621c                __libc_init_array
 *(.glue_7)
 .glue_7        0x0000000008006264        0x0 linker stubs
 *(.glue_7t)
 .glue_7t       0x0000000008006264        0x0 linker stubs
 *(.eh_frame)
 .eh_frame      0x0000000008006264        0x0 C:/ST/STM32CubeIDE_1.13.1/STM32CubeIDE/plugins/com.st.stm32cube.ide.mcu.externaltools.gnu-tools-for-stm32.11.3.rel1.win32_1.1.0.202305231506/tools/bin/../lib/gcc/arm-none-eabi/11.3.1/thumb/v7e-m+fp/hard/crtbegin.o
 *(.init)
 .init          0x0000000008006264        0x4 C:/ST/STM32CubeIDE_1.13.1/STM32CubeIDE/plugins/com.st.stm32cube.ide.mcu.externaltools.gnu-tools-for-stm32.11.3.rel1.win32_1.1.0.202305231506/tools/bin/../lib/gcc/arm-none-eabi/11.3.1/thumb/v7e-m+fp/hard/crti.o
                0x0000000008006264                _init
 .init          0x0000000008006268        0x8 C:/ST/STM32CubeIDE_1.13.1/STM32CubeIDE/plugins/com.st.stm32cube.ide.mcu.externaltools.gnu-tools-for-stm32.11.3.rel1.win32_1.1.0.202305231506/tools/bin/../lib/gcc/arm-none-eabi/11.3.1/thumb/v7e-m+fp/hard/crtn.o
 *(.fini)
 .fini          0x0000000008006270        0x4 C:/ST/STM32CubeIDE_1.13.1/STM32CubeIDE/plugins/com.st.stm32cube.ide.mcu.externaltools.gnu-tools-for-stm32.11.3.rel1.win32_1.1.0.202305231506/tools/bin/../lib/gcc/arm-none-eabi/11.3.1/thumb/v7e-m+fp/hard/crti.o
                0x0000000008006270                _fini
 .fini          0x0000000008006274        0x8 C:/ST/STM32CubeIDE_1.13.1/STM32CubeIDE/plugins/com.st.stm32cube.ide.mcu.externaltools.gnu-tools-for-stm32.11.3.rel1.win32_1.1.0.202305231506/tools/bin/../lib/gcc/arm-none-eabi/11.3.1/thumb/v7e-m+fp/hard/crtn.o
                0x000000000800627c                . = ALIGN (0x4)
                0x000000000800627c                _etext = .

.vfp11_veneer   0x000000000800627c        0x0
 .vfp11_veneer  0x000000000800627c        0x0 linker stubs

.v4_bx          0x000000000800627c        0x0
 .v4_bx         0x000000000800627c        0x0 linker stubs

.iplt           0x000000000800627c        0x0
 .iplt          0x000000000800627c        0x0 C:/ST/STM32CubeIDE_1.13.1/STM32CubeIDE/plugins/com.st.stm32cube.ide.mcu.externaltools.gnu-tools-for-stm32.11.3.rel1.win32_1.1.0.202305231506/tools/bin/../lib/gcc/arm-none-eabi/11.3.1/thumb/v7e-m+fp/hard/crtbegin.o

.rodata         0x000000000800627c       0x70
                0x000000000800627c                . = ALIGN (0x4)
 *(.rodata)
 *(.rodata*)
 .rodata.AHBPrescTable
                0x000000000800627c       0x10 ./Core/Src/system_stm32l4xx.o
                0x000000000800627c                AHBPrescTable
 .rodata.APBPrescTable
                0x000000000800628c        0x8 ./Core/Src/system_stm32l4xx.o
                0x000000000800628c                APBPrescTable
 .rodata.MSIRangeTable
                0x0000000008006294       0x30 ./Core/Src/system_stm32l4xx.o
                0x0000000008006294                MSIRangeTable
 .rodata.UARTPrescTable
                0x00000000080062c4       0x18 ./Drivers/STM32L4xx_HAL_Driver/Src/stm32l4xx_hal_uart.o
                0x00000000080062c4                UARTPrescTable
 .rodata.numerator.1
                0x00000000080062dc        0x8 ./Drivers/STM32L4xx_HAL_Driver/Src/stm32l4xx_hal_uart_ex.o
 .rodata.denominator.0
                0x00000000080062e4        0x8 ./Drivers/STM32L4xx_HAL_Driver/Src/stm32l4xx_hal_uart_ex.o
                0x00000000080062ec                . = ALIGN (0x4)

.ARM.extab      0x00000000080062ec        0x0
                0x00000000080062ec                . = ALIGN (0x4)
 *(.ARM.extab* .gnu.linkonce.armextab.*)
                0x00000000080062ec                . = ALIGN (0x4)

.ARM            0x00000000080062ec        0x8
                0x00000000080062ec                . = ALIGN (0x4)
                0x00000000080062ec                __exidx_start = .
 *(.ARM.exidx*)
 .ARM.exidx     0x00000000080062ec        0x8 C:/ST/STM32CubeIDE_1.13.1/STM32CubeIDE/plugins/com.st.stm32cube.ide.mcu.externaltools.gnu-tools-for-stm32.11.3.rel1.win32_1.1.0.202305231506/tools/bin/../lib/gcc/arm-none-eabi/11.3.1/thumb/v7e-m+fp/hard\libgcc.a(_udivmoddi4.o)
                0x00000000080062f4                __exidx_end = .
                0x00000000080062f4                . = ALIGN (0x4)

.rel.dyn        0x00000000080062f4        0x0
 .rel.iplt      0x00000000080062f4        0x0 C:/ST/STM32CubeIDE_1.13.1/STM32CubeIDE/plugins/com.st.stm32cube.ide.mcu.externaltools.gnu-tools-for-stm32.11.3.rel1.win32_1.1.0.202305231506/tools/bin/../lib/gcc/arm-none-eabi/11.3.1/thumb/v7e-m+fp/hard/crtbegin.o

.preinit_array  0x00000000080062f4        0x0
                0x00000000080062f4                . = ALIGN (0x4)
                0x00000000080062f4                PROVIDE (__preinit_array_start = .)
 *(.preinit_array*)
                0x00000000080062f4                PROVIDE (__preinit_array_end = .)
                0x00000000080062f4                . = ALIGN (0x4)

.init_array     0x00000000080062f4        0x4
                0x00000000080062f4                . = ALIGN (0x4)
                0x00000000080062f4                PROVIDE (__init_array_start = .)
 *(SORT_BY_NAME(.init_array.*))
 *(.init_array*)
 .init_array    0x00000000080062f4        0x4 C:/ST/STM32CubeIDE_1.13.1/STM32CubeIDE/plugins/com.st.stm32cube.ide.mcu.externaltools.gnu-tools-for-stm32.11.3.rel1.win32_1.1.0.202305231506/tools/bin/../lib/gcc/arm-none-eabi/11.3.1/thumb/v7e-m+fp/hard/crtbegin.o
                0x00000000080062f8                PROVIDE (__init_array_end = .)
                0x00000000080062f8                . = ALIGN (0x4)

.fini_array     0x00000000080062f8        0x4
                0x00000000080062f8                . = ALIGN (0x4)
                [!provide]                        PROVIDE (__fini_array_start = .)
 *(SORT_BY_NAME(.fini_array.*))
 *(.fini_array*)
 .fini_array    0x00000000080062f8        0x4 C:/ST/STM32CubeIDE_1.13.1/STM32CubeIDE/plugins/com.st.stm32cube.ide.mcu.externaltools.gnu-tools-for-stm32.11.3.rel1.win32_1.1.0.202305231506/tools/bin/../lib/gcc/arm-none-eabi/11.3.1/thumb/v7e-m+fp/hard/crtbegin.o
                [!provide]                        PROVIDE (__fini_array_end = .)
                0x00000000080062fc                . = ALIGN (0x4)
                0x00000000080062fc                _sidata = LOADADDR (.data)

.data           0x0000000020000000       0x8c load address 0x00000000080062fc
                0x0000000020000000                . = ALIGN (0x4)
                0x0000000020000000                _sdata = .
 *(.data)
 *(.data*)
 .data.SystemCoreClock
                0x0000000020000000        0x4 ./Core/Src/system_stm32l4xx.o
                0x0000000020000000                SystemCoreClock
 .data.HTS221_H_Drv
                0x0000000020000004        0xc ./Drivers/Components/hts221/hts221.o
                0x0000000020000004                HTS221_H_Drv
 .data.Lis3mdlMagDrv
                0x0000000020000010       0x34 ./Drivers/Components/lis3mdl/lis3mdl.o
                0x0000000020000010                Lis3mdlMagDrv
 .data.LPS22HB_P_Drv
                0x0000000020000044        0xc ./Drivers/Components/lps22hb/lps22hb.o
                0x0000000020000044                LPS22HB_P_Drv
 .data.Lsm6dslAccDrv
                0x0000000020000050       0x34 ./Drivers/Components/lsm6dsl/lsm6dsl.o
                0x0000000020000050                Lsm6dslAccDrv
 .data.uwTickPrio
                0x0000000020000084        0x4 ./Drivers/STM32L4xx_HAL_Driver/Src/stm32l4xx_hal.o
                0x0000000020000084                uwTickPrio
 .data.uwTickFreq
                0x0000000020000088        0x1 ./Drivers/STM32L4xx_HAL_Driver/Src/stm32l4xx_hal.o
                0x0000000020000088                uwTickFreq
 *(.RamFunc)
 *(.RamFunc*)
                0x000000002000008c                . = ALIGN (0x4)
 *fill*         0x0000000020000089        0x3 
                0x000000002000008c                _edata = .

.igot.plt       0x000000002000008c        0x0 load address 0x0000000008006388
 .igot.plt      0x000000002000008c        0x0 C:/ST/STM32CubeIDE_1.13.1/STM32CubeIDE/plugins/com.st.stm32cube.ide.mcu.externaltools.gnu-tools-for-stm32.11.3.rel1.win32_1.1.0.202305231506/tools/bin/../lib/gcc/arm-none-eabi/11.3.1/thumb/v7e-m+fp/hard/crtbegin.o
                0x000000002000008c                . = ALIGN (0x4)

.bss            0x000000002000008c      0x20c load address 0x0000000008006388
                0x000000002000008c                _sbss = .
                0x000000002000008c                __bss_start__ = _sbss
 *(.bss)
 .bss           0x000000002000008c       0x1c C:/ST/STM32CubeIDE_1.13.1/STM32CubeIDE/plugins/com.st.stm32cube.ide.mcu.externaltools.gnu-tools-for-stm32.11.3.rel1.win32_1.1.0.202305231506/tools/bin/../lib/gcc/arm-none-eabi/11.3.1/thumb/v7e-m+fp/hard/crtbegin.o
 *(.bss*)
 .bss.hi2c2     0x00000000200000a8       0x54 ./Core/Src/main.o
                0x00000000200000a8                hi2c2
 .bss.hospi1    0x00000000200000fc       0x50 ./Core/Src/main.o
                0x00000000200000fc                hospi1
 .bss.huart1    0x000000002000014c       0x94 ./Core/Src/main.o
                0x000000002000014c                huart1
 .bss.hI2cHandler
                0x00000000200001e0       0x54 ./Core/Src/stm32l4s5i_iot01.o
                0x00000000200001e0                hI2cHandler
 .bss.AccelerometerDrv
                0x0000000020000234        0x4 ./Core/Src/stm32l4s5i_iot01_accelero.o
 .bss.Hsensor_drv
                0x0000000020000238        0x4 ./Core/Src/stm32l4s5i_iot01_hsensor.o
 .bss.MagnetoDrv
                0x000000002000023c        0x4 ./Core/Src/stm32l4s5i_iot01_magneto.o
 .bss.Psensor_drv
                0x0000000020000240        0x4 ./Core/Src/stm32l4s5i_iot01_psensor.o
 .bss.OSPIHandle
                0x0000000020000244       0x50 ./Core/Src/stm32l4s5i_iot01_qspi.o
                0x0000000020000244                OSPIHandle
 .bss.uwTick    0x0000000020000294        0x4 ./Drivers/STM32L4xx_HAL_Driver/Src/stm32l4xx_hal.o
                0x0000000020000294                uwTick
 *(COMMON)
                0x0000000020000298                . = ALIGN (0x4)
                0x0000000020000298                _ebss = .
                0x0000000020000298                __bss_end__ = _ebss

._user_heap_stack
                0x0000000020000298      0x600 load address 0x0000000008006388
                0x0000000020000298                . = ALIGN (0x8)
                [!provide]                        PROVIDE (end = .)
                0x0000000020000298                PROVIDE (_end = .)
                0x0000000020000498                . = (. + _Min_Heap_Size)
 *fill*         0x0000000020000298      0x200 
                0x0000000020000898                . = (. + _Min_Stack_Size)
 *fill*         0x0000000020000498      0x400 
                0x0000000020000898                . = ALIGN (0x8)

/DISCARD/
 libc.a(*)
 libm.a(*)
 libgcc.a(*)

.ARM.attributes
                0x0000000000000000       0x30
 *(.ARM.attributes)
 .ARM.attributes
                0x0000000000000000       0x1e C:/ST/STM32CubeIDE_1.13.1/STM32CubeIDE/plugins/com.st.stm32cube.ide.mcu.externaltools.gnu-tools-for-stm32.11.3.rel1.win32_1.1.0.202305231506/tools/bin/../lib/gcc/arm-none-eabi/11.3.1/thumb/v7e-m+fp/hard/crti.o
 .ARM.attributes
                0x000000000000001e       0x34 C:/ST/STM32CubeIDE_1.13.1/STM32CubeIDE/plugins/com.st.stm32cube.ide.mcu.externaltools.gnu-tools-for-stm32.11.3.rel1.win32_1.1.0.202305231506/tools/bin/../lib/gcc/arm-none-eabi/11.3.1/thumb/v7e-m+fp/hard/crtbegin.o
 .ARM.attributes
                0x0000000000000052       0x34 ./Core/Src/main.o
 .ARM.attributes
                0x0000000000000086       0x34 ./Core/Src/stm32l4s5i_iot01.o
 .ARM.attributes
                0x00000000000000ba       0x34 ./Core/Src/stm32l4s5i_iot01_accelero.o
 .ARM.attributes
                0x00000000000000ee       0x34 ./Core/Src/stm32l4s5i_iot01_hsensor.o
 .ARM.attributes
                0x0000000000000122       0x34 ./Core/Src/stm32l4s5i_iot01_magneto.o
 .ARM.attributes
                0x0000000000000156       0x34 ./Core/Src/stm32l4s5i_iot01_psensor.o
 .ARM.attributes
                0x000000000000018a       0x34 ./Core/Src/stm32l4s5i_iot01_qspi.o
 .ARM.attributes
                0x00000000000001be       0x34 ./Core/Src/stm32l4xx_hal_msp.o
 .ARM.attributes
                0x00000000000001f2       0x34 ./Core/Src/stm32l4xx_it.o
 .ARM.attributes
                0x0000000000000226       0x34 ./Core/Src/system_stm32l4xx.o
 .ARM.attributes
                0x000000000000025a       0x21 ./Core/Startup/startup_stm32l4s5vitx.o
 .ARM.attributes
                0x000000000000027b       0x34 ./Drivers/Components/hts221/hts221.o
 .ARM.attributes
                0x00000000000002af       0x34 ./Drivers/Components/lis3mdl/lis3mdl.o
 .ARM.attributes
                0x00000000000002e3       0x34 ./Drivers/Components/lps22hb/lps22hb.o
 .ARM.attributes
                0x0000000000000317       0x34 ./Drivers/Components/lsm6dsl/lsm6dsl.o
 .ARM.attributes
                0x000000000000034b       0x34 ./Drivers/STM32L4xx_HAL_Driver/Src/stm32l4xx_hal.o
 .ARM.attributes
                0x000000000000037f       0x34 ./Drivers/STM32L4xx_HAL_Driver/Src/stm32l4xx_hal_cortex.o
 .ARM.attributes
                0x00000000000003b3       0x34 ./Drivers/STM32L4xx_HAL_Driver/Src/stm32l4xx_hal_gpio.o
 .ARM.attributes
                0x00000000000003e7       0x34 ./Drivers/STM32L4xx_HAL_Driver/Src/stm32l4xx_hal_i2c.o
 .ARM.attributes
                0x000000000000041b       0x34 ./Drivers/STM32L4xx_HAL_Driver/Src/stm32l4xx_hal_i2c_ex.o
 .ARM.attributes
                0x000000000000044f       0x34 ./Drivers/STM32L4xx_HAL_Driver/Src/stm32l4xx_hal_ospi.o
 .ARM.attributes
                0x0000000000000483       0x34 ./Drivers/STM32L4xx_HAL_Driver/Src/stm32l4xx_hal_pwr_ex.o
 .ARM.attributes
                0x00000000000004b7       0x34 ./Drivers/STM32L4xx_HAL_Driver/Src/stm32l4xx_hal_rcc.o
 .ARM.attributes
                0x00000000000004eb       0x34 ./Drivers/STM32L4xx_HAL_Driver/Src/stm32l4xx_hal_rcc_ex.o
 .ARM.attributes
                0x000000000000051f       0x34 ./Drivers/STM32L4xx_HAL_Driver/Src/stm32l4xx_hal_uart.o
 .ARM.attributes
                0x0000000000000553       0x34 ./Drivers/STM32L4xx_HAL_Driver/Src/stm32l4xx_hal_uart_ex.o
 .ARM.attributes
                0x0000000000000587       0x34 C:/ST/STM32CubeIDE_1.13.1/STM32CubeIDE/plugins/com.st.stm32cube.ide.mcu.externaltools.gnu-tools-for-stm32.11.3.rel1.win32_1.1.0.202305231506/tools/bin/../lib/gcc/arm-none-eabi/11.3.1/../../../../arm-none-eabi/lib/thumb/v7e-m+fp/hard\libc_nano.a(libc_a-memset.o)
 .ARM.attributes
                0x00000000000005bb       0x34 C:/ST/STM32CubeIDE_1.13.1/STM32CubeIDE/plugins/com.st.stm32cube.ide.mcu.externaltools.gnu-tools-for-stm32.11.3.rel1.win32_1.1.0.202305231506/tools/bin/../lib/gcc/arm-none-eabi/11.3.1/../../../../arm-none-eabi/lib/thumb/v7e-m+fp/hard\libc_nano.a(libc_a-init.o)
 .ARM.attributes
                0x00000000000005ef       0x1e C:/ST/STM32CubeIDE_1.13.1/STM32CubeIDE/plugins/com.st.stm32cube.ide.mcu.externaltools.gnu-tools-for-stm32.11.3.rel1.win32_1.1.0.202305231506/tools/bin/../lib/gcc/arm-none-eabi/11.3.1/thumb/v7e-m+fp/hard\libgcc.a(_aeabi_uldivmod.o)
 .ARM.attributes
                0x000000000000060d       0x34 C:/ST/STM32CubeIDE_1.13.1/STM32CubeIDE/plugins/com.st.stm32cube.ide.mcu.externaltools.gnu-tools-for-stm32.11.3.rel1.win32_1.1.0.202305231506/tools/bin/../lib/gcc/arm-none-eabi/11.3.1/thumb/v7e-m+fp/hard\libgcc.a(_udivmoddi4.o)
 .ARM.attributes
                0x0000000000000641       0x1e C:/ST/STM32CubeIDE_1.13.1/STM32CubeIDE/plugins/com.st.stm32cube.ide.mcu.externaltools.gnu-tools-for-stm32.11.3.rel1.win32_1.1.0.202305231506/tools/bin/../lib/gcc/arm-none-eabi/11.3.1/thumb/v7e-m+fp/hard\libgcc.a(_dvmd_tls.o)
 .ARM.attributes
                0x000000000000065f       0x1e C:/ST/STM32CubeIDE_1.13.1/STM32CubeIDE/plugins/com.st.stm32cube.ide.mcu.externaltools.gnu-tools-for-stm32.11.3.rel1.win32_1.1.0.202305231506/tools/bin/../lib/gcc/arm-none-eabi/11.3.1/thumb/v7e-m+fp/hard/crtn.o
OUTPUT(project_flash_trial.elf elf32-littlearm)
LOAD linker stubs
LOAD C:/ST/STM32CubeIDE_1.13.1/STM32CubeIDE/plugins/com.st.stm32cube.ide.mcu.externaltools.gnu-tools-for-stm32.11.3.rel1.win32_1.1.0.202305231506/tools/bin/../lib/gcc/arm-none-eabi/11.3.1/../../../../arm-none-eabi/lib/thumb/v7e-m+fp/hard\libc.a
LOAD C:/ST/STM32CubeIDE_1.13.1/STM32CubeIDE/plugins/com.st.stm32cube.ide.mcu.externaltools.gnu-tools-for-stm32.11.3.rel1.win32_1.1.0.202305231506/tools/bin/../lib/gcc/arm-none-eabi/11.3.1/../../../../arm-none-eabi/lib/thumb/v7e-m+fp/hard\libm.a
LOAD C:/ST/STM32CubeIDE_1.13.1/STM32CubeIDE/plugins/com.st.stm32cube.ide.mcu.externaltools.gnu-tools-for-stm32.11.3.rel1.win32_1.1.0.202305231506/tools/bin/../lib/gcc/arm-none-eabi/11.3.1/thumb/v7e-m+fp/hard\libgcc.a

.comment        0x0000000000000000       0x43
 .comment       0x0000000000000000       0x43 C:/ST/STM32CubeIDE_1.13.1/STM32CubeIDE/plugins/com.st.stm32cube.ide.mcu.externaltools.gnu-tools-for-stm32.11.3.rel1.win32_1.1.0.202305231506/tools/bin/../lib/gcc/arm-none-eabi/11.3.1/thumb/v7e-m+fp/hard/crtbegin.o
                                         0x44 (size before relaxing)
 .comment       0x0000000000000043       0x44 ./Core/Src/main.o
 .comment       0x0000000000000043       0x44 ./Core/Src/stm32l4s5i_iot01.o
 .comment       0x0000000000000043       0x44 ./Core/Src/stm32l4s5i_iot01_accelero.o
 .comment       0x0000000000000043       0x44 ./Core/Src/stm32l4s5i_iot01_hsensor.o
 .comment       0x0000000000000043       0x44 ./Core/Src/stm32l4s5i_iot01_magneto.o
 .comment       0x0000000000000043       0x44 ./Core/Src/stm32l4s5i_iot01_psensor.o
 .comment       0x0000000000000043       0x44 ./Core/Src/stm32l4s5i_iot01_qspi.o
 .comment       0x0000000000000043       0x44 ./Core/Src/stm32l4xx_hal_msp.o
 .comment       0x0000000000000043       0x44 ./Core/Src/stm32l4xx_it.o
 .comment       0x0000000000000043       0x44 ./Core/Src/system_stm32l4xx.o
 .comment       0x0000000000000043       0x44 ./Drivers/Components/hts221/hts221.o
 .comment       0x0000000000000043       0x44 ./Drivers/Components/lis3mdl/lis3mdl.o
 .comment       0x0000000000000043       0x44 ./Drivers/Components/lps22hb/lps22hb.o
 .comment       0x0000000000000043       0x44 ./Drivers/Components/lsm6dsl/lsm6dsl.o
 .comment       0x0000000000000043       0x44 ./Drivers/STM32L4xx_HAL_Driver/Src/stm32l4xx_hal.o
 .comment       0x0000000000000043       0x44 ./Drivers/STM32L4xx_HAL_Driver/Src/stm32l4xx_hal_cortex.o
 .comment       0x0000000000000043       0x44 ./Drivers/STM32L4xx_HAL_Driver/Src/stm32l4xx_hal_gpio.o
 .comment       0x0000000000000043       0x44 ./Drivers/STM32L4xx_HAL_Driver/Src/stm32l4xx_hal_i2c.o
 .comment       0x0000000000000043       0x44 ./Drivers/STM32L4xx_HAL_Driver/Src/stm32l4xx_hal_i2c_ex.o
 .comment       0x0000000000000043       0x44 ./Drivers/STM32L4xx_HAL_Driver/Src/stm32l4xx_hal_ospi.o
 .comment       0x0000000000000043       0x44 ./Drivers/STM32L4xx_HAL_Driver/Src/stm32l4xx_hal_pwr_ex.o
 .comment       0x0000000000000043       0x44 ./Drivers/STM32L4xx_HAL_Driver/Src/stm32l4xx_hal_rcc.o
 .comment       0x0000000000000043       0x44 ./Drivers/STM32L4xx_HAL_Driver/Src/stm32l4xx_hal_rcc_ex.o
 .comment       0x0000000000000043       0x44 ./Drivers/STM32L4xx_HAL_Driver/Src/stm32l4xx_hal_uart.o
 .comment       0x0000000000000043       0x44 ./Drivers/STM32L4xx_HAL_Driver/Src/stm32l4xx_hal_uart_ex.o

.debug_info     0x0000000000000000    0x16715
 .debug_info    0x0000000000000000     0x1579 ./Core/Src/main.o
 .debug_info    0x0000000000001579     0x1d04 ./Core/Src/stm32l4s5i_iot01.o
 .debug_info    0x000000000000327d      0x32e ./Core/Src/stm32l4s5i_iot01_accelero.o
 .debug_info    0x00000000000035ab      0x1c5 ./Core/Src/stm32l4s5i_iot01_hsensor.o
 .debug_info    0x0000000000003770      0x304 ./Core/Src/stm32l4s5i_iot01_magneto.o
 .debug_info    0x0000000000003a74      0x1c5 ./Core/Src/stm32l4s5i_iot01_psensor.o
 .debug_info    0x0000000000003c39     0x13e9 ./Core/Src/stm32l4s5i_iot01_qspi.o
 .debug_info    0x0000000000005022     0x16eb ./Core/Src/stm32l4xx_hal_msp.o
 .debug_info    0x000000000000670d      0x11a ./Core/Src/stm32l4xx_it.o
 .debug_info    0x0000000000006827      0x5e9 ./Core/Src/system_stm32l4xx.o
 .debug_info    0x0000000000006e10       0x23 ./Core/Startup/startup_stm32l4s5vitx.o
 .debug_info    0x0000000000006e33      0x4de ./Drivers/Components/hts221/hts221.o
 .debug_info    0x0000000000007311      0x3bb ./Drivers/Components/lis3mdl/lis3mdl.o
 .debug_info    0x00000000000076cc      0x45f ./Drivers/Components/lps22hb/lps22hb.o
 .debug_info    0x0000000000007b2b      0x5b9 ./Drivers/Components/lsm6dsl/lsm6dsl.o
 .debug_info    0x00000000000080e4      0xb4f ./Drivers/STM32L4xx_HAL_Driver/Src/stm32l4xx_hal.o
 .debug_info    0x0000000000008c33      0xd6a ./Drivers/STM32L4xx_HAL_Driver/Src/stm32l4xx_hal_cortex.o
 .debug_info    0x000000000000999d      0x787 ./Drivers/STM32L4xx_HAL_Driver/Src/stm32l4xx_hal_gpio.o
 .debug_info    0x000000000000a124     0x21ab ./Drivers/STM32L4xx_HAL_Driver/Src/stm32l4xx_hal_i2c.o
 .debug_info    0x000000000000c2cf      0xb09 ./Drivers/STM32L4xx_HAL_Driver/Src/stm32l4xx_hal_i2c_ex.o
 .debug_info    0x000000000000cdd8     0x180d ./Drivers/STM32L4xx_HAL_Driver/Src/stm32l4xx_hal_ospi.o
 .debug_info    0x000000000000e5e5      0xa0a ./Drivers/STM32L4xx_HAL_Driver/Src/stm32l4xx_hal_pwr_ex.o
 .debug_info    0x000000000000efef      0xd32 ./Drivers/STM32L4xx_HAL_Driver/Src/stm32l4xx_hal_rcc.o
 .debug_info    0x000000000000fd21     0x1167 ./Drivers/STM32L4xx_HAL_Driver/Src/stm32l4xx_hal_rcc_ex.o
 .debug_info    0x0000000000010e88     0x4875 ./Drivers/STM32L4xx_HAL_Driver/Src/stm32l4xx_hal_uart.o
 .debug_info    0x00000000000156fd     0x1018 ./Drivers/STM32L4xx_HAL_Driver/Src/stm32l4xx_hal_uart_ex.o

.debug_abbrev   0x0000000000000000     0x33cc
 .debug_abbrev  0x0000000000000000      0x2c3 ./Core/Src/main.o
 .debug_abbrev  0x00000000000002c3      0x317 ./Core/Src/stm32l4s5i_iot01.o
 .debug_abbrev  0x00000000000005da      0x148 ./Core/Src/stm32l4s5i_iot01_accelero.o
 .debug_abbrev  0x0000000000000722      0x10a ./Core/Src/stm32l4s5i_iot01_hsensor.o
 .debug_abbrev  0x000000000000082c      0x148 ./Core/Src/stm32l4s5i_iot01_magneto.o
 .debug_abbrev  0x0000000000000974      0x10a ./Core/Src/stm32l4s5i_iot01_psensor.o
 .debug_abbrev  0x0000000000000a7e      0x330 ./Core/Src/stm32l4s5i_iot01_qspi.o
 .debug_abbrev  0x0000000000000dae      0x24f ./Core/Src/stm32l4xx_hal_msp.o
 .debug_abbrev  0x0000000000000ffd       0x73 ./Core/Src/stm32l4xx_it.o
 .debug_abbrev  0x0000000000001070      0x11a ./Core/Src/system_stm32l4xx.o
 .debug_abbrev  0x000000000000118a       0x12 ./Core/Startup/startup_stm32l4s5vitx.o
 .debug_abbrev  0x000000000000119c      0x182 ./Drivers/Components/hts221/hts221.o
 .debug_abbrev  0x000000000000131e      0x18e ./Drivers/Components/lis3mdl/lis3mdl.o
 .debug_abbrev  0x00000000000014ac      0x19a ./Drivers/Components/lps22hb/lps22hb.o
 .debug_abbrev  0x0000000000001646      0x1fe ./Drivers/Components/lsm6dsl/lsm6dsl.o
 .debug_abbrev  0x0000000000001844      0x242 ./Drivers/STM32L4xx_HAL_Driver/Src/stm32l4xx_hal.o
 .debug_abbrev  0x0000000000001a86      0x327 ./Drivers/STM32L4xx_HAL_Driver/Src/stm32l4xx_hal_cortex.o
 .debug_abbrev  0x0000000000001dad      0x1cb ./Drivers/STM32L4xx_HAL_Driver/Src/stm32l4xx_hal_gpio.o
 .debug_abbrev  0x0000000000001f78      0x25e ./Drivers/STM32L4xx_HAL_Driver/Src/stm32l4xx_hal_i2c.o
 .debug_abbrev  0x00000000000021d6      0x1c0 ./Drivers/STM32L4xx_HAL_Driver/Src/stm32l4xx_hal_i2c_ex.o
 .debug_abbrev  0x0000000000002396      0x2be ./Drivers/STM32L4xx_HAL_Driver/Src/stm32l4xx_hal_ospi.o
 .debug_abbrev  0x0000000000002654      0x1f9 ./Drivers/STM32L4xx_HAL_Driver/Src/stm32l4xx_hal_pwr_ex.o
 .debug_abbrev  0x000000000000284d      0x306 ./Drivers/STM32L4xx_HAL_Driver/Src/stm32l4xx_hal_rcc.o
 .debug_abbrev  0x0000000000002b53      0x2a3 ./Drivers/STM32L4xx_HAL_Driver/Src/stm32l4xx_hal_rcc_ex.o
 .debug_abbrev  0x0000000000002df6      0x304 ./Drivers/STM32L4xx_HAL_Driver/Src/stm32l4xx_hal_uart.o
 .debug_abbrev  0x00000000000030fa      0x2d2 ./Drivers/STM32L4xx_HAL_Driver/Src/stm32l4xx_hal_uart_ex.o

.debug_aranges  0x0000000000000000     0x1230
 .debug_aranges
                0x0000000000000000       0x50 ./Core/Src/main.o
 .debug_aranges
                0x0000000000000050      0x120 ./Core/Src/stm32l4s5i_iot01.o
 .debug_aranges
                0x0000000000000170       0x38 ./Core/Src/stm32l4s5i_iot01_accelero.o
 .debug_aranges
                0x00000000000001a8       0x30 ./Core/Src/stm32l4s5i_iot01_hsensor.o
 .debug_aranges
                0x00000000000001d8       0x38 ./Core/Src/stm32l4s5i_iot01_magneto.o
 .debug_aranges
                0x0000000000000210       0x30 ./Core/Src/stm32l4s5i_iot01_psensor.o
 .debug_aranges
                0x0000000000000240       0xc0 ./Core/Src/stm32l4s5i_iot01_qspi.o
 .debug_aranges
                0x0000000000000300       0x50 ./Core/Src/stm32l4xx_hal_msp.o
 .debug_aranges
                0x0000000000000350       0x60 ./Core/Src/stm32l4xx_it.o
 .debug_aranges
                0x00000000000003b0       0x28 ./Core/Src/system_stm32l4xx.o
 .debug_aranges
                0x00000000000003d8       0x28 ./Core/Startup/startup_stm32l4s5vitx.o
 .debug_aranges
                0x0000000000000400       0x40 ./Drivers/Components/hts221/hts221.o
 .debug_aranges
                0x0000000000000440       0x40 ./Drivers/Components/lis3mdl/lis3mdl.o
 .debug_aranges
                0x0000000000000480       0x48 ./Drivers/Components/lps22hb/lps22hb.o
 .debug_aranges
                0x00000000000004c8       0x68 ./Drivers/Components/lsm6dsl/lsm6dsl.o
 .debug_aranges
                0x0000000000000530      0x130 ./Drivers/STM32L4xx_HAL_Driver/Src/stm32l4xx_hal.o
 .debug_aranges
                0x0000000000000660      0x118 ./Drivers/STM32L4xx_HAL_Driver/Src/stm32l4xx_hal_cortex.o
 .debug_aranges
                0x0000000000000778       0x58 ./Drivers/STM32L4xx_HAL_Driver/Src/stm32l4xx_hal_gpio.o
 .debug_aranges
                0x00000000000007d0      0x2a0 ./Drivers/STM32L4xx_HAL_Driver/Src/stm32l4xx_hal_i2c.o
 .debug_aranges
                0x0000000000000a70       0x48 ./Drivers/STM32L4xx_HAL_Driver/Src/stm32l4xx_hal_i2c_ex.o
 .debug_aranges
                0x0000000000000ab8      0x170 ./Drivers/STM32L4xx_HAL_Driver/Src/stm32l4xx_hal_ospi.o
 .debug_aranges
                0x0000000000000c28      0x170 ./Drivers/STM32L4xx_HAL_Driver/Src/stm32l4xx_hal_pwr_ex.o
 .debug_aranges
                0x0000000000000d98       0x98 ./Drivers/STM32L4xx_HAL_Driver/Src/stm32l4xx_hal_rcc.o
 .debug_aranges
                0x0000000000000e30      0x110 ./Drivers/STM32L4xx_HAL_Driver/Src/stm32l4xx_hal_rcc_ex.o
 .debug_aranges
                0x0000000000000f40      0x248 ./Drivers/STM32L4xx_HAL_Driver/Src/stm32l4xx_hal_uart.o
 .debug_aranges
                0x0000000000001188       0xa8 ./Drivers/STM32L4xx_HAL_Driver/Src/stm32l4xx_hal_uart_ex.o

.debug_rnglists
                0x0000000000000000      0xdf9
 .debug_rnglists
                0x0000000000000000       0x3a ./Core/Src/main.o
 .debug_rnglists
                0x000000000000003a       0xd6 ./Core/Src/stm32l4s5i_iot01.o
 .debug_rnglists
                0x0000000000000110       0x25 ./Core/Src/stm32l4s5i_iot01_accelero.o
 .debug_rnglists
                0x0000000000000135       0x1f ./Core/Src/stm32l4s5i_iot01_hsensor.o
 .debug_rnglists
                0x0000000000000154       0x25 ./Core/Src/stm32l4s5i_iot01_magneto.o
 .debug_rnglists
                0x0000000000000179       0x1f ./Core/Src/stm32l4s5i_iot01_psensor.o
 .debug_rnglists
                0x0000000000000198       0x99 ./Core/Src/stm32l4s5i_iot01_qspi.o
 .debug_rnglists
                0x0000000000000231       0x3a ./Core/Src/stm32l4xx_hal_msp.o
 .debug_rnglists
                0x000000000000026b       0x43 ./Core/Src/stm32l4xx_it.o
 .debug_rnglists
                0x00000000000002ae       0x1a ./Core/Src/system_stm32l4xx.o
 .debug_rnglists
                0x00000000000002c8       0x19 ./Core/Startup/startup_stm32l4s5vitx.o
 .debug_rnglists
                0x00000000000002e1       0x2d ./Drivers/Components/hts221/hts221.o
 .debug_rnglists
                0x000000000000030e       0x2c ./Drivers/Components/lis3mdl/lis3mdl.o
 .debug_rnglists
                0x000000000000033a       0x33 ./Drivers/Components/lps22hb/lps22hb.o
 .debug_rnglists
                0x000000000000036d       0x4b ./Drivers/Components/lsm6dsl/lsm6dsl.o
 .debug_rnglists
                0x00000000000003b8       0xdf ./Drivers/STM32L4xx_HAL_Driver/Src/stm32l4xx_hal.o
 .debug_rnglists
                0x0000000000000497       0xce ./Drivers/STM32L4xx_HAL_Driver/Src/stm32l4xx_hal_cortex.o
 .debug_rnglists
                0x0000000000000565       0x3f ./Drivers/STM32L4xx_HAL_Driver/Src/stm32l4xx_hal_gpio.o
 .debug_rnglists
                0x00000000000005a4      0x228 ./Drivers/STM32L4xx_HAL_Driver/Src/stm32l4xx_hal_i2c.o
 .debug_rnglists
                0x00000000000007cc       0x35 ./Drivers/STM32L4xx_HAL_Driver/Src/stm32l4xx_hal_i2c_ex.o
 .debug_rnglists
                0x0000000000000801      0x122 ./Drivers/STM32L4xx_HAL_Driver/Src/stm32l4xx_hal_ospi.o
 .debug_rnglists
                0x0000000000000923      0x115 ./Drivers/STM32L4xx_HAL_Driver/Src/stm32l4xx_hal_pwr_ex.o
 .debug_rnglists
                0x0000000000000a38       0x74 ./Drivers/STM32L4xx_HAL_Driver/Src/stm32l4xx_hal_rcc.o
 .debug_rnglists
                0x0000000000000aac       0xd4 ./Drivers/STM32L4xx_HAL_Driver/Src/stm32l4xx_hal_rcc_ex.o
 .debug_rnglists
                0x0000000000000b80      0x1fa ./Drivers/STM32L4xx_HAL_Driver/Src/stm32l4xx_hal_uart.o
 .debug_rnglists
                0x0000000000000d7a       0x7f ./Drivers/STM32L4xx_HAL_Driver/Src/stm32l4xx_hal_uart_ex.o

.debug_macro    0x0000000000000000    0x2bb4f
 .debug_macro   0x0000000000000000      0x2c5 ./Core/Src/main.o
 .debug_macro   0x00000000000002c5      0xaa8 ./Core/Src/main.o
 .debug_macro   0x0000000000000d6d      0x1ad ./Core/Src/main.o
 .debug_macro   0x0000000000000f1a       0x2e ./Core/Src/main.o
 .debug_macro   0x0000000000000f48       0x28 ./Core/Src/main.o
 .debug_macro   0x0000000000000f70       0x22 ./Core/Src/main.o
 .debug_macro   0x0000000000000f92       0x8e ./Core/Src/main.o
 .debug_macro   0x0000000000001020       0x51 ./Core/Src/main.o
 .debug_macro   0x0000000000001071      0x103 ./Core/Src/main.o
 .debug_macro   0x0000000000001174       0x6a ./Core/Src/main.o
 .debug_macro   0x00000000000011de      0x1df ./Core/Src/main.o
 .debug_macro   0x00000000000013bd       0x1c ./Core/Src/main.o
 .debug_macro   0x00000000000013d9       0x22 ./Core/Src/main.o
 .debug_macro   0x00000000000013fb       0xfb ./Core/Src/main.o
 .debug_macro   0x00000000000014f6     0x1011 ./Core/Src/main.o
 .debug_macro   0x0000000000002507      0x11f ./Core/Src/main.o
 .debug_macro   0x0000000000002626    0x1d292 ./Core/Src/main.o
 .debug_macro   0x000000000001f8b8       0x6d ./Core/Src/main.o
 .debug_macro   0x000000000001f925     0x38ed ./Core/Src/main.o
 .debug_macro   0x0000000000023212      0x174 ./Core/Src/main.o
 .debug_macro   0x0000000000023386       0x5c ./Core/Src/main.o
 .debug_macro   0x00000000000233e2     0x1910 ./Core/Src/main.o
 .debug_macro   0x0000000000024cf2      0x7dc ./Core/Src/main.o
 .debug_macro   0x00000000000254ce      0x1b9 ./Core/Src/main.o
 .debug_macro   0x0000000000025687      0x225 ./Core/Src/main.o
 .debug_macro   0x00000000000258ac      0x486 ./Core/Src/main.o
 .debug_macro   0x0000000000025d32      0x1ce ./Core/Src/main.o
 .debug_macro   0x0000000000025f00       0x43 ./Core/Src/main.o
 .debug_macro   0x0000000000025f43      0x23d ./Core/Src/main.o
 .debug_macro   0x0000000000026180      0x241 ./Core/Src/main.o
 .debug_macro   0x00000000000263c1      0x416 ./Core/Src/main.o
 .debug_macro   0x00000000000267d7       0x1c ./Core/Src/main.o
 .debug_macro   0x00000000000267f3       0xf2 ./Core/Src/main.o
 .debug_macro   0x00000000000268e5      0x22c ./Core/Src/main.o
 .debug_macro   0x0000000000026b11       0x61 ./Core/Src/main.o
 .debug_macro   0x0000000000026b72       0xa5 ./Core/Src/main.o
 .debug_macro   0x0000000000026c17      0x486 ./Core/Src/main.o
 .debug_macro   0x000000000002709d      0x122 ./Core/Src/main.o
 .debug_macro   0x00000000000271bf      0x3f6 ./Core/Src/main.o
 .debug_macro   0x00000000000275b5      0x693 ./Core/Src/main.o
 .debug_macro   0x0000000000027c48       0xa6 ./Core/Src/main.o
 .debug_macro   0x0000000000027cee      0x432 ./Core/Src/main.o
 .debug_macro   0x0000000000028120       0x10 ./Core/Src/main.o
 .debug_macro   0x0000000000028130      0x1d5 ./Core/Src/main.o
 .debug_macro   0x0000000000028305      0x428 ./Core/Src/main.o
 .debug_macro   0x000000000002872d      0x15f ./Core/Src/main.o
 .debug_macro   0x000000000002888c      0x1aa ./Core/Src/main.o
 .debug_macro   0x0000000000028a36      0x287 ./Core/Src/main.o
 .debug_macro   0x0000000000028cbd      0x1a3 ./Core/Src/main.o
 .debug_macro   0x0000000000028e60       0x22 ./Core/Src/main.o
 .debug_macro   0x0000000000028e82      0x20a ./Core/Src/stm32l4s5i_iot01.o
 .debug_macro   0x000000000002908c      0x1cf ./Core/Src/stm32l4s5i_iot01.o
 .debug_macro   0x000000000002925b      0x219 ./Core/Src/stm32l4s5i_iot01_accelero.o
 .debug_macro   0x0000000000029474      0x219 ./Core/Src/stm32l4s5i_iot01_hsensor.o
 .debug_macro   0x000000000002968d      0x20f ./Core/Src/stm32l4s5i_iot01_magneto.o
 .debug_macro   0x000000000002989c      0x219 ./Core/Src/stm32l4s5i_iot01_psensor.o
 .debug_macro   0x0000000000029ab5      0x20d ./Core/Src/stm32l4s5i_iot01_qspi.o
 .debug_macro   0x0000000000029cc2      0x1ec ./Core/Src/stm32l4xx_hal_msp.o
 .debug_macro   0x0000000000029eae      0x1f6 ./Core/Src/stm32l4xx_it.o
 .debug_macro   0x000000000002a0a4      0x1dd ./Core/Src/system_stm32l4xx.o
 .debug_macro   0x000000000002a281       0x86 ./Drivers/Components/hts221/hts221.o
 .debug_macro   0x000000000002a307       0x7c ./Drivers/Components/lis3mdl/lis3mdl.o
 .debug_macro   0x000000000002a383       0x86 ./Drivers/Components/lps22hb/lps22hb.o
 .debug_macro   0x000000000002a409       0x86 ./Drivers/Components/lsm6dsl/lsm6dsl.o
 .debug_macro   0x000000000002a48f      0x22b ./Drivers/STM32L4xx_HAL_Driver/Src/stm32l4xx_hal.o
 .debug_macro   0x000000000002a6ba      0x1dd ./Drivers/STM32L4xx_HAL_Driver/Src/stm32l4xx_hal_cortex.o
 .debug_macro   0x000000000002a897      0x1e4 ./Drivers/STM32L4xx_HAL_Driver/Src/stm32l4xx_hal_gpio.o
 .debug_macro   0x000000000002aa7b      0x2a9 ./Drivers/STM32L4xx_HAL_Driver/Src/stm32l4xx_hal_i2c.o
 .debug_macro   0x000000000002ad24      0x1dd ./Drivers/STM32L4xx_HAL_Driver/Src/stm32l4xx_hal_i2c_ex.o
 .debug_macro   0x000000000002af01      0x224 ./Drivers/STM32L4xx_HAL_Driver/Src/stm32l4xx_hal_ospi.o
 .debug_macro   0x000000000002b125      0x207 ./Drivers/STM32L4xx_HAL_Driver/Src/stm32l4xx_hal_pwr_ex.o
 .debug_macro   0x000000000002b32c      0x21f ./Drivers/STM32L4xx_HAL_Driver/Src/stm32l4xx_hal_rcc.o
 .debug_macro   0x000000000002b54b      0x213 ./Drivers/STM32L4xx_HAL_Driver/Src/stm32l4xx_hal_rcc_ex.o
 .debug_macro   0x000000000002b75e      0x208 ./Drivers/STM32L4xx_HAL_Driver/Src/stm32l4xx_hal_uart.o
 .debug_macro   0x000000000002b966      0x1e9 ./Drivers/STM32L4xx_HAL_Driver/Src/stm32l4xx_hal_uart_ex.o

.debug_line     0x0000000000000000    0x1806d
 .debug_line    0x0000000000000000      0xe83 ./Core/Src/main.o
 .debug_line    0x0000000000000e83      0xc20 ./Core/Src/stm32l4s5i_iot01.o
 .debug_line    0x0000000000001aa3      0x967 ./Core/Src/stm32l4s5i_iot01_accelero.o
 .debug_line    0x000000000000240a      0x8fb ./Core/Src/stm32l4s5i_iot01_hsensor.o
 .debug_line    0x0000000000002d05      0x937 ./Core/Src/stm32l4s5i_iot01_magneto.o
 .debug_line    0x000000000000363c      0x8fe ./Core/Src/stm32l4s5i_iot01_psensor.o
 .debug_line    0x0000000000003f3a      0xea0 ./Core/Src/stm32l4s5i_iot01_qspi.o
 .debug_line    0x0000000000004dda      0x8a2 ./Core/Src/stm32l4xx_hal_msp.o
 .debug_line    0x000000000000567c      0x83c ./Core/Src/stm32l4xx_it.o
 .debug_line    0x0000000000005eb8      0x811 ./Core/Src/system_stm32l4xx.o
 .debug_line    0x00000000000066c9       0x7a ./Core/Startup/startup_stm32l4s5vitx.o
 .debug_line    0x0000000000006743      0x5d2 ./Drivers/Components/hts221/hts221.o
 .debug_line    0x0000000000006d15      0x59a ./Drivers/Components/lis3mdl/lis3mdl.o
 .debug_line    0x00000000000072af      0x5c1 ./Drivers/Components/lps22hb/lps22hb.o
 .debug_line    0x0000000000007870      0x728 ./Drivers/Components/lsm6dsl/lsm6dsl.o
 .debug_line    0x0000000000007f98      0xb69 ./Drivers/STM32L4xx_HAL_Driver/Src/stm32l4xx_hal.o
 .debug_line    0x0000000000008b01      0xd10 ./Drivers/STM32L4xx_HAL_Driver/Src/stm32l4xx_hal_cortex.o
 .debug_line    0x0000000000009811      0xbc5 ./Drivers/STM32L4xx_HAL_Driver/Src/stm32l4xx_hal_gpio.o
 .debug_line    0x000000000000a3d6     0x3948 ./Drivers/STM32L4xx_HAL_Driver/Src/stm32l4xx_hal_i2c.o
 .debug_line    0x000000000000dd1e      0x997 ./Drivers/STM32L4xx_HAL_Driver/Src/stm32l4xx_hal_i2c_ex.o
 .debug_line    0x000000000000e6b5     0x17ae ./Drivers/STM32L4xx_HAL_Driver/Src/stm32l4xx_hal_ospi.o
 .debug_line    0x000000000000fe63      0xdd6 ./Drivers/STM32L4xx_HAL_Driver/Src/stm32l4xx_hal_pwr_ex.o
 .debug_line    0x0000000000010c39     0x10ba ./Drivers/STM32L4xx_HAL_Driver/Src/stm32l4xx_hal_rcc.o
 .debug_line    0x0000000000011cf3     0x19d1 ./Drivers/STM32L4xx_HAL_Driver/Src/stm32l4xx_hal_rcc_ex.o
 .debug_line    0x00000000000136c4     0x3be4 ./Drivers/STM32L4xx_HAL_Driver/Src/stm32l4xx_hal_uart.o
 .debug_line    0x00000000000172a8      0xdc5 ./Drivers/STM32L4xx_HAL_Driver/Src/stm32l4xx_hal_uart_ex.o

.debug_str      0x0000000000000000   0x107b04
 .debug_str     0x0000000000000000   0x1023ab ./Core/Src/main.o
                                     0x102785 (size before relaxing)
 .debug_str     0x00000000001023ab      0xb17 ./Core/Src/stm32l4s5i_iot01.o
                                      0xff1cf (size before relaxing)
 .debug_str     0x0000000000102ec2      0x19a ./Core/Src/stm32l4s5i_iot01_accelero.o
                                      0xff48f (size before relaxing)
 .debug_str     0x000000000010305c       0x98 ./Core/Src/stm32l4s5i_iot01_hsensor.o
                                      0xfe319 (size before relaxing)
 .debug_str     0x00000000001030f4       0xed ./Core/Src/stm32l4s5i_iot01_magneto.o
                                      0xfe7cd (size before relaxing)
 .debug_str     0x00000000001031e1       0x99 ./Core/Src/stm32l4s5i_iot01_psensor.o
                                      0xfe93a (size before relaxing)
 .debug_str     0x000000000010327a      0x4d6 ./Core/Src/stm32l4s5i_iot01_qspi.o
                                      0xfe291 (size before relaxing)
 .debug_str     0x0000000000103750      0x343 ./Core/Src/stm32l4xx_hal_msp.o
                                      0xfddef (size before relaxing)
 .debug_str     0x0000000000103a93       0xc9 ./Core/Src/stm32l4xx_it.o
                                      0xfcf4e (size before relaxing)
 .debug_str     0x0000000000103b5c       0xf2 ./Core/Src/system_stm32l4xx.o
                                      0xfd0bf (size before relaxing)
 .debug_str     0x0000000000103c4e       0x34 ./Core/Startup/startup_stm32l4s5vitx.o
                                         0x7c (size before relaxing)
 .debug_str     0x0000000000103c82      0x1b1 ./Drivers/Components/hts221/hts221.o
                                       0x45e6 (size before relaxing)
 .debug_str     0x0000000000103e33       0xb2 ./Drivers/Components/lis3mdl/lis3mdl.o
                                       0x4929 (size before relaxing)
 .debug_str     0x0000000000103ee5       0xaf ./Drivers/Components/lps22hb/lps22hb.o
                                       0x4bba (size before relaxing)
 .debug_str     0x0000000000103f94      0x11c ./Drivers/Components/lsm6dsl/lsm6dsl.o
                                       0x55cf (size before relaxing)
 .debug_str     0x00000000001040b0      0x630 ./Drivers/STM32L4xx_HAL_Driver/Src/stm32l4xx_hal.o
                                      0xfdc9d (size before relaxing)
 .debug_str     0x00000000001046e0      0x313 ./Drivers/STM32L4xx_HAL_Driver/Src/stm32l4xx_hal_cortex.o
                                      0xfd92c (size before relaxing)
 .debug_str     0x00000000001049f3       0xff ./Drivers/STM32L4xx_HAL_Driver/Src/stm32l4xx_hal_gpio.o
                                      0xfd239 (size before relaxing)
 .debug_str     0x0000000000104af2      0xd75 ./Drivers/STM32L4xx_HAL_Driver/Src/stm32l4xx_hal_i2c.o
                                      0xfe3aa (size before relaxing)
 .debug_str     0x0000000000105867       0xb8 ./Drivers/STM32L4xx_HAL_Driver/Src/stm32l4xx_hal_i2c_ex.o
                                      0xfd6f7 (size before relaxing)
 .debug_str     0x000000000010591f      0x6d0 ./Drivers/STM32L4xx_HAL_Driver/Src/stm32l4xx_hal_ospi.o
                                      0xfdd18 (size before relaxing)
 .debug_str     0x0000000000105fef      0x575 ./Drivers/STM32L4xx_HAL_Driver/Src/stm32l4xx_hal_pwr_ex.o
                                      0xfd692 (size before relaxing)
 .debug_str     0x0000000000106564      0x3c7 ./Drivers/STM32L4xx_HAL_Driver/Src/stm32l4xx_hal_rcc.o
                                      0xfd732 (size before relaxing)
 .debug_str     0x000000000010692b      0x5bc ./Drivers/STM32L4xx_HAL_Driver/Src/stm32l4xx_hal_rcc_ex.o
                                      0xfdaf3 (size before relaxing)
 .debug_str     0x0000000000106ee7      0x9b2 ./Drivers/STM32L4xx_HAL_Driver/Src/stm32l4xx_hal_uart.o
                                      0xfe063 (size before relaxing)
 .debug_str     0x0000000000107899      0x26b ./Drivers/STM32L4xx_HAL_Driver/Src/stm32l4xx_hal_uart_ex.o
                                      0xfd873 (size before relaxing)

.debug_frame    0x0000000000000000     0x4994
 .debug_frame   0x0000000000000000       0xe4 ./Core/Src/main.o
 .debug_frame   0x00000000000000e4      0x490 ./Core/Src/stm32l4s5i_iot01.o
 .debug_frame   0x0000000000000574       0x98 ./Core/Src/stm32l4s5i_iot01_accelero.o
 .debug_frame   0x000000000000060c       0x6c ./Core/Src/stm32l4s5i_iot01_hsensor.o
 .debug_frame   0x0000000000000678       0x98 ./Core/Src/stm32l4s5i_iot01_magneto.o
 .debug_frame   0x0000000000000710       0x6c ./Core/Src/stm32l4s5i_iot01_psensor.o
 .debug_frame   0x000000000000077c      0x300 ./Core/Src/stm32l4s5i_iot01_qspi.o
 .debug_frame   0x0000000000000a7c      0x11c ./Core/Src/stm32l4xx_hal_msp.o
 .debug_frame   0x0000000000000b98      0x104 ./Core/Src/stm32l4xx_it.o
 .debug_frame   0x0000000000000c9c       0x58 ./Core/Src/system_stm32l4xx.o
 .debug_frame   0x0000000000000cf4       0xc4 ./Drivers/Components/hts221/hts221.o
 .debug_frame   0x0000000000000db8       0xbc ./Drivers/Components/lis3mdl/lis3mdl.o
 .debug_frame   0x0000000000000e74       0xf0 ./Drivers/Components/lps22hb/lps22hb.o
 .debug_frame   0x0000000000000f64      0x168 ./Drivers/Components/lsm6dsl/lsm6dsl.o
 .debug_frame   0x00000000000010cc      0x498 ./Drivers/STM32L4xx_HAL_Driver/Src/stm32l4xx_hal.o
 .debug_frame   0x0000000000001564      0x498 ./Drivers/STM32L4xx_HAL_Driver/Src/stm32l4xx_hal_cortex.o
 .debug_frame   0x00000000000019fc      0x14c ./Drivers/STM32L4xx_HAL_Driver/Src/stm32l4xx_hal_gpio.o
 .debug_frame   0x0000000000001b48      0xc38 ./Drivers/STM32L4xx_HAL_Driver/Src/stm32l4xx_hal_i2c.o
 .debug_frame   0x0000000000002780      0x100 ./Drivers/STM32L4xx_HAL_Driver/Src/stm32l4xx_hal_i2c_ex.o
 .debug_frame   0x0000000000002880      0x6a4 ./Drivers/STM32L4xx_HAL_Driver/Src/stm32l4xx_hal_ospi.o
 .debug_frame   0x0000000000002f24      0x5c4 ./Drivers/STM32L4xx_HAL_Driver/Src/stm32l4xx_hal_pwr_ex.o
 .debug_frame   0x00000000000034e8      0x248 ./Drivers/STM32L4xx_HAL_Driver/Src/stm32l4xx_hal_rcc.o
 .debug_frame   0x0000000000003730      0x464 ./Drivers/STM32L4xx_HAL_Driver/Src/stm32l4xx_hal_rcc_ex.o
 .debug_frame   0x0000000000003b94      0xa94 ./Drivers/STM32L4xx_HAL_Driver/Src/stm32l4xx_hal_uart.o
 .debug_frame   0x0000000000004628      0x2c0 ./Drivers/STM32L4xx_HAL_Driver/Src/stm32l4xx_hal_uart_ex.o
 .debug_frame   0x00000000000048e8       0x20 C:/ST/STM32CubeIDE_1.13.1/STM32CubeIDE/plugins/com.st.stm32cube.ide.mcu.externaltools.gnu-tools-for-stm32.11.3.rel1.win32_1.1.0.202305231506/tools/bin/../lib/gcc/arm-none-eabi/11.3.1/../../../../arm-none-eabi/lib/thumb/v7e-m+fp/hard\libc_nano.a(libc_a-memset.o)
 .debug_frame   0x0000000000004908       0x2c C:/ST/STM32CubeIDE_1.13.1/STM32CubeIDE/plugins/com.st.stm32cube.ide.mcu.externaltools.gnu-tools-for-stm32.11.3.rel1.win32_1.1.0.202305231506/tools/bin/../lib/gcc/arm-none-eabi/11.3.1/../../../../arm-none-eabi/lib/thumb/v7e-m+fp/hard\libc_nano.a(libc_a-init.o)
 .debug_frame   0x0000000000004934       0x2c C:/ST/STM32CubeIDE_1.13.1/STM32CubeIDE/plugins/com.st.stm32cube.ide.mcu.externaltools.gnu-tools-for-stm32.11.3.rel1.win32_1.1.0.202305231506/tools/bin/../lib/gcc/arm-none-eabi/11.3.1/thumb/v7e-m+fp/hard\libgcc.a(_aeabi_uldivmod.o)
 .debug_frame   0x0000000000004960       0x34 C:/ST/STM32CubeIDE_1.13.1/STM32CubeIDE/plugins/com.st.stm32cube.ide.mcu.externaltools.gnu-tools-for-stm32.11.3.rel1.win32_1.1.0.202305231506/tools/bin/../lib/gcc/arm-none-eabi/11.3.1/thumb/v7e-m+fp/hard\libgcc.a(_udivmoddi4.o)

.debug_line_str
                0x0000000000000000       0x70
 .debug_line_str
                0x0000000000000000       0x70 ./Core/Startup/startup_stm32l4s5vitx.o
                                         0x88 (size before relaxing)
