Archive member included to satisfy reference by file (symbol)

/Applications/STM32CubeIDE.app/Contents/Eclipse/plugins/com.st.stm32cube.ide.mcu.externaltools.gnu-tools-for-stm32.11.3.rel1.macos64_1.1.0.202305231506/tools/bin/../lib/gcc/arm-none-eabi/11.3.1/../../../../arm-none-eabi/lib/thumb/v7e-m+fp/hard/libc_nano.a(libc_a-exit.o)
                              /Applications/STM32CubeIDE.app/Contents/Eclipse/plugins/com.st.stm32cube.ide.mcu.externaltools.gnu-tools-for-stm32.11.3.rel1.macos64_1.1.0.202305231506/tools/bin/../lib/gcc/arm-none-eabi/11.3.1/../../../../arm-none-eabi/lib/thumb/v7e-m+fp/hard/crt0.o (exit)
/Applications/STM32CubeIDE.app/Contents/Eclipse/plugins/com.st.stm32cube.ide.mcu.externaltools.gnu-tools-for-stm32.11.3.rel1.macos64_1.1.0.202305231506/tools/bin/../lib/gcc/arm-none-eabi/11.3.1/../../../../arm-none-eabi/lib/thumb/v7e-m+fp/hard/libc_nano.a(libc_a-findfp.o)
                              /Applications/STM32CubeIDE.app/Contents/Eclipse/plugins/com.st.stm32cube.ide.mcu.externaltools.gnu-tools-for-stm32.11.3.rel1.macos64_1.1.0.202305231506/tools/bin/../lib/gcc/arm-none-eabi/11.3.1/../../../../arm-none-eabi/lib/thumb/v7e-m+fp/hard/libc_nano.a(libc_a-exit.o) (__stdio_exit_handler)
/Applications/STM32CubeIDE.app/Contents/Eclipse/plugins/com.st.stm32cube.ide.mcu.externaltools.gnu-tools-for-stm32.11.3.rel1.macos64_1.1.0.202305231506/tools/bin/../lib/gcc/arm-none-eabi/11.3.1/../../../../arm-none-eabi/lib/thumb/v7e-m+fp/hard/libc_nano.a(libc_a-fwalk.o)
                              /Applications/STM32CubeIDE.app/Contents/Eclipse/plugins/com.st.stm32cube.ide.mcu.externaltools.gnu-tools-for-stm32.11.3.rel1.macos64_1.1.0.202305231506/tools/bin/../lib/gcc/arm-none-eabi/11.3.1/../../../../arm-none-eabi/lib/thumb/v7e-m+fp/hard/libc_nano.a(libc_a-findfp.o) (_fwalk_sglue)
/Applications/STM32CubeIDE.app/Contents/Eclipse/plugins/com.st.stm32cube.ide.mcu.externaltools.gnu-tools-for-stm32.11.3.rel1.macos64_1.1.0.202305231506/tools/bin/../lib/gcc/arm-none-eabi/11.3.1/../../../../arm-none-eabi/lib/thumb/v7e-m+fp/hard/libc_nano.a(libc_a-memset.o)
                              /Applications/STM32CubeIDE.app/Contents/Eclipse/plugins/com.st.stm32cube.ide.mcu.externaltools.gnu-tools-for-stm32.11.3.rel1.macos64_1.1.0.202305231506/tools/bin/../lib/gcc/arm-none-eabi/11.3.1/../../../../arm-none-eabi/lib/thumb/v7e-m+fp/hard/crt0.o (memset)
/Applications/STM32CubeIDE.app/Contents/Eclipse/plugins/com.st.stm32cube.ide.mcu.externaltools.gnu-tools-for-stm32.11.3.rel1.macos64_1.1.0.202305231506/tools/bin/../lib/gcc/arm-none-eabi/11.3.1/../../../../arm-none-eabi/lib/thumb/v7e-m+fp/hard/libc_nano.a(libc_a-impure.o)
                              /Applications/STM32CubeIDE.app/Contents/Eclipse/plugins/com.st.stm32cube.ide.mcu.externaltools.gnu-tools-for-stm32.11.3.rel1.macos64_1.1.0.202305231506/tools/bin/../lib/gcc/arm-none-eabi/11.3.1/../../../../arm-none-eabi/lib/thumb/v7e-m+fp/hard/libc_nano.a(libc_a-findfp.o) (_impure_data)
/Applications/STM32CubeIDE.app/Contents/Eclipse/plugins/com.st.stm32cube.ide.mcu.externaltools.gnu-tools-for-stm32.11.3.rel1.macos64_1.1.0.202305231506/tools/bin/../lib/gcc/arm-none-eabi/11.3.1/../../../../arm-none-eabi/lib/thumb/v7e-m+fp/hard/libc_nano.a(libc_a-errno.o)
                              ./Core/Src/syscalls.o (__errno)
/Applications/STM32CubeIDE.app/Contents/Eclipse/plugins/com.st.stm32cube.ide.mcu.externaltools.gnu-tools-for-stm32.11.3.rel1.macos64_1.1.0.202305231506/tools/bin/../lib/gcc/arm-none-eabi/11.3.1/../../../../arm-none-eabi/lib/thumb/v7e-m+fp/hard/libc_nano.a(libc_a-init.o)
                              /Applications/STM32CubeIDE.app/Contents/Eclipse/plugins/com.st.stm32cube.ide.mcu.externaltools.gnu-tools-for-stm32.11.3.rel1.macos64_1.1.0.202305231506/tools/bin/../lib/gcc/arm-none-eabi/11.3.1/../../../../arm-none-eabi/lib/thumb/v7e-m+fp/hard/crt0.o (__libc_init_array)
/Applications/STM32CubeIDE.app/Contents/Eclipse/plugins/com.st.stm32cube.ide.mcu.externaltools.gnu-tools-for-stm32.11.3.rel1.macos64_1.1.0.202305231506/tools/bin/../lib/gcc/arm-none-eabi/11.3.1/../../../../arm-none-eabi/lib/thumb/v7e-m+fp/hard/libc_nano.a(libc_a-lock.o)
                              /Applications/STM32CubeIDE.app/Contents/Eclipse/plugins/com.st.stm32cube.ide.mcu.externaltools.gnu-tools-for-stm32.11.3.rel1.macos64_1.1.0.202305231506/tools/bin/../lib/gcc/arm-none-eabi/11.3.1/../../../../arm-none-eabi/lib/thumb/v7e-m+fp/hard/libc_nano.a(libc_a-findfp.o) (__retarget_lock_init_recursive)
/Applications/STM32CubeIDE.app/Contents/Eclipse/plugins/com.st.stm32cube.ide.mcu.externaltools.gnu-tools-for-stm32.11.3.rel1.macos64_1.1.0.202305231506/tools/bin/../lib/gcc/arm-none-eabi/11.3.1/../../../../arm-none-eabi/lib/thumb/v7e-m+fp/hard/libc_nano.a(libc_a-memcpy-stub.o)
                              ./Drivers/Components/m24sr/m24sr.o (memcpy)
[...]
Memory Configuration

Name             Origin             Length             Attributes
RAM              0x0000000020000000 0x0000000000018000 xrw
RAM2             0x0000000010000000 0x0000000000008000 xrw
FLASH            0x0000000008000000 0x0000000000100000 xr
*default*        0x0000000000000000 0xffffffffffffffff

Linker script and memory map

LOAD /Applications/STM32CubeIDE.app/Contents/Eclipse/plugins/com.st.stm32cube.ide.mcu.externaltools.gnu-tools-for-stm32.11.3.rel1.macos64_1.1.0.202305231506/tools/bin/../lib/gcc/arm-none-eabi/11.3.1/thumb/v7e-m+fp/hard/crti.o
LOAD /Applications/STM32CubeIDE.app/Contents/Eclipse/plugins/com.st.stm32cube.ide.mcu.externaltools.gnu-tools-for-stm32.11.3.rel1.macos64_1.1.0.202305231506/tools/bin/../lib/gcc/arm-none-eabi/11.3.1/thumb/v7e-m+fp/hard/crtbegin.o
LOAD /Applications/STM32CubeIDE.app/Contents/Eclipse/plugins/com.st.stm32cube.ide.mcu.externaltools.gnu-tools-for-stm32.11.3.rel1.macos64_1.1.0.202305231506/tools/bin/../lib/gcc/arm-none-eabi/11.3.1/../../../../arm-none-eabi/lib/thumb/v7e-m+fp/hard/crt0.o
LOAD ./BlueNRG-MS/Target/hci_tl_interface.o
LOAD ./Core/Src/main.o
LOAD ./Core/Src/project_ble.o
LOAD ./Core/Src/project_sensor.o
LOAD ./Core/Src/stm32l4xx_hal_msp.o
LOAD ./Core/Src/stm32l4xx_it.o
LOAD ./Core/Src/syscalls.o
LOAD ./Core/Src/sysmem.o
LOAD ./Core/Src/system_stm32l4xx.o
LOAD ./Core/Startup/startup_stm32l475vgtx.o
LOAD ./Drivers/B-L475E-IOT01/stm32l475e_iot01.o
LOAD ./Drivers/B-L475E-IOT01/stm32l475e_iot01_accelero.o
LOAD ./Drivers/B-L475E-IOT01/stm32l475e_iot01_gyro.o
LOAD ./Drivers/B-L475E-IOT01/stm32l475e_iot01_hsensor.o
LOAD ./Drivers/B-L475E-IOT01/stm32l475e_iot01_magneto.o
LOAD ./Drivers/B-L475E-IOT01/stm32l475e_iot01_psensor.o
LOAD ./Drivers/B-L475E-IOT01/stm32l475e_iot01_qspi.o
LOAD ./Drivers/B-L475E-IOT01/stm32l475e_iot01_tsensor.o
LOAD ./Drivers/BSP/B-L475E-IOT01A1/b_l475e_iot01a1_bus.o
LOAD ./Drivers/Components/cs42l51/cs42l51.o
LOAD ./Drivers/Components/cs43l22/cs43l22.o
LOAD ./Drivers/Components/cy8c4014lqi/cy8c4014lqi.o
LOAD ./Drivers/Components/ft3x67/ft3x67.o
LOAD ./Drivers/Components/ft5336/ft5336.o
LOAD ./Drivers/Components/ft6x06/ft6x06.o
LOAD ./Drivers/Components/hts221/hts221.o
LOAD ./Drivers/Components/hx8347g/hx8347g.o
LOAD ./Drivers/Components/hx8347i/hx8347i.o
LOAD ./Drivers/Components/l3gd20/l3gd20.o
LOAD ./Drivers/Components/lis3mdl/lis3mdl.o
LOAD ./Drivers/Components/lps22hb/lps22hb.o
LOAD ./Drivers/Components/ls016b8uy/ls016b8uy.o
LOAD ./Drivers/Components/lsm303c/lsm303c.o
LOAD ./Drivers/Components/lsm303dlhc/lsm303dlhc.o
LOAD ./Drivers/Components/lsm6dsl/lsm6dsl.o
LOAD ./Drivers/Components/m24sr/m24sr.o
LOAD ./Drivers/Components/mfxstm32l152/mfxstm32l152.o
LOAD ./Drivers/Components/ov9655/ov9655.o
LOAD ./Drivers/Components/st25dv/st25dv.o
LOAD ./Drivers/Components/st25dv/st25dv_reg.o
LOAD ./Drivers/Components/st7735/st7735.o
LOAD ./Drivers/Components/st7789h2/st7789h2.o
LOAD ./Drivers/Components/stmpe1600/stmpe1600.o
LOAD ./Drivers/Components/stmpe811/stmpe811.o
LOAD ./Drivers/Components/wm8994/wm8994.o
LOAD ./Drivers/STM32L4xx_HAL_Driver/Src/stm32l4xx_hal.o
LOAD ./Drivers/STM32L4xx_HAL_Driver/Src/stm32l4xx_hal_cortex.o
LOAD ./Drivers/STM32L4xx_HAL_Driver/Src/stm32l4xx_hal_dac.o
LOAD ./Drivers/STM32L4xx_HAL_Driver/Src/stm32l4xx_hal_dac_ex.o
LOAD ./Drivers/STM32L4xx_HAL_Driver/Src/stm32l4xx_hal_dfsdm.o
LOAD ./Drivers/STM32L4xx_HAL_Driver/Src/stm32l4xx_hal_dma.o
LOAD ./Drivers/STM32L4xx_HAL_Driver/Src/stm32l4xx_hal_dma_ex.o
LOAD ./Drivers/STM32L4xx_HAL_Driver/Src/stm32l4xx_hal_exti.o
LOAD ./Drivers/STM32L4xx_HAL_Driver/Src/stm32l4xx_hal_flash.o
LOAD ./Drivers/STM32L4xx_HAL_Driver/Src/stm32l4xx_hal_flash_ex.o
LOAD ./Drivers/STM32L4xx_HAL_Driver/Src/stm32l4xx_hal_flash_ramfunc.o
LOAD ./Drivers/STM32L4xx_HAL_Driver/Src/stm32l4xx_hal_gpio.o
LOAD ./Drivers/STM32L4xx_HAL_Driver/Src/stm32l4xx_hal_i2c.o
LOAD ./Drivers/STM32L4xx_HAL_Driver/Src/stm32l4xx_hal_i2c_ex.o
LOAD ./Drivers/STM32L4xx_HAL_Driver/Src/stm32l4xx_hal_pwr.o
LOAD ./Drivers/STM32L4xx_HAL_Driver/Src/stm32l4xx_hal_pwr_ex.o
LOAD ./Drivers/STM32L4xx_HAL_Driver/Src/stm32l4xx_hal_qspi.o
LOAD ./Drivers/STM32L4xx_HAL_Driver/Src/stm32l4xx_hal_rcc.o
LOAD ./Drivers/STM32L4xx_HAL_Driver/Src/stm32l4xx_hal_rcc_ex.o
LOAD ./Drivers/STM32L4xx_HAL_Driver/Src/stm32l4xx_hal_spi.o
LOAD ./Drivers/STM32L4xx_HAL_Driver/Src/stm32l4xx_hal_spi_ex.o
LOAD ./Drivers/STM32L4xx_HAL_Driver/Src/stm32l4xx_hal_tim.o
LOAD ./Drivers/STM32L4xx_HAL_Driver/Src/stm32l4xx_hal_tim_ex.o
LOAD ./Drivers/STM32L4xx_HAL_Driver/Src/stm32l4xx_hal_uart.o
LOAD ./Drivers/STM32L4xx_HAL_Driver/Src/stm32l4xx_hal_uart_ex.o
LOAD ./Middlewares/ST/BlueNRG-MS/hci/controller/bluenrg_gap_aci.o
LOAD ./Middlewares/ST/BlueNRG-MS/hci/controller/bluenrg_gatt_aci.o
LOAD ./Middlewares/ST/BlueNRG-MS/hci/controller/bluenrg_hal_aci.o
LOAD ./Middlewares/ST/BlueNRG-MS/hci/controller/bluenrg_l2cap_aci.o
LOAD ./Middlewares/ST/BlueNRG-MS/hci/controller/bluenrg_updater_aci.o
LOAD ./Middlewares/ST/BlueNRG-MS/hci/controller/bluenrg_utils_small.o
LOAD ./Middlewares/ST/BlueNRG-MS/hci/hci_le.o
LOAD ./Middlewares/ST/BlueNRG-MS/hci/hci_tl_patterns/Basic/hci_tl.o
LOAD ./Middlewares/ST/BlueNRG-MS/utils/ble_list.o
START GROUP
LOAD /Applications/STM32CubeIDE.app/Contents/Eclipse/plugins/com.st.stm32cube.ide.mcu.externaltools.gnu-tools-for-stm32.11.3.rel1.macos64_1.1.0.202305231506/tools/bin/../lib/gcc/arm-none-eabi/11.3.1/../../../../arm-none-eabi/lib/thumb/v7e-m+fp/hard/libc_nano.a
LOAD /Applications/STM32CubeIDE.app/Contents/Eclipse/plugins/com.st.stm32cube.ide.mcu.externaltools.gnu-tools-for-stm32.11.3.rel1.macos64_1.1.0.202305231506/tools/bin/../lib/gcc/arm-none-eabi/11.3.1/../../../../arm-none-eabi/lib/thumb/v7e-m+fp/hard/libm.a
END GROUP
START GROUP
LOAD /Applications/STM32CubeIDE.app/Contents/Eclipse/plugins/com.st.stm32cube.ide.mcu.externaltools.gnu-tools-for-stm32.11.3.rel1.macos64_1.1.0.202305231506/tools/bin/../lib/gcc/arm-none-eabi/11.3.1/thumb/v7e-m+fp/hard/libgcc.a
LOAD /Applications/STM32CubeIDE.app/Contents/Eclipse/plugins/com.st.stm32cube.ide.mcu.externaltools.gnu-tools-for-stm32.11.3.rel1.macos64_1.1.0.202305231506/tools/bin/../lib/gcc/arm-none-eabi/11.3.1/../../../../arm-none-eabi/lib/thumb/v7e-m+fp/hard/libc_nano.a
END GROUP
START GROUP
LOAD /Applications/STM32CubeIDE.app/Contents/Eclipse/plugins/com.st.stm32cube.ide.mcu.externaltools.gnu-tools-for-stm32.11.3.rel1.macos64_1.1.0.202305231506/tools/bin/../lib/gcc/arm-none-eabi/11.3.1/thumb/v7e-m+fp/hard/libgcc.a
LOAD /Applications/STM32CubeIDE.app/Contents/Eclipse/plugins/com.st.stm32cube.ide.mcu.externaltools.gnu-tools-for-stm32.11.3.rel1.macos64_1.1.0.202305231506/tools/bin/../lib/gcc/arm-none-eabi/11.3.1/../../../../arm-none-eabi/lib/thumb/v7e-m+fp/hard/libc_nano.a
LOAD /Applications/STM32CubeIDE.app/Contents/Eclipse/plugins/com.st.stm32cube.ide.mcu.externaltools.gnu-tools-for-stm32.11.3.rel1.macos64_1.1.0.202305231506/tools/bin/../lib/gcc/arm-none-eabi/11.3.1/../../../../arm-none-eabi/lib/thumb/v7e-m+fp/hard/libnosys.a
END GROUP
START GROUP
LOAD /Applications/STM32CubeIDE.app/Contents/Eclipse/plugins/com.st.stm32cube.ide.mcu.externaltools.gnu-tools-for-stm32.11.3.rel1.macos64_1.1.0.202305231506/tools/bin/../lib/gcc/arm-none-eabi/11.3.1/thumb/v7e-m+fp/hard/libgcc.a
LOAD /Applications/STM32CubeIDE.app/Contents/Eclipse/plugins/com.st.stm32cube.ide.mcu.externaltools.gnu-tools-for-stm32.11.3.rel1.macos64_1.1.0.202305231506/tools/bin/../lib/gcc/arm-none-eabi/11.3.1/../../../../arm-none-eabi/lib/thumb/v7e-m+fp/hard/libc_nano.a
LOAD /Applications/STM32CubeIDE.app/Contents/Eclipse/plugins/com.st.stm32cube.ide.mcu.externaltools.gnu-tools-for-stm32.11.3.rel1.macos64_1.1.0.202305231506/tools/bin/../lib/gcc/arm-none-eabi/11.3.1/../../../../arm-none-eabi/lib/thumb/v7e-m+fp/hard/libnosys.a
END GROUP
LOAD /Applications/STM32CubeIDE.app/Contents/Eclipse/plugins/com.st.stm32cube.ide.mcu.externaltools.gnu-tools-for-stm32.11.3.rel1.macos64_1.1.0.202305231506/tools/bin/../lib/gcc/arm-none-eabi/11.3.1/thumb/v7e-m+fp/hard/crtend.o
LOAD /Applications/STM32CubeIDE.app/Contents/Eclipse/plugins/com.st.stm32cube.ide.mcu.externaltools.gnu-tools-for-stm32.11.3.rel1.macos64_1.1.0.202305231506/tools/bin/../lib/gcc/arm-none-eabi/11.3.1/thumb/v7e-m+fp/hard/crtn.o
                0x0000000020018000                _estack = (ORIGIN (RAM) + LENGTH (RAM))
                0x0000000000000200                _Min_Heap_Size = 0x200
                0x0000000000000400                _Min_Stack_Size = 0x400

.isr_vector     0x0000000008000000      0x188
                0x0000000008000000                . = ALIGN (0x4)
 *(.isr_vector)
 .isr_vector    0x0000000008000000      0x188 ./Core/Startup/startup_stm32l475vgtx.o
                0x0000000008000000                g_pfnVectors
                0x0000000008000188                . = ALIGN (0x4)

.text           0x0000000008000188     0x9bdc
                0x0000000008000188                . = ALIGN (0x4)
 *(.text)
 .text          0x0000000008000188       0x40 /Applications/STM32CubeIDE.app/Contents/Eclipse/plugins/com.st.stm32cube.ide.mcu.externaltools.gnu-tools-for-stm32.11.3.rel1.macos64_1.1.0.202305231506/tools/bin/../lib/gcc/arm-none-eabi/11.3.1/thumb/v7e-m+fp/hard/crtbegin.o
 .text          0x00000000080001c8       0x10 /Applications/STM32CubeIDE.app/Contents/Eclipse/plugins/com.st.stm32cube.ide.mcu.externaltools.gnu-tools-for-stm32.11.3.rel1.macos64_1.1.0.202305231506/tools/bin/../lib/gcc/arm-none-eabi/11.3.1/../../../../arm-none-eabi/lib/thumb/v7e-m+fp/hard/libc_nano.a(libc_a-strlen.o)
                0x00000000080001c8                strlen
 .text          0x00000000080001d8       0x30 /Applications/STM32CubeIDE.app/Contents/Eclipse/plugins/com.st.stm32cube.ide.mcu.externaltools.gnu-tools-for-stm32.11.3.rel1.macos64_1.1.0.202305231506/tools/bin/../lib/gcc/arm-none-eabi/11.3.1/thumb/v7e-m+fp/hard/libgcc.a(_aeabi_uldivmod.o)
                0x00000000080001d8                __aeabi_uldivmod
 .text          0x0000000008000208      0x2c8 /Applications/STM32CubeIDE.app/Contents/Eclipse/plugins/com.st.stm32cube.ide.mcu.externaltools.gnu-tools-for-stm32.11.3.rel1.macos64_1.1.0.202305231506/tools/bin/../lib/gcc/arm-none-eabi/11.3.1/thumb/v7e-m+fp/hard/libgcc.a(_udivmoddi4.o)
                0x0000000008000208                __udivmoddi4
 .text          0x00000000080004d0        0x4 /Applications/STM32CubeIDE.app/Contents/Eclipse/plugins/com.st.stm32cube.ide.mcu.externaltools.gnu-tools-for-stm32.11.3.rel1.macos64_1.1.0.202305231506/tools/bin/../lib/gcc/arm-none-eabi/11.3.1/thumb/v7e-m+fp/hard/libgcc.a(_dvmd_tls.o)
                0x00000000080004d0                __aeabi_ldiv0
                0x00000000080004d0                __aeabi_idiv0
 *(.text*)
 .text.HCI_TL_SPI_Init
                0x00000000080004d4       0x94 ./BlueNRG-MS/Target/hci_tl_interface.o
                0x00000000080004d4                HCI_TL_SPI_Init
 .text.HCI_TL_SPI_DeInit
                0x0000000008000568       0x30 ./BlueNRG-MS/Target/hci_tl_interface.o
                0x0000000008000568                HCI_TL_SPI_DeInit
 .text.HCI_TL_SPI_Reset
                0x0000000008000598       0x44 ./BlueNRG-MS/Target/hci_tl_interface.o
                0x0000000008000598                HCI_TL_SPI_Reset
 .text.HCI_TL_SPI_Receive
                0x00000000080005dc       0xb8 ./BlueNRG-MS/Target/hci_tl_interface.o
                0x00000000080005dc                HCI_TL_SPI_Receive
 .text.HCI_TL_SPI_Send
                0x0000000008000694       0xac ./BlueNRG-MS/Target/hci_tl_interface.o
                0x0000000008000694                HCI_TL_SPI_Send
 .text.IsDataAvailable
                0x0000000008000740       0x20 ./BlueNRG-MS/Target/hci_tl_interface.o
 .text.hci_tl_lowlevel_init
                0x0000000008000760       0x74 ./BlueNRG-MS/Target/hci_tl_interface.o
                0x0000000008000760                hci_tl_lowlevel_init
 .text.hci_tl_lowlevel_isr
                0x00000000080007d4       0x22 ./BlueNRG-MS/Target/hci_tl_interface.o
                0x00000000080007d4                hci_tl_lowlevel_isr
 *fill*         0x00000000080007f6        0x2 
 .text.HAL_GPIO_EXTI_Callback
                0x00000000080007f8       0x44 ./Core/Src/main.o
                0x00000000080007f8                HAL_GPIO_EXTI_Callback
 .text.HAL_DFSDM_FilterRegConvCpltCallback
                0x000000000800083c       0x90 ./Core/Src/main.o
                0x000000000800083c                HAL_DFSDM_FilterRegConvCpltCallback
 .text.getReadings
                0x00000000080008cc       0x6c ./Core/Src/main.o
                0x00000000080008cc                getReadings
 .text.main     0x0000000008000938       0xac ./Core/Src/main.o
                0x0000000008000938                main
 .text.SystemClock_Config
                0x00000000080009e4       0xc4 ./Core/Src/main.o
                0x00000000080009e4                SystemClock_Config
 .text.MX_DAC1_Init
                0x0000000008000aa8       0x68 ./Core/Src/main.o
 .text.MX_DFSDM1_Init
                0x0000000008000b10       0xcc ./Core/Src/main.o
 .text.MX_I2C1_Init
                0x0000000008000bdc       0x80 ./Core/Src/main.o
 .text.MX_I2C2_Init
                0x0000000008000c5c       0x7c ./Core/Src/main.o
 .text.MX_QUADSPI_Init
                0x0000000008000cd8       0x4c ./Core/Src/main.o
 .text.MX_USART1_UART_Init
                0x0000000008000d24       0x60 ./Core/Src/main.o
 .text.MX_DMA_Init
                0x0000000008000d84       0x3c ./Core/Src/main.o
 .text.MX_GPIO_Init
                0x0000000008000dc0      0x3a0 ./Core/Src/main.o
 .text.readNumOfData_1
                0x0000000008001160       0x5c ./Core/Src/main.o
                0x0000000008001160                readNumOfData_1
 .text.writeDataToFlash
                0x00000000080011bc       0xb4 ./Core/Src/main.o
                0x00000000080011bc                writeDataToFlash
 .text.readDataBlock1
                0x0000000008001270       0x46 ./Core/Src/main.o
                0x0000000008001270                readDataBlock1
 .text.Error_Handler
                0x00000000080012b6        0xa ./Core/Src/main.o
                0x00000000080012b6                Error_Handler
 .text.init_ble
                0x00000000080012c0      0x12c ./Core/Src/project_ble.o
                0x00000000080012c0                init_ble
 .text.User_Init
                0x00000000080013ec        0xe ./Core/Src/project_ble.o
 *fill*         0x00000000080013fa        0x2 
 .text.Add_SensorData_Service
                0x00000000080013fc      0x120 ./Core/Src/project_ble.o
                0x00000000080013fc                Add_SensorData_Service
 .text.Sensor_Reading_Update
                0x000000000800151c       0xc4 ./Core/Src/project_ble.o
                0x000000000800151c                Sensor_Reading_Update
 .text.Read_Request_CB
                0x00000000080015e0       0x4c ./Core/Src/project_ble.o
                0x00000000080015e0                Read_Request_CB
 .text.run_ble  0x000000000800162c       0x60 ./Core/Src/project_ble.o
                0x000000000800162c                run_ble
 .text.Set_DeviceConnectable
                0x000000000800168c       0xe8 ./Core/Src/project_sensor.o
                0x000000000800168c                Set_DeviceConnectable
 .text.user_notify
                0x0000000008001774       0x9e ./Core/Src/project_sensor.o
                0x0000000008001774                user_notify
 *fill*         0x0000000008001812        0x2 
 .text.GAP_DisconnectionComplete_CB
                0x0000000008001814       0x2c ./Core/Src/project_sensor.o
                0x0000000008001814                GAP_DisconnectionComplete_CB
 .text.GAP_ConnectionComplete_CB
                0x0000000008001840       0x40 ./Core/Src/project_sensor.o
                0x0000000008001840                GAP_ConnectionComplete_CB
 .text.HAL_MspInit
                0x0000000008001880       0x48 ./Core/Src/stm32l4xx_hal_msp.o
                0x0000000008001880                HAL_MspInit
 .text.HAL_DAC_MspInit
                0x00000000080018c8       0x40 ./Core/Src/stm32l4xx_hal_msp.o
                0x00000000080018c8                HAL_DAC_MspInit
 .text.HAL_DFSDM_FilterMspInit
                0x0000000008001908      0x158 ./Core/Src/stm32l4xx_hal_msp.o
                0x0000000008001908                HAL_DFSDM_FilterMspInit
 .text.HAL_DFSDM_ChannelMspInit
                0x0000000008001a60       0xe0 ./Core/Src/stm32l4xx_hal_msp.o
                0x0000000008001a60                HAL_DFSDM_ChannelMspInit
 .text.HAL_I2C_MspInit
                0x0000000008001b40      0x144 ./Core/Src/stm32l4xx_hal_msp.o
                0x0000000008001b40                HAL_I2C_MspInit
 .text.HAL_I2C_MspDeInit
                0x0000000008001c84       0x78 ./Core/Src/stm32l4xx_hal_msp.o
                0x0000000008001c84                HAL_I2C_MspDeInit
 .text.HAL_QSPI_MspInit
                0x0000000008001cfc       0x88 ./Core/Src/stm32l4xx_hal_msp.o
                0x0000000008001cfc                HAL_QSPI_MspInit
 .text.HAL_QSPI_MspDeInit
                0x0000000008001d84       0x3c ./Core/Src/stm32l4xx_hal_msp.o
                0x0000000008001d84                HAL_QSPI_MspDeInit
 .text.HAL_UART_MspInit
                0x0000000008001dc0       0xbc ./Core/Src/stm32l4xx_hal_msp.o
                0x0000000008001dc0                HAL_UART_MspInit
 .text.NMI_Handler
                0x0000000008001e7c        0x6 ./Core/Src/stm32l4xx_it.o
                0x0000000008001e7c                NMI_Handler
 .text.HardFault_Handler
                0x0000000008001e82        0x6 ./Core/Src/stm32l4xx_it.o
                0x0000000008001e82                HardFault_Handler
 .text.MemManage_Handler
                0x0000000008001e88        0x6 ./Core/Src/stm32l4xx_it.o
                0x0000000008001e88                MemManage_Handler
 .text.BusFault_Handler
                0x0000000008001e8e        0x6 ./Core/Src/stm32l4xx_it.o
                0x0000000008001e8e                BusFault_Handler
 .text.UsageFault_Handler
                0x0000000008001e94        0x6 ./Core/Src/stm32l4xx_it.o
                0x0000000008001e94                UsageFault_Handler
 .text.SVC_Handler
                0x0000000008001e9a        0xe ./Core/Src/stm32l4xx_it.o
                0x0000000008001e9a                SVC_Handler
 .text.DebugMon_Handler
                0x0000000008001ea8        0xe ./Core/Src/stm32l4xx_it.o
                0x0000000008001ea8                DebugMon_Handler
 .text.PendSV_Handler
                0x0000000008001eb6        0xe ./Core/Src/stm32l4xx_it.o
                0x0000000008001eb6                PendSV_Handler
 .text.SysTick_Handler
                0x0000000008001ec4        0xc ./Core/Src/stm32l4xx_it.o
                0x0000000008001ec4                SysTick_Handler
 .text.DMA1_Channel4_IRQHandler
                0x0000000008001ed0       0x14 ./Core/Src/stm32l4xx_it.o
                0x0000000008001ed0                DMA1_Channel4_IRQHandler
 .text.EXTI9_5_IRQHandler
                0x0000000008001ee4       0x28 ./Core/Src/stm32l4xx_it.o
                0x0000000008001ee4                EXTI9_5_IRQHandler
 .text.EXTI15_10_IRQHandler
                0x0000000008001f0c       0x30 ./Core/Src/stm32l4xx_it.o
                0x0000000008001f0c                EXTI15_10_IRQHandler
 .text.SystemInit
                0x0000000008001f3c       0x24 ./Core/Src/system_stm32l4xx.o
                0x0000000008001f3c                SystemInit
 .text.Reset_Handler
                0x0000000008001f60       0x50 ./Core/Startup/startup_stm32l475vgtx.o
                0x0000000008001f60                Reset_Handler
 .text.Default_Handler
                0x0000000008001fb0        0x2 ./Core/Startup/startup_stm32l475vgtx.o
                0x0000000008001fb0                TIM1_BRK_TIM15_IRQHandler
                0x0000000008001fb0                EXTI2_IRQHandler
                0x0000000008001fb0                TIM8_TRG_COM_IRQHandler
                0x0000000008001fb0                TIM8_CC_IRQHandler
                0x0000000008001fb0                TIM1_CC_IRQHandler
                0x0000000008001fb0                TSC_IRQHandler
                0x0000000008001fb0                TAMP_STAMP_IRQHandler
                0x0000000008001fb0                EXTI3_IRQHandler
                0x0000000008001fb0                LPTIM2_IRQHandler
                0x0000000008001fb0                DFSDM1_FLT1_IRQHandler
                0x0000000008001fb0                I2C3_ER_IRQHandler
                0x0000000008001fb0                DFSDM1_FLT2_IRQHandler
                0x0000000008001fb0                EXTI0_IRQHandler
                0x0000000008001fb0                I2C2_EV_IRQHandler
                0x0000000008001fb0                CAN1_RX0_IRQHandler
                0x0000000008001fb0                FPU_IRQHandler
                0x0000000008001fb0                TIM1_UP_TIM16_IRQHandler
                0x0000000008001fb0                ADC1_2_IRQHandler
                0x0000000008001fb0                SPI1_IRQHandler
                0x0000000008001fb0                TIM6_DAC_IRQHandler
                0x0000000008001fb0                TIM8_UP_IRQHandler
                0x0000000008001fb0                DMA2_Channel2_IRQHandler
                0x0000000008001fb0                SAI2_IRQHandler
                0x0000000008001fb0                DFSDM1_FLT3_IRQHandler
                0x0000000008001fb0                USART3_IRQHandler
                0x0000000008001fb0                DMA1_Channel7_IRQHandler
                0x0000000008001fb0                CAN1_RX1_IRQHandler
                0x0000000008001fb0                UART5_IRQHandler
                0x0000000008001fb0                ADC3_IRQHandler
                0x0000000008001fb0                TIM4_IRQHandler
                0x0000000008001fb0                DMA2_Channel1_IRQHandler
                0x0000000008001fb0                QUADSPI_IRQHandler
                0x0000000008001fb0                I2C1_EV_IRQHandler
                0x0000000008001fb0                DMA1_Channel6_IRQHandler
                0x0000000008001fb0                UART4_IRQHandler
                0x0000000008001fb0                DMA2_Channel4_IRQHandler
                0x0000000008001fb0                TIM3_IRQHandler
                0x0000000008001fb0                RCC_IRQHandler
                0x0000000008001fb0                DMA1_Channel1_IRQHandler
                0x0000000008001fb0                Default_Handler
                0x0000000008001fb0                DMA2_Channel7_IRQHandler
                0x0000000008001fb0                TIM7_IRQHandler
                0x0000000008001fb0                SDMMC1_IRQHandler
                0x0000000008001fb0                TIM5_IRQHandler
                0x0000000008001fb0                I2C3_EV_IRQHandler
                0x0000000008001fb0                RTC_WKUP_IRQHandler
                0x0000000008001fb0                PVD_PVM_IRQHandler
                0x0000000008001fb0                SPI2_IRQHandler
                0x0000000008001fb0                CAN1_TX_IRQHandler
                0x0000000008001fb0                DMA2_Channel5_IRQHandler
                0x0000000008001fb0                DMA1_Channel5_IRQHandler
                0x0000000008001fb0                EXTI4_IRQHandler
                0x0000000008001fb0                RNG_IRQHandler
                0x0000000008001fb0                TIM1_TRG_COM_TIM17_IRQHandler
                0x0000000008001fb0                DMA1_Channel3_IRQHandler
                0x0000000008001fb0                COMP_IRQHandler
                0x0000000008001fb0                WWDG_IRQHandler
                0x0000000008001fb0                LPUART1_IRQHandler
                0x0000000008001fb0                DMA2_Channel6_IRQHandler
                0x0000000008001fb0                TIM2_IRQHandler
                0x0000000008001fb0                EXTI1_IRQHandler
                0x0000000008001fb0                USART2_IRQHandler
                0x0000000008001fb0                DFSDM1_FLT0_IRQHandler
                0x0000000008001fb0                I2C2_ER_IRQHandler
                0x0000000008001fb0                DMA1_Channel2_IRQHandler
                0x0000000008001fb0                TIM8_BRK_IRQHandler
                0x0000000008001fb0                CAN1_SCE_IRQHandler
                0x0000000008001fb0                FLASH_IRQHandler
                0x0000000008001fb0                USART1_IRQHandler
                0x0000000008001fb0                OTG_FS_IRQHandler
                0x0000000008001fb0                SPI3_IRQHandler
                0x0000000008001fb0                I2C1_ER_IRQHandler
                0x0000000008001fb0                FMC_IRQHandler
                0x0000000008001fb0                SWPMI1_IRQHandler
                0x0000000008001fb0                LPTIM1_IRQHandler
                0x0000000008001fb0                SAI1_IRQHandler
                0x0000000008001fb0                DMA2_Channel3_IRQHandler
                0x0000000008001fb0                RTC_Alarm_IRQHandler
 *fill*         0x0000000008001fb2        0x2 
 .text.I2Cx_MspInit
                0x0000000008001fb4       0xb0 ./Drivers/B-L475E-IOT01/stm32l475e_iot01.o
 .text.I2Cx_Init
                0x0000000008002064       0x5c ./Drivers/B-L475E-IOT01/stm32l475e_iot01.o
 .text.I2Cx_ReadMultiple
                0x00000000080020c0       0x5a ./Drivers/B-L475E-IOT01/stm32l475e_iot01.o
 .text.I2Cx_WriteMultiple
                0x000000000800211a       0x5a ./Drivers/B-L475E-IOT01/stm32l475e_iot01.o
 .text.I2Cx_Error
                0x0000000008002174       0x20 ./Drivers/B-L475E-IOT01/stm32l475e_iot01.o
 .text.SENSOR_IO_Init
                0x0000000008002194       0x14 ./Drivers/B-L475E-IOT01/stm32l475e_iot01.o
                0x0000000008002194                SENSOR_IO_Init
 .text.SENSOR_IO_Write
                0x00000000080021a8       0x34 ./Drivers/B-L475E-IOT01/stm32l475e_iot01.o
                0x00000000080021a8                SENSOR_IO_Write
 .text.SENSOR_IO_Read
                0x00000000080021dc       0x3c ./Drivers/B-L475E-IOT01/stm32l475e_iot01.o
                0x00000000080021dc                SENSOR_IO_Read
 .text.SENSOR_IO_ReadMultiple
                0x0000000008002218       0x3c ./Drivers/B-L475E-IOT01/stm32l475e_iot01.o
                0x0000000008002218                SENSOR_IO_ReadMultiple
 .text.BSP_HSENSOR_Init
                0x0000000008002254       0x40 ./Drivers/B-L475E-IOT01/stm32l475e_iot01_hsensor.o
                0x0000000008002254                BSP_HSENSOR_Init
 .text.BSP_HSENSOR_ReadHumidity
                0x0000000008002294       0x1c ./Drivers/B-L475E-IOT01/stm32l475e_iot01_hsensor.o
                0x0000000008002294                BSP_HSENSOR_ReadHumidity
 .text.BSP_PSENSOR_Init
                0x00000000080022b0       0x40 ./Drivers/B-L475E-IOT01/stm32l475e_iot01_psensor.o
                0x00000000080022b0                BSP_PSENSOR_Init
 .text.BSP_PSENSOR_ReadPressure
                0x00000000080022f0       0x1c ./Drivers/B-L475E-IOT01/stm32l475e_iot01_psensor.o
                0x00000000080022f0                BSP_PSENSOR_ReadPressure
 .text.BSP_QSPI_Init
                0x000000000800230c       0xd8 ./Drivers/B-L475E-IOT01/stm32l475e_iot01_qspi.o
                0x000000000800230c                BSP_QSPI_Init
 .text.BSP_QSPI_Read
                0x00000000080023e4       0x8c ./Drivers/B-L475E-IOT01/stm32l475e_iot01_qspi.o
                0x00000000080023e4                BSP_QSPI_Read
 .text.BSP_QSPI_Write
                0x0000000008002470       0xfc ./Drivers/B-L475E-IOT01/stm32l475e_iot01_qspi.o
                0x0000000008002470                BSP_QSPI_Write
 .text.BSP_QSPI_Erase_Block
                0x000000000800256c       0x88 ./Drivers/B-L475E-IOT01/stm32l475e_iot01_qspi.o
                0x000000000800256c                BSP_QSPI_Erase_Block
 .text.BSP_QSPI_MspInit
                0x00000000080025f4       0x80 ./Drivers/B-L475E-IOT01/stm32l475e_iot01_qspi.o
                0x00000000080025f4                BSP_QSPI_MspInit
 .text.QSPI_ResetMemory
                0x0000000008002674       0x88 ./Drivers/B-L475E-IOT01/stm32l475e_iot01_qspi.o
 .text.QSPI_WriteEnable
                0x00000000080026fc       0x98 ./Drivers/B-L475E-IOT01/stm32l475e_iot01_qspi.o
 .text.QSPI_AutoPollingMemReady
                0x0000000008002794       0x74 ./Drivers/B-L475E-IOT01/stm32l475e_iot01_qspi.o
 .text.QSPI_QuadMode
                0x0000000008002808      0x150 ./Drivers/B-L475E-IOT01/stm32l475e_iot01_qspi.o
 .text.QSPI_HighPerfMode
                0x0000000008002958      0x194 ./Drivers/B-L475E-IOT01/stm32l475e_iot01_qspi.o
 .text.BSP_TSENSOR_Init
                0x0000000008002aec       0x38 ./Drivers/B-L475E-IOT01/stm32l475e_iot01_tsensor.o
                0x0000000008002aec                BSP_TSENSOR_Init
 .text.BSP_TSENSOR_ReadTemp
                0x0000000008002b24       0x1c ./Drivers/B-L475E-IOT01/stm32l475e_iot01_tsensor.o
                0x0000000008002b24                BSP_TSENSOR_ReadTemp
 .text.BSP_SPI3_Init
                0x0000000008002b40       0x60 ./Drivers/BSP/B-L475E-IOT01A1/b_l475e_iot01a1_bus.o
                0x0000000008002b40                BSP_SPI3_Init
 .text.BSP_SPI3_SendRecv
                0x0000000008002ba0       0x40 ./Drivers/BSP/B-L475E-IOT01A1/b_l475e_iot01a1_bus.o
                0x0000000008002ba0                BSP_SPI3_SendRecv
 .text.BSP_GetTick
                0x0000000008002be0        0xe ./Drivers/BSP/B-L475E-IOT01A1/b_l475e_iot01a1_bus.o
                0x0000000008002be0                BSP_GetTick
 *fill*         0x0000000008002bee        0x2 
 .text.MX_SPI3_Init
                0x0000000008002bf0       0x84 ./Drivers/BSP/B-L475E-IOT01A1/b_l475e_iot01a1_bus.o
                0x0000000008002bf0                MX_SPI3_Init
 .text.SPI3_MspInit
                0x0000000008002c74       0xb0 ./Drivers/BSP/B-L475E-IOT01A1/b_l475e_iot01a1_bus.o
 .text.HTS221_H_Init
                0x0000000008002d24       0x58 ./Drivers/Components/hts221/hts221.o
                0x0000000008002d24                HTS221_H_Init
 .text.HTS221_H_ReadID
                0x0000000008002d7c       0x2c ./Drivers/Components/hts221/hts221.o
                0x0000000008002d7c                HTS221_H_ReadID
 .text.HTS221_H_ReadHumidity
                0x0000000008002da8      0x138 ./Drivers/Components/hts221/hts221.o
                0x0000000008002da8                HTS221_H_ReadHumidity
 .text.HTS221_T_Init
                0x0000000008002ee0       0x5a ./Drivers/Components/hts221/hts221.o
                0x0000000008002ee0                HTS221_T_Init
 .text.HTS221_T_ReadTemp
                0x0000000008002f3a      0x10e ./Drivers/Components/hts221/hts221.o
                0x0000000008002f3a                HTS221_T_ReadTemp
 .text.LPS22HB_P_Init
                0x0000000008003048       0x1a ./Drivers/Components/lps22hb/lps22hb.o
                0x0000000008003048                LPS22HB_P_Init
 .text.LPS22HB_P_ReadID
                0x0000000008003062       0x2c ./Drivers/Components/lps22hb/lps22hb.o
                0x0000000008003062                LPS22HB_P_ReadID
 *fill*         0x000000000800308e        0x2 
 .text.LPS22HB_P_ReadPressure
                0x0000000008003090       0xbc ./Drivers/Components/lps22hb/lps22hb.o
                0x0000000008003090                LPS22HB_P_ReadPressure
 .text.LPS22HB_Init
                0x000000000800314c       0x7e ./Drivers/Components/lps22hb/lps22hb.o
 .text.HAL_Init
                0x00000000080031ca       0x30 ./Drivers/STM32L4xx_HAL_Driver/Src/stm32l4xx_hal.o
                0x00000000080031ca                HAL_Init
 *fill*         0x00000000080031fa        0x2 
 .text.HAL_InitTick
                0x00000000080031fc       0x78 ./Drivers/STM32L4xx_HAL_Driver/Src/stm32l4xx_hal.o
                0x00000000080031fc                HAL_InitTick
 .text.HAL_IncTick
                0x0000000008003274       0x28 ./Drivers/STM32L4xx_HAL_Driver/Src/stm32l4xx_hal.o
                0x0000000008003274                HAL_IncTick
 .text.HAL_GetTick
                0x000000000800329c       0x18 ./Drivers/STM32L4xx_HAL_Driver/Src/stm32l4xx_hal.o
                0x000000000800329c                HAL_GetTick
 .text.HAL_Delay
                0x00000000080032b4       0x48 ./Drivers/STM32L4xx_HAL_Driver/Src/stm32l4xx_hal.o
                0x00000000080032b4                HAL_Delay
 .text.__NVIC_SetPriorityGrouping
                0x00000000080032fc       0x48 ./Drivers/STM32L4xx_HAL_Driver/Src/stm32l4xx_hal_cortex.o
 .text.__NVIC_GetPriorityGrouping
                0x0000000008003344       0x1c ./Drivers/STM32L4xx_HAL_Driver/Src/stm32l4xx_hal_cortex.o
 .text.__NVIC_EnableIRQ
                0x0000000008003360       0x3c ./Drivers/STM32L4xx_HAL_Driver/Src/stm32l4xx_hal_cortex.o
 .text.__NVIC_SetPriority
                0x000000000800339c       0x54 ./Drivers/STM32L4xx_HAL_Driver/Src/stm32l4xx_hal_cortex.o
 .text.NVIC_EncodePriority
                0x00000000080033f0       0x66 ./Drivers/STM32L4xx_HAL_Driver/Src/stm32l4xx_hal_cortex.o
 *fill*         0x0000000008003456        0x2 
 .text.SysTick_Config
                0x0000000008003458       0x44 ./Drivers/STM32L4xx_HAL_Driver/Src/stm32l4xx_hal_cortex.o
 .text.HAL_NVIC_SetPriorityGrouping
                0x000000000800349c       0x16 ./Drivers/STM32L4xx_HAL_Driver/Src/stm32l4xx_hal_cortex.o
                0x000000000800349c                HAL_NVIC_SetPriorityGrouping
 .text.HAL_NVIC_SetPriority
                0x00000000080034b2       0x38 ./Drivers/STM32L4xx_HAL_Driver/Src/stm32l4xx_hal_cortex.o
                0x00000000080034b2                HAL_NVIC_SetPriority
 .text.HAL_NVIC_EnableIRQ
                0x00000000080034ea       0x1c ./Drivers/STM32L4xx_HAL_Driver/Src/stm32l4xx_hal_cortex.o
                0x00000000080034ea                HAL_NVIC_EnableIRQ
 .text.HAL_SYSTICK_Config
                0x0000000008003506       0x18 ./Drivers/STM32L4xx_HAL_Driver/Src/stm32l4xx_hal_cortex.o
                0x0000000008003506                HAL_SYSTICK_Config
 .text.HAL_DAC_Init
                0x000000000800351e       0x44 ./Drivers/STM32L4xx_HAL_Driver/Src/stm32l4xx_hal_dac.o
                0x000000000800351e                HAL_DAC_Init
 .text.HAL_DAC_ConfigChannel
                0x0000000008003562      0x24e ./Drivers/STM32L4xx_HAL_Driver/Src/stm32l4xx_hal_dac.o
                0x0000000008003562                HAL_DAC_ConfigChannel
 .text.HAL_DFSDM_ChannelInit
                0x00000000080037b0      0x180 ./Drivers/STM32L4xx_HAL_Driver/Src/stm32l4xx_hal_dfsdm.o
                0x00000000080037b0                HAL_DFSDM_ChannelInit
 .text.HAL_DFSDM_FilterInit
                0x0000000008003930      0x1b4 ./Drivers/STM32L4xx_HAL_Driver/Src/stm32l4xx_hal_dfsdm.o
                0x0000000008003930                HAL_DFSDM_FilterInit
 .text.HAL_DFSDM_FilterConfigRegChannel
                0x0000000008003ae4       0x8a ./Drivers/STM32L4xx_HAL_Driver/Src/stm32l4xx_hal_dfsdm.o
                0x0000000008003ae4                HAL_DFSDM_FilterConfigRegChannel
 *fill*         0x0000000008003b6e        0x2 
 .text.HAL_DFSDM_FilterRegularStart_DMA
                0x0000000008003b70      0x104 ./Drivers/STM32L4xx_HAL_Driver/Src/stm32l4xx_hal_dfsdm.o
                0x0000000008003b70                HAL_DFSDM_FilterRegularStart_DMA
 .text.HAL_DFSDM_FilterRegularStop_DMA
                0x0000000008003c74       0x40 ./Drivers/STM32L4xx_HAL_Driver/Src/stm32l4xx_hal_dfsdm.o
                0x0000000008003c74                HAL_DFSDM_FilterRegularStop_DMA
 .text.HAL_DFSDM_FilterRegConvHalfCpltCallback
                0x0000000008003cb4       0x14 ./Drivers/STM32L4xx_HAL_Driver/Src/stm32l4xx_hal_dfsdm.o
                0x0000000008003cb4                HAL_DFSDM_FilterRegConvHalfCpltCallback
 .text.HAL_DFSDM_FilterErrorCallback
                0x0000000008003cc8       0x14 ./Drivers/STM32L4xx_HAL_Driver/Src/stm32l4xx_hal_dfsdm.o
                0x0000000008003cc8                HAL_DFSDM_FilterErrorCallback
 .text.DFSDM_DMARegularHalfConvCplt
                0x0000000008003cdc       0x1c ./Drivers/STM32L4xx_HAL_Driver/Src/stm32l4xx_hal_dfsdm.o
 .text.DFSDM_DMARegularConvCplt
                0x0000000008003cf8       0x1c ./Drivers/STM32L4xx_HAL_Driver/Src/stm32l4xx_hal_dfsdm.o
 .text.DFSDM_DMAError
                0x0000000008003d14       0x22 ./Drivers/STM32L4xx_HAL_Driver/Src/stm32l4xx_hal_dfsdm.o
 *fill*         0x0000000008003d36        0x2 
 .text.DFSDM_GetChannelFromInstance
                0x0000000008003d38       0x98 ./Drivers/STM32L4xx_HAL_Driver/Src/stm32l4xx_hal_dfsdm.o
 .text.DFSDM_RegConvStart
                0x0000000008003dd0       0xac ./Drivers/STM32L4xx_HAL_Driver/Src/stm32l4xx_hal_dfsdm.o
 .text.DFSDM_RegConvStop
                0x0000000008003e7c       0x9a ./Drivers/STM32L4xx_HAL_Driver/Src/stm32l4xx_hal_dfsdm.o
 *fill*         0x0000000008003f16        0x2 
 .text.HAL_DMA_Init
                0x0000000008003f18      0x170 ./Drivers/STM32L4xx_HAL_Driver/Src/stm32l4xx_hal_dma.o
                0x0000000008003f18                HAL_DMA_Init
 .text.HAL_DMA_Start_IT
                0x0000000008004088       0xc0 ./Drivers/STM32L4xx_HAL_Driver/Src/stm32l4xx_hal_dma.o
                0x0000000008004088                HAL_DMA_Start_IT
 .text.HAL_DMA_Abort
                0x0000000008004148       0x7c ./Drivers/STM32L4xx_HAL_Driver/Src/stm32l4xx_hal_dma.o
                0x0000000008004148                HAL_DMA_Abort
 .text.HAL_DMA_IRQHandler
                0x00000000080041c4      0x15e ./Drivers/STM32L4xx_HAL_Driver/Src/stm32l4xx_hal_dma.o
                0x00000000080041c4                HAL_DMA_IRQHandler
 .text.DMA_SetConfig
                0x0000000008004322       0x60 ./Drivers/STM32L4xx_HAL_Driver/Src/stm32l4xx_hal_dma.o
 .text.HAL_EXTI_RegisterCallback
                0x0000000008004382       0x34 ./Drivers/STM32L4xx_HAL_Driver/Src/stm32l4xx_hal_exti.o
                0x0000000008004382                HAL_EXTI_RegisterCallback
 .text.HAL_EXTI_GetHandle
                0x00000000080043b6       0x28 ./Drivers/STM32L4xx_HAL_Driver/Src/stm32l4xx_hal_exti.o
                0x00000000080043b6                HAL_EXTI_GetHandle
 *fill*         0x00000000080043de        0x2 
 .text.HAL_EXTI_IRQHandler
                0x00000000080043e0       0x60 ./Drivers/STM32L4xx_HAL_Driver/Src/stm32l4xx_hal_exti.o
                0x00000000080043e0                HAL_EXTI_IRQHandler
 .text.HAL_GPIO_Init
                0x0000000008004440      0x354 ./Drivers/STM32L4xx_HAL_Driver/Src/stm32l4xx_hal_gpio.o
                0x0000000008004440                HAL_GPIO_Init
 .text.HAL_GPIO_DeInit
                0x0000000008004794      0x1e8 ./Drivers/STM32L4xx_HAL_Driver/Src/stm32l4xx_hal_gpio.o
                0x0000000008004794                HAL_GPIO_DeInit
 .text.HAL_GPIO_ReadPin
                0x000000000800497c       0x30 ./Drivers/STM32L4xx_HAL_Driver/Src/stm32l4xx_hal_gpio.o
                0x000000000800497c                HAL_GPIO_ReadPin
 .text.HAL_GPIO_WritePin
                0x00000000080049ac       0x30 ./Drivers/STM32L4xx_HAL_Driver/Src/stm32l4xx_hal_gpio.o
                0x00000000080049ac                HAL_GPIO_WritePin
 .text.HAL_GPIO_TogglePin
                0x00000000080049dc       0x34 ./Drivers/STM32L4xx_HAL_Driver/Src/stm32l4xx_hal_gpio.o
                0x00000000080049dc                HAL_GPIO_TogglePin
 .text.HAL_GPIO_EXTI_IRQHandler
                0x0000000008004a10       0x30 ./Drivers/STM32L4xx_HAL_Driver/Src/stm32l4xx_hal_gpio.o
                0x0000000008004a10                HAL_GPIO_EXTI_IRQHandler
 .text.HAL_I2C_Init
                0x0000000008004a40      0x136 ./Drivers/STM32L4xx_HAL_Driver/Src/stm32l4xx_hal_i2c.o
                0x0000000008004a40                HAL_I2C_Init
 .text.HAL_I2C_DeInit
                0x0000000008004b76       0x5e ./Drivers/STM32L4xx_HAL_Driver/Src/stm32l4xx_hal_i2c.o
                0x0000000008004b76                HAL_I2C_DeInit
 .text.HAL_I2C_Mem_Write
                0x0000000008004bd4      0x228 ./Drivers/STM32L4xx_HAL_Driver/Src/stm32l4xx_hal_i2c.o
                0x0000000008004bd4                HAL_I2C_Mem_Write
 .text.HAL_I2C_Mem_Read
                0x0000000008004dfc      0x234 ./Drivers/STM32L4xx_HAL_Driver/Src/stm32l4xx_hal_i2c.o
                0x0000000008004dfc                HAL_I2C_Mem_Read
 .text.I2C_RequestMemoryWrite
                0x0000000008005030       0xa8 ./Drivers/STM32L4xx_HAL_Driver/Src/stm32l4xx_hal_i2c.o
 .text.I2C_RequestMemoryRead
                0x00000000080050d8       0xa8 ./Drivers/STM32L4xx_HAL_Driver/Src/stm32l4xx_hal_i2c.o
 .text.I2C_Flush_TXDR
                0x0000000008005180       0x48 ./Drivers/STM32L4xx_HAL_Driver/Src/stm32l4xx_hal_i2c.o
 .text.I2C_WaitOnFlagUntilTimeout
                0x00000000080051c8       0x9e ./Drivers/STM32L4xx_HAL_Driver/Src/stm32l4xx_hal_i2c.o
 .text.I2C_WaitOnTXISFlagUntilTimeout
                0x0000000008005266       0x8e ./Drivers/STM32L4xx_HAL_Driver/Src/stm32l4xx_hal_i2c.o
 .text.I2C_WaitOnSTOPFlagUntilTimeout
                0x00000000080052f4       0x86 ./Drivers/STM32L4xx_HAL_Driver/Src/stm32l4xx_hal_i2c.o
 *fill*         0x000000000800537a        0x2 
 .text.I2C_IsErrorOccurred
                0x000000000800537c      0x1c0 ./Drivers/STM32L4xx_HAL_Driver/Src/stm32l4xx_hal_i2c.o
 .text.I2C_TransferConfig
                0x000000000800553c       0x64 ./Drivers/STM32L4xx_HAL_Driver/Src/stm32l4xx_hal_i2c.o
 .text.HAL_I2CEx_ConfigAnalogFilter
                0x00000000080055a0       0x96 ./Drivers/STM32L4xx_HAL_Driver/Src/stm32l4xx_hal_i2c_ex.o
                0x00000000080055a0                HAL_I2CEx_ConfigAnalogFilter
 .text.HAL_I2CEx_ConfigDigitalFilter
                0x0000000008005636       0x98 ./Drivers/STM32L4xx_HAL_Driver/Src/stm32l4xx_hal_i2c_ex.o
                0x0000000008005636                HAL_I2CEx_ConfigDigitalFilter
 *fill*         0x00000000080056ce        0x2 
 .text.HAL_PWR_EnableBkUpAccess
                0x00000000080056d0       0x20 ./Drivers/STM32L4xx_HAL_Driver/Src/stm32l4xx_hal_pwr.o
                0x00000000080056d0                HAL_PWR_EnableBkUpAccess
 .text.HAL_PWREx_GetVoltageRange
                0x00000000080056f0       0x1c ./Drivers/STM32L4xx_HAL_Driver/Src/stm32l4xx_hal_pwr_ex.o
                0x00000000080056f0                HAL_PWREx_GetVoltageRange
 .text.HAL_PWREx_ControlVoltageScaling
                0x000000000800570c       0xac ./Drivers/STM32L4xx_HAL_Driver/Src/stm32l4xx_hal_pwr_ex.o
                0x000000000800570c                HAL_PWREx_ControlVoltageScaling
 .text.HAL_QSPI_Init
                0x00000000080057b8       0xec ./Drivers/STM32L4xx_HAL_Driver/Src/stm32l4xx_hal_qspi.o
                0x00000000080057b8                HAL_QSPI_Init
 .text.HAL_QSPI_DeInit
                0x00000000080058a4       0x48 ./Drivers/STM32L4xx_HAL_Driver/Src/stm32l4xx_hal_qspi.o
                0x00000000080058a4                HAL_QSPI_DeInit
 .text.HAL_QSPI_Command
                0x00000000080058ec       0xbc ./Drivers/STM32L4xx_HAL_Driver/Src/stm32l4xx_hal_qspi.o
                0x00000000080058ec                HAL_QSPI_Command
 .text.HAL_QSPI_Transmit
                0x00000000080059a8      0x12e ./Drivers/STM32L4xx_HAL_Driver/Src/stm32l4xx_hal_qspi.o
                0x00000000080059a8                HAL_QSPI_Transmit
 .text.HAL_QSPI_Receive
                0x0000000008005ad6      0x144 ./Drivers/STM32L4xx_HAL_Driver/Src/stm32l4xx_hal_qspi.o
                0x0000000008005ad6                HAL_QSPI_Receive
 .text.HAL_QSPI_AutoPolling
                0x0000000008005c1a       0xee ./Drivers/STM32L4xx_HAL_Driver/Src/stm32l4xx_hal_qspi.o
                0x0000000008005c1a                HAL_QSPI_AutoPolling
 .text.HAL_QSPI_Abort
                0x0000000008005d08       0xf2 ./Drivers/STM32L4xx_HAL_Driver/Src/stm32l4xx_hal_qspi.o
                0x0000000008005d08                HAL_QSPI_Abort
 .text.HAL_QSPI_SetTimeout
                0x0000000008005dfa       0x1c ./Drivers/STM32L4xx_HAL_Driver/Src/stm32l4xx_hal_qspi.o
                0x0000000008005dfa                HAL_QSPI_SetTimeout
 .text.QSPI_WaitFlagStateUntilTimeout
                0x0000000008005e16       0x6e ./Drivers/STM32L4xx_HAL_Driver/Src/stm32l4xx_hal_qspi.o
 .text.QSPI_Config
                0x0000000008005e84      0x30c ./Drivers/STM32L4xx_HAL_Driver/Src/stm32l4xx_hal_qspi.o
 .text.HAL_RCC_OscConfig
                0x0000000008006190      0x7b8 ./Drivers/STM32L4xx_HAL_Driver/Src/stm32l4xx_hal_rcc.o
                0x0000000008006190                HAL_RCC_OscConfig
 .text.HAL_RCC_ClockConfig
                0x0000000008006948      0x200 ./Drivers/STM32L4xx_HAL_Driver/Src/stm32l4xx_hal_rcc.o
                0x0000000008006948                HAL_RCC_ClockConfig
 .text.HAL_RCC_GetSysClockFreq
                0x0000000008006b48      0x118 ./Drivers/STM32L4xx_HAL_Driver/Src/stm32l4xx_hal_rcc.o
                0x0000000008006b48                HAL_RCC_GetSysClockFreq
 .text.HAL_RCC_GetHCLKFreq
                0x0000000008006c60       0x18 ./Drivers/STM32L4xx_HAL_Driver/Src/stm32l4xx_hal_rcc.o
                0x0000000008006c60                HAL_RCC_GetHCLKFreq
 .text.HAL_RCC_GetPCLK1Freq
                0x0000000008006c78       0x2c ./Drivers/STM32L4xx_HAL_Driver/Src/stm32l4xx_hal_rcc.o
                0x0000000008006c78                HAL_RCC_GetPCLK1Freq
 .text.HAL_RCC_GetPCLK2Freq
                0x0000000008006ca4       0x2c ./Drivers/STM32L4xx_HAL_Driver/Src/stm32l4xx_hal_rcc.o
                0x0000000008006ca4                HAL_RCC_GetPCLK2Freq
 .text.RCC_SetFlashLatencyFromMSIRange
                0x0000000008006cd0       0xc0 ./Drivers/STM32L4xx_HAL_Driver/Src/stm32l4xx_hal_rcc.o
 .text.HAL_RCCEx_PeriphCLKConfig
                0x0000000008006d90      0x5d4 ./Drivers/STM32L4xx_HAL_Driver/Src/stm32l4xx_hal_rcc_ex.o
                0x0000000008006d90                HAL_RCCEx_PeriphCLKConfig
 .text.HAL_RCCEx_EnableMSIPLLMode
                0x0000000008007364       0x20 ./Drivers/STM32L4xx_HAL_Driver/Src/stm32l4xx_hal_rcc_ex.o
                0x0000000008007364                HAL_RCCEx_EnableMSIPLLMode
 .text.RCCEx_PLLSAI1_Config
                0x0000000008007384      0x1e8 ./Drivers/STM32L4xx_HAL_Driver/Src/stm32l4xx_hal_rcc_ex.o
 .text.RCCEx_PLLSAI2_Config
                0x000000000800756c      0x1bc ./Drivers/STM32L4xx_HAL_Driver/Src/stm32l4xx_hal_rcc_ex.o
 .text.HAL_SPI_Init
                0x0000000008007728      0x146 ./Drivers/STM32L4xx_HAL_Driver/Src/stm32l4xx_hal_spi.o
                0x0000000008007728                HAL_SPI_Init
 .text.HAL_SPI_MspInit
                0x000000000800786e       0x14 ./Drivers/STM32L4xx_HAL_Driver/Src/stm32l4xx_hal_spi.o
                0x000000000800786e                HAL_SPI_MspInit
 .text.HAL_SPI_TransmitReceive
                0x0000000008007882      0x444 ./Drivers/STM32L4xx_HAL_Driver/Src/stm32l4xx_hal_spi.o
                0x0000000008007882                HAL_SPI_TransmitReceive
 .text.HAL_SPI_GetState
                0x0000000008007cc6       0x1c ./Drivers/STM32L4xx_HAL_Driver/Src/stm32l4xx_hal_spi.o
                0x0000000008007cc6                HAL_SPI_GetState
 *fill*         0x0000000008007ce2        0x2 
 .text.SPI_WaitFlagStateUntilTimeout
                0x0000000008007ce4      0x110 ./Drivers/STM32L4xx_HAL_Driver/Src/stm32l4xx_hal_spi.o
 .text.SPI_WaitFifoStateUntilTimeout
                0x0000000008007df4      0x12c ./Drivers/STM32L4xx_HAL_Driver/Src/stm32l4xx_hal_spi.o
 .text.SPI_EndRxTxTransaction
                0x0000000008007f20       0x8c ./Drivers/STM32L4xx_HAL_Driver/Src/stm32l4xx_hal_spi.o
 .text.HAL_UART_Init
                0x0000000008007fac       0x9c ./Drivers/STM32L4xx_HAL_Driver/Src/stm32l4xx_hal_uart.o
                0x0000000008007fac                HAL_UART_Init
 .text.UART_SetConfig
                0x0000000008008048      0x570 ./Drivers/STM32L4xx_HAL_Driver/Src/stm32l4xx_hal_uart.o
                0x0000000008008048                UART_SetConfig
 .text.UART_AdvFeatureConfig
                0x00000000080085b8      0x144 ./Drivers/STM32L4xx_HAL_Driver/Src/stm32l4xx_hal_uart.o
                0x00000000080085b8                UART_AdvFeatureConfig
 .text.UART_CheckIdleState
                0x00000000080086fc      0x150 ./Drivers/STM32L4xx_HAL_Driver/Src/stm32l4xx_hal_uart.o
                0x00000000080086fc                UART_CheckIdleState
 .text.UART_WaitOnFlagUntilTimeout
                0x000000000800884c       0xce ./Drivers/STM32L4xx_HAL_Driver/Src/stm32l4xx_hal_uart.o
                0x000000000800884c                UART_WaitOnFlagUntilTimeout
 .text.UART_EndRxTransfer
                0x000000000800891a       0xc8 ./Drivers/STM32L4xx_HAL_Driver/Src/stm32l4xx_hal_uart.o
 .text.aci_gap_init_IDB05A1
                0x00000000080089e2       0xa0 ./Middlewares/ST/BlueNRG-MS/hci/controller/bluenrg_gap_aci.o
                0x00000000080089e2                aci_gap_init_IDB05A1
 .text.aci_gap_init_IDB04A1
                0x0000000008008a82       0x94 ./Middlewares/ST/BlueNRG-MS/hci/controller/bluenrg_gap_aci.o
                0x0000000008008a82                aci_gap_init_IDB04A1
 .text.aci_gap_set_discoverable
                0x0000000008008b16      0x1d4 ./Middlewares/ST/BlueNRG-MS/hci/controller/bluenrg_gap_aci.o
                0x0000000008008b16                aci_gap_set_discoverable
 .text.aci_gap_set_auth_requirement
                0x0000000008008cea       0xae ./Middlewares/ST/BlueNRG-MS/hci/controller/bluenrg_gap_aci.o
                0x0000000008008cea                aci_gap_set_auth_requirement
 .text.aci_gap_update_adv_data
                0x0000000008008d98       0xa2 ./Middlewares/ST/BlueNRG-MS/hci/controller/bluenrg_gap_aci.o
                0x0000000008008d98                aci_gap_update_adv_data
 .text.aci_gatt_init
                0x0000000008008e3a       0x46 ./Middlewares/ST/BlueNRG-MS/hci/controller/bluenrg_gatt_aci.o
                0x0000000008008e3a                aci_gatt_init
 .text.aci_gatt_add_serv
                0x0000000008008e80      0x112 ./Middlewares/ST/BlueNRG-MS/hci/controller/bluenrg_gatt_aci.o
                0x0000000008008e80                aci_gatt_add_serv
 .text.aci_gatt_add_char
                0x0000000008008f92      0x196 ./Middlewares/ST/BlueNRG-MS/hci/controller/bluenrg_gatt_aci.o
                0x0000000008008f92                aci_gatt_add_char
 .text.aci_gatt_update_char_value
                0x0000000008009128      0x120 ./Middlewares/ST/BlueNRG-MS/hci/controller/bluenrg_gatt_aci.o
                0x0000000008009128                aci_gatt_update_char_value
 .text.aci_gatt_allow_read
                0x0000000008009248       0x5a ./Middlewares/ST/BlueNRG-MS/hci/controller/bluenrg_gatt_aci.o
                0x0000000008009248                aci_gatt_allow_read
 .text.aci_hal_read_config_data
                0x00000000080092a2       0xaa ./Middlewares/ST/BlueNRG-MS/hci/controller/bluenrg_hal_aci.o
                0x00000000080092a2                aci_hal_read_config_data
 .text.aci_hal_set_tx_power_level
                0x000000000800934c       0x62 ./Middlewares/ST/BlueNRG-MS/hci/controller/bluenrg_hal_aci.o
                0x000000000800934c                aci_hal_set_tx_power_level
 .text.getBlueNRGVersion
                0x00000000080093ae       0x88 ./Middlewares/ST/BlueNRG-MS/hci/controller/bluenrg_utils_small.o
                0x00000000080093ae                getBlueNRGVersion
 .text.hci_reset
                0x0000000008009436       0x44 ./Middlewares/ST/BlueNRG-MS/hci/hci_le.o
                0x0000000008009436                hci_reset
 .text.hci_le_read_local_version
                0x000000000800947a       0x94 ./Middlewares/ST/BlueNRG-MS/hci/hci_le.o
                0x000000000800947a                hci_le_read_local_version
 .text.hci_le_set_scan_resp_data
                0x000000000800950e       0x82 ./Middlewares/ST/BlueNRG-MS/hci/hci_le.o
                0x000000000800950e                hci_le_set_scan_resp_data
 .text.verify_packet
                0x0000000008009590       0x40 ./Middlewares/ST/BlueNRG-MS/hci/hci_tl_patterns/Basic/hci_tl.o
 .text.send_cmd
                0x00000000080095d0       0x80 ./Middlewares/ST/BlueNRG-MS/hci/hci_tl_patterns/Basic/hci_tl.o
 .text.move_list
                0x0000000008009650       0x38 ./Middlewares/ST/BlueNRG-MS/hci/hci_tl_patterns/Basic/hci_tl.o
 .text.free_event_list
                0x0000000008009688       0x3c ./Middlewares/ST/BlueNRG-MS/hci/hci_tl_patterns/Basic/hci_tl.o
 .text.hci_init
                0x00000000080096c4       0x84 ./Middlewares/ST/BlueNRG-MS/hci/hci_tl_patterns/Basic/hci_tl.o
                0x00000000080096c4                hci_init
 .text.hci_register_io_bus
                0x0000000008009748       0x40 ./Middlewares/ST/BlueNRG-MS/hci/hci_tl_patterns/Basic/hci_tl.o
                0x0000000008009748                hci_register_io_bus
 .text.hci_send_req
                0x0000000008009788      0x230 ./Middlewares/ST/BlueNRG-MS/hci/hci_tl_patterns/Basic/hci_tl.o
                0x0000000008009788                hci_send_req
 .text.hci_user_evt_proc
                0x00000000080099b8       0x58 ./Middlewares/ST/BlueNRG-MS/hci/hci_tl_patterns/Basic/hci_tl.o
                0x00000000080099b8                hci_user_evt_proc
 .text.hci_notify_asynch_evt
                0x0000000008009a10       0x9c ./Middlewares/ST/BlueNRG-MS/hci/hci_tl_patterns/Basic/hci_tl.o
                0x0000000008009a10                hci_notify_asynch_evt
 .text.list_init_head
                0x0000000008009aac       0x20 ./Middlewares/ST/BlueNRG-MS/utils/ble_list.o
                0x0000000008009aac                list_init_head
 .text.list_is_empty
                0x0000000008009acc       0x44 ./Middlewares/ST/BlueNRG-MS/utils/ble_list.o
                0x0000000008009acc                list_is_empty
 .text.list_insert_head
                0x0000000008009b10       0x4c ./Middlewares/ST/BlueNRG-MS/utils/ble_list.o
                0x0000000008009b10                list_insert_head
 .text.list_insert_tail
                0x0000000008009b5c       0x4c ./Middlewares/ST/BlueNRG-MS/utils/ble_list.o
                0x0000000008009b5c                list_insert_tail
 .text.list_remove_node
                0x0000000008009ba8       0x42 ./Middlewares/ST/BlueNRG-MS/utils/ble_list.o
                0x0000000008009ba8                list_remove_node
 .text.list_remove_head
                0x0000000008009bea       0x4e ./Middlewares/ST/BlueNRG-MS/utils/ble_list.o
                0x0000000008009bea                list_remove_head
 .text.list_remove_tail
                0x0000000008009c38       0x4e ./Middlewares/ST/BlueNRG-MS/utils/ble_list.o
                0x0000000008009c38                list_remove_tail
 .text.list_get_size
                0x0000000008009c86       0x50 ./Middlewares/ST/BlueNRG-MS/utils/ble_list.o
                0x0000000008009c86                list_get_size
 .text.memset   0x0000000008009cd6       0x10 /Applications/STM32CubeIDE.app/Contents/Eclipse/plugins/com.st.stm32cube.ide.mcu.externaltools.gnu-tools-for-stm32.11.3.rel1.macos64_1.1.0.202305231506/tools/bin/../lib/gcc/arm-none-eabi/11.3.1/../../../../arm-none-eabi/lib/thumb/v7e-m+fp/hard/libc_nano.a(libc_a-memset.o)
                0x0000000008009cd6                memset
 *fill*         0x0000000008009ce6        0x2 
 .text.__libc_init_array
                0x0000000008009ce8       0x48 /Applications/STM32CubeIDE.app/Contents/Eclipse/plugins/com.st.stm32cube.ide.mcu.externaltools.gnu-tools-for-stm32.11.3.rel1.macos64_1.1.0.202305231506/tools/bin/../lib/gcc/arm-none-eabi/11.3.1/../../../../arm-none-eabi/lib/thumb/v7e-m+fp/hard/libc_nano.a(libc_a-init.o)
                0x0000000008009ce8                __libc_init_array
 .text.memcpy   0x0000000008009d30       0x1c /Applications/STM32CubeIDE.app/Contents/Eclipse/plugins/com.st.stm32cube.ide.mcu.externaltools.gnu-tools-for-stm32.11.3.rel1.macos64_1.1.0.202305231506/tools/bin/../lib/gcc/arm-none-eabi/11.3.1/../../../../arm-none-eabi/lib/thumb/v7e-m+fp/hard/libc_nano.a(libc_a-memcpy-stub.o)
                0x0000000008009d30                memcpy
 *(.glue_7)
 .glue_7        0x0000000008009d4c        0x0 linker stubs
 *(.glue_7t)
 .glue_7t       0x0000000008009d4c        0x0 linker stubs
 *(.eh_frame)
 .eh_frame      0x0000000008009d4c        0x0 /Applications/STM32CubeIDE.app/Contents/Eclipse/plugins/com.st.stm32cube.ide.mcu.externaltools.gnu-tools-for-stm32.11.3.rel1.macos64_1.1.0.202305231506/tools/bin/../lib/gcc/arm-none-eabi/11.3.1/thumb/v7e-m+fp/hard/crtbegin.o
 *(.init)
 .init          0x0000000008009d4c        0x4 /Applications/STM32CubeIDE.app/Contents/Eclipse/plugins/com.st.stm32cube.ide.mcu.externaltools.gnu-tools-for-stm32.11.3.rel1.macos64_1.1.0.202305231506/tools/bin/../lib/gcc/arm-none-eabi/11.3.1/thumb/v7e-m+fp/hard/crti.o
                0x0000000008009d4c                _init
 .init          0x0000000008009d50        0x8 /Applications/STM32CubeIDE.app/Contents/Eclipse/plugins/com.st.stm32cube.ide.mcu.externaltools.gnu-tools-for-stm32.11.3.rel1.macos64_1.1.0.202305231506/tools/bin/../lib/gcc/arm-none-eabi/11.3.1/thumb/v7e-m+fp/hard/crtn.o
 *(.fini)
 .fini          0x0000000008009d58        0x4 /Applications/STM32CubeIDE.app/Contents/Eclipse/plugins/com.st.stm32cube.ide.mcu.externaltools.gnu-tools-for-stm32.11.3.rel1.macos64_1.1.0.202305231506/tools/bin/../lib/gcc/arm-none-eabi/11.3.1/thumb/v7e-m+fp/hard/crti.o
                0x0000000008009d58                _fini
 .fini          0x0000000008009d5c        0x8 /Applications/STM32CubeIDE.app/Contents/Eclipse/plugins/com.st.stm32cube.ide.mcu.externaltools.gnu-tools-for-stm32.11.3.rel1.macos64_1.1.0.202305231506/tools/bin/../lib/gcc/arm-none-eabi/11.3.1/thumb/v7e-m+fp/hard/crtn.o
                0x0000000008009d64                . = ALIGN (0x4)
                0x0000000008009d64                _etext = .

.vfp11_veneer   0x0000000008009d64        0x0
 .vfp11_veneer  0x0000000008009d64        0x0 linker stubs

.v4_bx          0x0000000008009d64        0x0
 .v4_bx         0x0000000008009d64        0x0 linker stubs

.iplt           0x0000000008009d64        0x0
 .iplt          0x0000000008009d64        0x0 /Applications/STM32CubeIDE.app/Contents/Eclipse/plugins/com.st.stm32cube.ide.mcu.externaltools.gnu-tools-for-stm32.11.3.rel1.macos64_1.1.0.202305231506/tools/bin/../lib/gcc/arm-none-eabi/11.3.1/thumb/v7e-m+fp/hard/crtbegin.o

.rodata         0x0000000008009d64       0x68
                0x0000000008009d64                . = ALIGN (0x4)
 *(.rodata)
 .rodata        0x0000000008009d64        0xd ./BlueNRG-MS/Target/hci_tl_interface.o
 *fill*         0x0000000008009d71        0x3 
 .rodata        0x0000000008009d74        0x8 ./Core/Src/project_ble.o
 .rodata        0x0000000008009d7c        0x8 ./Core/Src/project_sensor.o
 *(.rodata*)
 .rodata.AHBPrescTable
                0x0000000008009d84       0x10 ./Core/Src/system_stm32l4xx.o
                0x0000000008009d84                AHBPrescTable
 .rodata.APBPrescTable
                0x0000000008009d94        0x8 ./Core/Src/system_stm32l4xx.o
                0x0000000008009d94                APBPrescTable
 .rodata.MSIRangeTable
                0x0000000008009d9c       0x30 ./Core/Src/system_stm32l4xx.o
                0x0000000008009d9c                MSIRangeTable
                0x0000000008009dcc                . = ALIGN (0x4)

.ARM.extab      0x0000000008009dcc        0x0
                0x0000000008009dcc                . = ALIGN (0x4)
 *(.ARM.extab* .gnu.linkonce.armextab.*)
                0x0000000008009dcc                . = ALIGN (0x4)

.ARM            0x0000000008009dcc        0x8
                0x0000000008009dcc                . = ALIGN (0x4)
                0x0000000008009dcc                __exidx_start = .
 *(.ARM.exidx*)
 .ARM.exidx     0x0000000008009dcc        0x8 /Applications/STM32CubeIDE.app/Contents/Eclipse/plugins/com.st.stm32cube.ide.mcu.externaltools.gnu-tools-for-stm32.11.3.rel1.macos64_1.1.0.202305231506/tools/bin/../lib/gcc/arm-none-eabi/11.3.1/thumb/v7e-m+fp/hard/libgcc.a(_udivmoddi4.o)
                0x0000000008009dd4                __exidx_end = .
                0x0000000008009dd4                . = ALIGN (0x4)

.rel.dyn        0x0000000008009dd4        0x0
 .rel.iplt      0x0000000008009dd4        0x0 /Applications/STM32CubeIDE.app/Contents/Eclipse/plugins/com.st.stm32cube.ide.mcu.externaltools.gnu-tools-for-stm32.11.3.rel1.macos64_1.1.0.202305231506/tools/bin/../lib/gcc/arm-none-eabi/11.3.1/thumb/v7e-m+fp/hard/crtbegin.o

.preinit_array  0x0000000008009dd4        0x0
                0x0000000008009dd4                . = ALIGN (0x4)
                0x0000000008009dd4                PROVIDE (__preinit_array_start = .)
 *(.preinit_array*)
                0x0000000008009dd4                PROVIDE (__preinit_array_end = .)
                0x0000000008009dd4                . = ALIGN (0x4)

.init_array     0x0000000008009dd4        0x4
                0x0000000008009dd4                . = ALIGN (0x4)
                0x0000000008009dd4                PROVIDE (__init_array_start = .)
 *(SORT_BY_NAME(.init_array.*))
 *(.init_array*)
 .init_array    0x0000000008009dd4        0x4 /Applications/STM32CubeIDE.app/Contents/Eclipse/plugins/com.st.stm32cube.ide.mcu.externaltools.gnu-tools-for-stm32.11.3.rel1.macos64_1.1.0.202305231506/tools/bin/../lib/gcc/arm-none-eabi/11.3.1/thumb/v7e-m+fp/hard/crtbegin.o
                0x0000000008009dd8                PROVIDE (__init_array_end = .)
                0x0000000008009dd8                . = ALIGN (0x4)

.fini_array     0x0000000008009dd8        0x4
                0x0000000008009dd8                . = ALIGN (0x4)
                [!provide]                        PROVIDE (__fini_array_start = .)
 *(SORT_BY_NAME(.fini_array.*))
 *(.fini_array*)
 .fini_array    0x0000000008009dd8        0x4 /Applications/STM32CubeIDE.app/Contents/Eclipse/plugins/com.st.stm32cube.ide.mcu.externaltools.gnu-tools-for-stm32.11.3.rel1.macos64_1.1.0.202305231506/tools/bin/../lib/gcc/arm-none-eabi/11.3.1/thumb/v7e-m+fp/hard/crtbegin.o
                [!provide]                        PROVIDE (__fini_array_end = .)
                0x0000000008009ddc                . = ALIGN (0x4)
                0x0000000008009ddc                _sidata = LOADADDR (.data)

.data           0x0000000020000000       0x38 load address 0x0000000008009ddc
                0x0000000020000000                . = ALIGN (0x4)
                0x0000000020000000                _sdata = .
 *(.data)
 *(.data*)
 .data.set_connectable
                0x0000000020000000        0x1 ./Core/Src/project_sensor.o
                0x0000000020000000                set_connectable
 *fill*         0x0000000020000001        0x3 
 .data.SystemCoreClock
                0x0000000020000004        0x4 ./Core/Src/system_stm32l4xx.o
                0x0000000020000004                SystemCoreClock
 .data.HTS221_H_Drv
                0x0000000020000008        0xc ./Drivers/Components/hts221/hts221.o
                0x0000000020000008                HTS221_H_Drv
 .data.HTS221_T_Drv
                0x0000000020000014       0x10 ./Drivers/Components/hts221/hts221.o
                0x0000000020000014                HTS221_T_Drv
 .data.LPS22HB_P_Drv
                0x0000000020000024        0xc ./Drivers/Components/lps22hb/lps22hb.o
                0x0000000020000024                LPS22HB_P_Drv
 .data.uwTickPrio
                0x0000000020000030        0x4 ./Drivers/STM32L4xx_HAL_Driver/Src/stm32l4xx_hal.o
                0x0000000020000030                uwTickPrio
 .data.uwTickFreq
                0x0000000020000034        0x1 ./Drivers/STM32L4xx_HAL_Driver/Src/stm32l4xx_hal.o
                0x0000000020000034                uwTickFreq
 *(.RamFunc)
 *(.RamFunc*)
                0x0000000020000038                . = ALIGN (0x4)
 *fill*         0x0000000020000035        0x3 
                0x0000000020000038                _edata = .

.igot.plt       0x0000000020000038        0x0 load address 0x0000000008009e14
 .igot.plt      0x0000000020000038        0x0 /Applications/STM32CubeIDE.app/Contents/Eclipse/plugins/com.st.stm32cube.ide.mcu.externaltools.gnu-tools-for-stm32.11.3.rel1.macos64_1.1.0.202305231506/tools/bin/../lib/gcc/arm-none-eabi/11.3.1/thumb/v7e-m+fp/hard/crtbegin.o
                0x0000000020000038                . = ALIGN (0x4)

.bss            0x0000000020000038    0x14064 load address 0x0000000008009e14
                0x0000000020000038                _sbss = .
                0x0000000020000038                __bss_start__ = _sbss
 *(.bss)
 .bss           0x0000000020000038       0x1c /Applications/STM32CubeIDE.app/Contents/Eclipse/plugins/com.st.stm32cube.ide.mcu.externaltools.gnu-tools-for-stm32.11.3.rel1.macos64_1.1.0.202305231506/tools/bin/../lib/gcc/arm-none-eabi/11.3.1/thumb/v7e-m+fp/hard/crtbegin.o
 *(.bss*)
 .bss.hexti6    0x0000000020000054        0x8 ./BlueNRG-MS/Target/hci_tl_interface.o
                0x0000000020000054                hexti6
 .bss.read_char_buf.0
                0x000000002000005c       0xff ./BlueNRG-MS/Target/hci_tl_interface.o
 *fill*         0x000000002000015b        0x1 
 .bss.hdac1     0x000000002000015c       0x14 ./Core/Src/main.o
                0x000000002000015c                hdac1
 .bss.hdfsdm1_filter0
                0x0000000020000170       0x54 ./Core/Src/main.o
                0x0000000020000170                hdfsdm1_filter0
 .bss.hdfsdm1_channel2
                0x00000000200001c4       0x38 ./Core/Src/main.o
                0x00000000200001c4                hdfsdm1_channel2
 .bss.hdma_dfsdm1_flt0
                0x00000000200001fc       0x48 ./Core/Src/main.o
                0x00000000200001fc                hdma_dfsdm1_flt0
 .bss.hi2c1     0x0000000020000244       0x54 ./Core/Src/main.o
                0x0000000020000244                hi2c1
 .bss.hi2c2     0x0000000020000298       0x54 ./Core/Src/main.o
                0x0000000020000298                hi2c2
 .bss.hqspi     0x00000000200002ec       0x44 ./Core/Src/main.o
                0x00000000200002ec                hqspi
 .bss.huart1    0x0000000020000330       0x88 ./Core/Src/main.o
                0x0000000020000330                huart1
 .bss.wave_value
                0x00000000200003b8     0x9c40 ./Core/Src/main.o
 .bss.wave_value_filtered
                0x0000000020009ff8     0x9c40 ./Core/Src/main.o
 .bss.noise_level
                0x0000000020013c38        0x4 ./Core/Src/main.o
 .bss.single_block_data_size
                0x0000000020013c3c        0x2 ./Core/Src/main.o
                0x0000000020013c3c                single_block_data_size
 .bss.bnrg_expansion_board
                0x0000000020013c3e        0x1 ./Core/Src/project_ble.o
                0x0000000020013c3e                bnrg_expansion_board
 *fill*         0x0000000020013c3f        0x1 
 .bss.bdaddr    0x0000000020013c40        0x6 ./Core/Src/project_ble.o
                0x0000000020013c40                bdaddr
 .bss.SDServHandle
                0x0000000020013c46        0x2 ./Core/Src/project_ble.o
                0x0000000020013c46                SDServHandle
 .bss.SDCharHandle
                0x0000000020013c48        0x2 ./Core/Src/project_ble.o
                0x0000000020013c48                SDCharHandle
 *fill*         0x0000000020013c4a        0x2 
 .bss.service_uuid
                0x0000000020013c4c       0x10 ./Core/Src/project_ble.o
                0x0000000020013c4c                service_uuid
 .bss.char_uuid
                0x0000000020013c5c       0x10 ./Core/Src/project_ble.o
                0x0000000020013c5c                char_uuid
 .bss.connection_handle
                0x0000000020013c6c        0x2 ./Core/Src/project_sensor.o
                0x0000000020013c6c                connection_handle
 .bss.notification_enabled
                0x0000000020013c6e        0x1 ./Core/Src/project_sensor.o
                0x0000000020013c6e                notification_enabled
 *fill*         0x0000000020013c6f        0x1 
 .bss.connected
                0x0000000020013c70        0x4 ./Core/Src/project_sensor.o
                0x0000000020013c70                connected
 .bss.HAL_RCC_DFSDM1_CLK_ENABLED
                0x0000000020013c74        0x4 ./Core/Src/stm32l4xx_hal_msp.o
 .bss.DFSDM1_Init
                0x0000000020013c78        0x4 ./Core/Src/stm32l4xx_hal_msp.o
 .bss.hI2cHandler
                0x0000000020013c7c       0x54 ./Drivers/B-L475E-IOT01/stm32l475e_iot01.o
                0x0000000020013c7c                hI2cHandler
 .bss.Hsensor_drv
                0x0000000020013cd0        0x4 ./Drivers/B-L475E-IOT01/stm32l475e_iot01_hsensor.o
 .bss.Psensor_drv
                0x0000000020013cd4        0x4 ./Drivers/B-L475E-IOT01/stm32l475e_iot01_psensor.o
 .bss.QSPIHandle
                0x0000000020013cd8       0x44 ./Drivers/B-L475E-IOT01/stm32l475e_iot01_qspi.o
                0x0000000020013cd8                QSPIHandle
 .bss.tsensor_drv
                0x0000000020013d1c        0x4 ./Drivers/B-L475E-IOT01/stm32l475e_iot01_tsensor.o
 .bss.hspi3     0x0000000020013d20       0x64 ./Drivers/BSP/B-L475E-IOT01A1/b_l475e_iot01a1_bus.o
                0x0000000020013d20                hspi3
 .bss.SPI3InitCounter
                0x0000000020013d84        0x4 ./Drivers/BSP/B-L475E-IOT01A1/b_l475e_iot01a1_bus.o
 .bss.uwTick    0x0000000020013d88        0x4 ./Drivers/STM32L4xx_HAL_Driver/Src/stm32l4xx_hal.o
                0x0000000020013d88                uwTick
 .bss.v_dfsdm1ChannelCounter
                0x0000000020013d8c        0x4 ./Drivers/STM32L4xx_HAL_Driver/Src/stm32l4xx_hal_dfsdm.o
 .bss.a_dfsdm1ChannelHandle
                0x0000000020013d90       0x20 ./Drivers/STM32L4xx_HAL_Driver/Src/stm32l4xx_hal_dfsdm.o
 .bss.hciReadPktPool
                0x0000000020013db0        0x8 ./Middlewares/ST/BlueNRG-MS/hci/hci_tl_patterns/Basic/hci_tl.o
                0x0000000020013db0                hciReadPktPool
 .bss.hciReadPktRxQueue
                0x0000000020013db8        0x8 ./Middlewares/ST/BlueNRG-MS/hci/hci_tl_patterns/Basic/hci_tl.o
                0x0000000020013db8                hciReadPktRxQueue
 .bss.hciReadPacketBuffer
                0x0000000020013dc0      0x2bc ./Middlewares/ST/BlueNRG-MS/hci/hci_tl_patterns/Basic/hci_tl.o
 .bss.hciContext
                0x000000002001407c       0x20 ./Middlewares/ST/BlueNRG-MS/hci/hci_tl_patterns/Basic/hci_tl.o
 *(COMMON)
                0x000000002001409c                . = ALIGN (0x4)
                0x000000002001409c                _ebss = .
                0x000000002001409c                __bss_end__ = _ebss

._user_heap_stack
                0x000000002001409c      0x604 load address 0x0000000008009e14
                0x00000000200140a0                . = ALIGN (0x8)
 *fill*         0x000000002001409c        0x4 
                [!provide]                        PROVIDE (end = .)
                0x00000000200140a0                PROVIDE (_end = .)
                0x00000000200142a0                . = (. + _Min_Heap_Size)
 *fill*         0x00000000200140a0      0x200 
                0x00000000200146a0                . = (. + _Min_Stack_Size)
 *fill*         0x00000000200142a0      0x400 
                0x00000000200146a0                . = ALIGN (0x8)

/DISCARD/
 libc.a(*)
 libm.a(*)
 libgcc.a(*)

.ARM.attributes
                0x0000000000000000       0x30
 *(.ARM.attributes)
 .ARM.attributes
                0x0000000000000000       0x1e /Applications/STM32CubeIDE.app/Contents/Eclipse/plugins/com.st.stm32cube.ide.mcu.externaltools.gnu-tools-for-stm32.11.3.rel1.macos64_1.1.0.202305231506/tools/bin/../lib/gcc/arm-none-eabi/11.3.1/thumb/v7e-m+fp/hard/crti.o
 .ARM.attributes
                0x000000000000001e       0x34 /Applications/STM32CubeIDE.app/Contents/Eclipse/plugins/com.st.stm32cube.ide.mcu.externaltools.gnu-tools-for-stm32.11.3.rel1.macos64_1.1.0.202305231506/tools/bin/../lib/gcc/arm-none-eabi/11.3.1/thumb/v7e-m+fp/hard/crtbegin.o
 .ARM.attributes
                0x0000000000000052       0x34 ./BlueNRG-MS/Target/hci_tl_interface.o
 .ARM.attributes
                0x0000000000000086       0x34 ./Core/Src/main.o
 .ARM.attributes
                0x00000000000000ba       0x34 ./Core/Src/project_ble.o
 .ARM.attributes
                0x00000000000000ee       0x34 ./Core/Src/project_sensor.o
 .ARM.attributes
                0x0000000000000122       0x34 ./Core/Src/stm32l4xx_hal_msp.o
 .ARM.attributes
                0x0000000000000156       0x34 ./Core/Src/stm32l4xx_it.o
 .ARM.attributes
                0x000000000000018a       0x34 ./Core/Src/system_stm32l4xx.o
 .ARM.attributes
                0x00000000000001be       0x21 ./Core/Startup/startup_stm32l475vgtx.o
 .ARM.attributes
                0x00000000000001df       0x34 ./Drivers/B-L475E-IOT01/stm32l475e_iot01.o
 .ARM.attributes
                0x0000000000000213       0x34 ./Drivers/B-L475E-IOT01/stm32l475e_iot01_hsensor.o
 .ARM.attributes
                0x0000000000000247       0x34 ./Drivers/B-L475E-IOT01/stm32l475e_iot01_psensor.o
 .ARM.attributes
                0x000000000000027b       0x34 ./Drivers/B-L475E-IOT01/stm32l475e_iot01_qspi.o
 .ARM.attributes
                0x00000000000002af       0x34 ./Drivers/B-L475E-IOT01/stm32l475e_iot01_tsensor.o
 .ARM.attributes
                0x00000000000002e3       0x34 ./Drivers/BSP/B-L475E-IOT01A1/b_l475e_iot01a1_bus.o
 .ARM.attributes
                0x0000000000000317       0x34 ./Drivers/Components/hts221/hts221.o
 .ARM.attributes
                0x000000000000034b       0x34 ./Drivers/Components/lps22hb/lps22hb.o
 .ARM.attributes
                0x000000000000037f       0x34 ./Drivers/STM32L4xx_HAL_Driver/Src/stm32l4xx_hal.o
 .ARM.attributes
                0x00000000000003b3       0x34 ./Drivers/STM32L4xx_HAL_Driver/Src/stm32l4xx_hal_cortex.o
 .ARM.attributes
                0x00000000000003e7       0x34 ./Drivers/STM32L4xx_HAL_Driver/Src/stm32l4xx_hal_dac.o
 .ARM.attributes
                0x000000000000041b       0x34 ./Drivers/STM32L4xx_HAL_Driver/Src/stm32l4xx_hal_dfsdm.o
 .ARM.attributes
                0x000000000000044f       0x34 ./Drivers/STM32L4xx_HAL_Driver/Src/stm32l4xx_hal_dma.o
 .ARM.attributes
                0x0000000000000483       0x34 ./Drivers/STM32L4xx_HAL_Driver/Src/stm32l4xx_hal_exti.o
 .ARM.attributes
                0x00000000000004b7       0x34 ./Drivers/STM32L4xx_HAL_Driver/Src/stm32l4xx_hal_gpio.o
 .ARM.attributes
                0x00000000000004eb       0x34 ./Drivers/STM32L4xx_HAL_Driver/Src/stm32l4xx_hal_i2c.o
 .ARM.attributes
                0x000000000000051f       0x34 ./Drivers/STM32L4xx_HAL_Driver/Src/stm32l4xx_hal_i2c_ex.o
 .ARM.attributes
                0x0000000000000553       0x34 ./Drivers/STM32L4xx_HAL_Driver/Src/stm32l4xx_hal_pwr.o
 .ARM.attributes
                0x0000000000000587       0x34 ./Drivers/STM32L4xx_HAL_Driver/Src/stm32l4xx_hal_pwr_ex.o
 .ARM.attributes
                0x00000000000005bb       0x34 ./Drivers/STM32L4xx_HAL_Driver/Src/stm32l4xx_hal_qspi.o
 .ARM.attributes
                0x00000000000005ef       0x34 ./Drivers/STM32L4xx_HAL_Driver/Src/stm32l4xx_hal_rcc.o
 .ARM.attributes
                0x0000000000000623       0x34 ./Drivers/STM32L4xx_HAL_Driver/Src/stm32l4xx_hal_rcc_ex.o
 .ARM.attributes
                0x0000000000000657       0x34 ./Drivers/STM32L4xx_HAL_Driver/Src/stm32l4xx_hal_spi.o
 .ARM.attributes
                0x000000000000068b       0x34 ./Drivers/STM32L4xx_HAL_Driver/Src/stm32l4xx_hal_uart.o
 .ARM.attributes
                0x00000000000006bf       0x34 ./Middlewares/ST/BlueNRG-MS/hci/controller/bluenrg_gap_aci.o
 .ARM.attributes
                0x00000000000006f3       0x34 ./Middlewares/ST/BlueNRG-MS/hci/controller/bluenrg_gatt_aci.o
 .ARM.attributes
                0x0000000000000727       0x34 ./Middlewares/ST/BlueNRG-MS/hci/controller/bluenrg_hal_aci.o
 .ARM.attributes
                0x000000000000075b       0x34 ./Middlewares/ST/BlueNRG-MS/hci/controller/bluenrg_utils_small.o
 .ARM.attributes
                0x000000000000078f       0x34 ./Middlewares/ST/BlueNRG-MS/hci/hci_le.o
 .ARM.attributes
                0x00000000000007c3       0x34 ./Middlewares/ST/BlueNRG-MS/hci/hci_tl_patterns/Basic/hci_tl.o
 .ARM.attributes
                0x00000000000007f7       0x34 ./Middlewares/ST/BlueNRG-MS/utils/ble_list.o
 .ARM.attributes
                0x000000000000082b       0x34 /Applications/STM32CubeIDE.app/Contents/Eclipse/plugins/com.st.stm32cube.ide.mcu.externaltools.gnu-tools-for-stm32.11.3.rel1.macos64_1.1.0.202305231506/tools/bin/../lib/gcc/arm-none-eabi/11.3.1/../../../../arm-none-eabi/lib/thumb/v7e-m+fp/hard/libc_nano.a(libc_a-memset.o)
 .ARM.attributes
                0x000000000000085f       0x34 /Applications/STM32CubeIDE.app/Contents/Eclipse/plugins/com.st.stm32cube.ide.mcu.externaltools.gnu-tools-for-stm32.11.3.rel1.macos64_1.1.0.202305231506/tools/bin/../lib/gcc/arm-none-eabi/11.3.1/../../../../arm-none-eabi/lib/thumb/v7e-m+fp/hard/libc_nano.a(libc_a-init.o)
 .ARM.attributes
                0x0000000000000893       0x34 /Applications/STM32CubeIDE.app/Contents/Eclipse/plugins/com.st.stm32cube.ide.mcu.externaltools.gnu-tools-for-stm32.11.3.rel1.macos64_1.1.0.202305231506/tools/bin/../lib/gcc/arm-none-eabi/11.3.1/../../../../arm-none-eabi/lib/thumb/v7e-m+fp/hard/libc_nano.a(libc_a-memcpy-stub.o)
 .ARM.attributes
                0x00000000000008c7       0x17 /Applications/STM32CubeIDE.app/Contents/Eclipse/plugins/com.st.stm32cube.ide.mcu.externaltools.gnu-tools-for-stm32.11.3.rel1.macos64_1.1.0.202305231506/tools/bin/../lib/gcc/arm-none-eabi/11.3.1/../../../../arm-none-eabi/lib/thumb/v7e-m+fp/hard/libc_nano.a(libc_a-strlen.o)
 .ARM.attributes
                0x00000000000008de       0x1e /Applications/STM32CubeIDE.app/Contents/Eclipse/plugins/com.st.stm32cube.ide.mcu.externaltools.gnu-tools-for-stm32.11.3.rel1.macos64_1.1.0.202305231506/tools/bin/../lib/gcc/arm-none-eabi/11.3.1/thumb/v7e-m+fp/hard/libgcc.a(_aeabi_uldivmod.o)
 .ARM.attributes
                0x00000000000008fc       0x34 /Applications/STM32CubeIDE.app/Contents/Eclipse/plugins/com.st.stm32cube.ide.mcu.externaltools.gnu-tools-for-stm32.11.3.rel1.macos64_1.1.0.202305231506/tools/bin/../lib/gcc/arm-none-eabi/11.3.1/thumb/v7e-m+fp/hard/libgcc.a(_udivmoddi4.o)
 .ARM.attributes
                0x0000000000000930       0x1e /Applications/STM32CubeIDE.app/Contents/Eclipse/plugins/com.st.stm32cube.ide.mcu.externaltools.gnu-tools-for-stm32.11.3.rel1.macos64_1.1.0.202305231506/tools/bin/../lib/gcc/arm-none-eabi/11.3.1/thumb/v7e-m+fp/hard/libgcc.a(_dvmd_tls.o)
 .ARM.attributes
                0x000000000000094e       0x1e /Applications/STM32CubeIDE.app/Contents/Eclipse/plugins/com.st.stm32cube.ide.mcu.externaltools.gnu-tools-for-stm32.11.3.rel1.macos64_1.1.0.202305231506/tools/bin/../lib/gcc/arm-none-eabi/11.3.1/thumb/v7e-m+fp/hard/crtn.o
OUTPUT(FinalBLEProject.elf elf32-littlearm)
LOAD linker stubs
LOAD /Applications/STM32CubeIDE.app/Contents/Eclipse/plugins/com.st.stm32cube.ide.mcu.externaltools.gnu-tools-for-stm32.11.3.rel1.macos64_1.1.0.202305231506/tools/bin/../lib/gcc/arm-none-eabi/11.3.1/../../../../arm-none-eabi/lib/thumb/v7e-m+fp/hard/libc.a
LOAD /Applications/STM32CubeIDE.app/Contents/Eclipse/plugins/com.st.stm32cube.ide.mcu.externaltools.gnu-tools-for-stm32.11.3.rel1.macos64_1.1.0.202305231506/tools/bin/../lib/gcc/arm-none-eabi/11.3.1/../../../../arm-none-eabi/lib/thumb/v7e-m+fp/hard/libm.a
LOAD /Applications/STM32CubeIDE.app/Contents/Eclipse/plugins/com.st.stm32cube.ide.mcu.externaltools.gnu-tools-for-stm32.11.3.rel1.macos64_1.1.0.202305231506/tools/bin/../lib/gcc/arm-none-eabi/11.3.1/thumb/v7e-m+fp/hard/libgcc.a

.comment        0x0000000000000000       0x43
 .comment       0x0000000000000000       0x43 /Applications/STM32CubeIDE.app/Contents/Eclipse/plugins/com.st.stm32cube.ide.mcu.externaltools.gnu-tools-for-stm32.11.3.rel1.macos64_1.1.0.202305231506/tools/bin/../lib/gcc/arm-none-eabi/11.3.1/thumb/v7e-m+fp/hard/crtbegin.o
                                         0x44 (size before relaxing)
 .comment       0x0000000000000043       0x44 ./BlueNRG-MS/Target/hci_tl_interface.o
 .comment       0x0000000000000043       0x44 ./Core/Src/main.o
 .comment       0x0000000000000043       0x44 ./Core/Src/project_ble.o
 .comment       0x0000000000000043       0x44 ./Core/Src/project_sensor.o
 .comment       0x0000000000000043       0x44 ./Core/Src/stm32l4xx_hal_msp.o
 .comment       0x0000000000000043       0x44 ./Core/Src/stm32l4xx_it.o
 .comment       0x0000000000000043       0x44 ./Core/Src/system_stm32l4xx.o
 .comment       0x0000000000000043       0x44 ./Drivers/B-L475E-IOT01/stm32l475e_iot01.o
 .comment       0x0000000000000043       0x44 ./Drivers/B-L475E-IOT01/stm32l475e_iot01_hsensor.o
 .comment       0x0000000000000043       0x44 ./Drivers/B-L475E-IOT01/stm32l475e_iot01_psensor.o
 .comment       0x0000000000000043       0x44 ./Drivers/B-L475E-IOT01/stm32l475e_iot01_qspi.o
 .comment       0x0000000000000043       0x44 ./Drivers/B-L475E-IOT01/stm32l475e_iot01_tsensor.o
 .comment       0x0000000000000043       0x44 ./Drivers/BSP/B-L475E-IOT01A1/b_l475e_iot01a1_bus.o
 .comment       0x0000000000000043       0x44 ./Drivers/Components/hts221/hts221.o
 .comment       0x0000000000000043       0x44 ./Drivers/Components/lps22hb/lps22hb.o
 .comment       0x0000000000000043       0x44 ./Drivers/STM32L4xx_HAL_Driver/Src/stm32l4xx_hal.o
 .comment       0x0000000000000043       0x44 ./Drivers/STM32L4xx_HAL_Driver/Src/stm32l4xx_hal_cortex.o
 .comment       0x0000000000000043       0x44 ./Drivers/STM32L4xx_HAL_Driver/Src/stm32l4xx_hal_dac.o
 .comment       0x0000000000000043       0x44 ./Drivers/STM32L4xx_HAL_Driver/Src/stm32l4xx_hal_dfsdm.o
 .comment       0x0000000000000043       0x44 ./Drivers/STM32L4xx_HAL_Driver/Src/stm32l4xx_hal_dma.o
 .comment       0x0000000000000043       0x44 ./Drivers/STM32L4xx_HAL_Driver/Src/stm32l4xx_hal_exti.o
 .comment       0x0000000000000043       0x44 ./Drivers/STM32L4xx_HAL_Driver/Src/stm32l4xx_hal_gpio.o
 .comment       0x0000000000000043       0x44 ./Drivers/STM32L4xx_HAL_Driver/Src/stm32l4xx_hal_i2c.o
 .comment       0x0000000000000043       0x44 ./Drivers/STM32L4xx_HAL_Driver/Src/stm32l4xx_hal_i2c_ex.o
 .comment       0x0000000000000043       0x44 ./Drivers/STM32L4xx_HAL_Driver/Src/stm32l4xx_hal_pwr.o
 .comment       0x0000000000000043       0x44 ./Drivers/STM32L4xx_HAL_Driver/Src/stm32l4xx_hal_pwr_ex.o
 .comment       0x0000000000000043       0x44 ./Drivers/STM32L4xx_HAL_Driver/Src/stm32l4xx_hal_qspi.o
 .comment       0x0000000000000043       0x44 ./Drivers/STM32L4xx_HAL_Driver/Src/stm32l4xx_hal_rcc.o
 .comment       0x0000000000000043       0x44 ./Drivers/STM32L4xx_HAL_Driver/Src/stm32l4xx_hal_rcc_ex.o
 .comment       0x0000000000000043       0x44 ./Drivers/STM32L4xx_HAL_Driver/Src/stm32l4xx_hal_spi.o
 .comment       0x0000000000000043       0x44 ./Drivers/STM32L4xx_HAL_Driver/Src/stm32l4xx_hal_uart.o
 .comment       0x0000000000000043       0x44 ./Middlewares/ST/BlueNRG-MS/hci/controller/bluenrg_gap_aci.o
 .comment       0x0000000000000043       0x44 ./Middlewares/ST/BlueNRG-MS/hci/controller/bluenrg_gatt_aci.o
 .comment       0x0000000000000043       0x44 ./Middlewares/ST/BlueNRG-MS/hci/controller/bluenrg_hal_aci.o
 .comment       0x0000000000000043       0x44 ./Middlewares/ST/BlueNRG-MS/hci/controller/bluenrg_utils_small.o
 .comment       0x0000000000000043       0x44 ./Middlewares/ST/BlueNRG-MS/hci/hci_le.o
 .comment       0x0000000000000043       0x44 ./Middlewares/ST/BlueNRG-MS/hci/hci_tl_patterns/Basic/hci_tl.o
 .comment       0x0000000000000043       0x44 ./Middlewares/ST/BlueNRG-MS/utils/ble_list.o

.debug_info     0x0000000000000000    0x223e2
 .debug_info    0x0000000000000000      0xadc ./BlueNRG-MS/Target/hci_tl_interface.o
 .debug_info    0x0000000000000adc     0x22eb ./Core/Src/main.o
 .debug_info    0x0000000000002dc7      0x67a ./Core/Src/project_ble.o
 .debug_info    0x0000000000003441      0x550 ./Core/Src/project_sensor.o
 .debug_info    0x0000000000003991     0x1c9c ./Core/Src/stm32l4xx_hal_msp.o
 .debug_info    0x000000000000562d      0x421 ./Core/Src/stm32l4xx_it.o
 .debug_info    0x0000000000005a4e      0x5b1 ./Core/Src/system_stm32l4xx.o
 .debug_info    0x0000000000005fff       0x23 ./Core/Startup/startup_stm32l475vgtx.o
 .debug_info    0x0000000000006022     0x1b86 ./Drivers/B-L475E-IOT01/stm32l475e_iot01.o
 .debug_info    0x0000000000007ba8      0x1c5 ./Drivers/B-L475E-IOT01/stm32l475e_iot01_hsensor.o
 .debug_info    0x0000000000007d6d      0x1c5 ./Drivers/B-L475E-IOT01/stm32l475e_iot01_psensor.o
 .debug_info    0x0000000000007f32     0x1098 ./Drivers/B-L475E-IOT01/stm32l475e_iot01_qspi.o
 .debug_info    0x0000000000008fca      0x25e ./Drivers/B-L475E-IOT01/stm32l475e_iot01_tsensor.o
 .debug_info    0x0000000000009228      0xbb2 ./Drivers/BSP/B-L475E-IOT01A1/b_l475e_iot01a1_bus.o
 .debug_info    0x0000000000009dda      0x4de ./Drivers/Components/hts221/hts221.o
 .debug_info    0x000000000000a2b8      0x45f ./Drivers/Components/lps22hb/lps22hb.o
 .debug_info    0x000000000000a717      0xae5 ./Drivers/STM32L4xx_HAL_Driver/Src/stm32l4xx_hal.o
 .debug_info    0x000000000000b1fc      0xd46 ./Drivers/STM32L4xx_HAL_Driver/Src/stm32l4xx_hal_cortex.o
 .debug_info    0x000000000000bf42      0xa6f ./Drivers/STM32L4xx_HAL_Driver/Src/stm32l4xx_hal_dac.o
 .debug_info    0x000000000000c9b1     0x1a51 ./Drivers/STM32L4xx_HAL_Driver/Src/stm32l4xx_hal_dfsdm.o
 .debug_info    0x000000000000e402      0x6f4 ./Drivers/STM32L4xx_HAL_Driver/Src/stm32l4xx_hal_dma.o
 .debug_info    0x000000000000eaf6      0x649 ./Drivers/STM32L4xx_HAL_Driver/Src/stm32l4xx_hal_exti.o
 .debug_info    0x000000000000f13f      0x757 ./Drivers/STM32L4xx_HAL_Driver/Src/stm32l4xx_hal_gpio.o
 .debug_info    0x000000000000f896     0x2093 ./Drivers/STM32L4xx_HAL_Driver/Src/stm32l4xx_hal_i2c.o
 .debug_info    0x0000000000011929      0x981 ./Drivers/STM32L4xx_HAL_Driver/Src/stm32l4xx_hal_i2c_ex.o
 .debug_info    0x00000000000122aa      0x91e ./Drivers/STM32L4xx_HAL_Driver/Src/stm32l4xx_hal_pwr.o
 .debug_info    0x0000000000012bc8      0x97a ./Drivers/STM32L4xx_HAL_Driver/Src/stm32l4xx_hal_pwr_ex.o
 .debug_info    0x0000000000013542     0x1153 ./Drivers/STM32L4xx_HAL_Driver/Src/stm32l4xx_hal_qspi.o
 .debug_info    0x0000000000014695      0xc14 ./Drivers/STM32L4xx_HAL_Driver/Src/stm32l4xx_hal_rcc.o
 .debug_info    0x00000000000152a9      0xe11 ./Drivers/STM32L4xx_HAL_Driver/Src/stm32l4xx_hal_rcc_ex.o
 .debug_info    0x00000000000160ba     0x161a ./Drivers/STM32L4xx_HAL_Driver/Src/stm32l4xx_hal_spi.o
 .debug_info    0x00000000000176d4     0x3b69 ./Drivers/STM32L4xx_HAL_Driver/Src/stm32l4xx_hal_uart.o
 .debug_info    0x000000000001b23d     0x21a3 ./Middlewares/ST/BlueNRG-MS/hci/controller/bluenrg_gap_aci.o
 .debug_info    0x000000000001d3e0     0x2298 ./Middlewares/ST/BlueNRG-MS/hci/controller/bluenrg_gatt_aci.o
 .debug_info    0x000000000001f678      0x6f7 ./Middlewares/ST/BlueNRG-MS/hci/controller/bluenrg_hal_aci.o
 .debug_info    0x000000000001fd6f      0x168 ./Middlewares/ST/BlueNRG-MS/hci/controller/bluenrg_utils_small.o
 .debug_info    0x000000000001fed7     0x15a4 ./Middlewares/ST/BlueNRG-MS/hci/hci_le.o
 .debug_info    0x000000000002147b      0x892 ./Middlewares/ST/BlueNRG-MS/hci/hci_tl_patterns/Basic/hci_tl.o
 .debug_info    0x0000000000021d0d      0x6d5 ./Middlewares/ST/BlueNRG-MS/utils/ble_list.o

.debug_abbrev   0x0000000000000000     0x4e3e
 .debug_abbrev  0x0000000000000000      0x2b2 ./BlueNRG-MS/Target/hci_tl_interface.o
 .debug_abbrev  0x00000000000002b2      0x3e8 ./Core/Src/main.o
 .debug_abbrev  0x000000000000069a      0x22a ./Core/Src/project_ble.o
 .debug_abbrev  0x00000000000008c4      0x1f2 ./Core/Src/project_sensor.o
 .debug_abbrev  0x0000000000000ab6      0x24f ./Core/Src/stm32l4xx_hal_msp.o
 .debug_abbrev  0x0000000000000d05      0x175 ./Core/Src/stm32l4xx_it.o
 .debug_abbrev  0x0000000000000e7a      0x11a ./Core/Src/system_stm32l4xx.o
 .debug_abbrev  0x0000000000000f94       0x12 ./Core/Startup/startup_stm32l475vgtx.o
 .debug_abbrev  0x0000000000000fa6      0x2ea ./Drivers/B-L475E-IOT01/stm32l475e_iot01.o
 .debug_abbrev  0x0000000000001290      0x10a ./Drivers/B-L475E-IOT01/stm32l475e_iot01_hsensor.o
 .debug_abbrev  0x000000000000139a      0x10a ./Drivers/B-L475E-IOT01/stm32l475e_iot01_psensor.o
 .debug_abbrev  0x00000000000014a4      0x2fe ./Drivers/B-L475E-IOT01/stm32l475e_iot01_qspi.o
 .debug_abbrev  0x00000000000017a2      0x11d ./Drivers/B-L475E-IOT01/stm32l475e_iot01_tsensor.o
 .debug_abbrev  0x00000000000018bf      0x293 ./Drivers/BSP/B-L475E-IOT01A1/b_l475e_iot01a1_bus.o
 .debug_abbrev  0x0000000000001b52      0x182 ./Drivers/Components/hts221/hts221.o
 .debug_abbrev  0x0000000000001cd4      0x19a ./Drivers/Components/lps22hb/lps22hb.o
 .debug_abbrev  0x0000000000001e6e      0x242 ./Drivers/STM32L4xx_HAL_Driver/Src/stm32l4xx_hal.o
 .debug_abbrev  0x00000000000020b0      0x327 ./Drivers/STM32L4xx_HAL_Driver/Src/stm32l4xx_hal_cortex.o
 .debug_abbrev  0x00000000000023d7      0x21b ./Drivers/STM32L4xx_HAL_Driver/Src/stm32l4xx_hal_dac.o
 .debug_abbrev  0x00000000000025f2      0x27e ./Drivers/STM32L4xx_HAL_Driver/Src/stm32l4xx_hal_dfsdm.o
 .debug_abbrev  0x0000000000002870      0x1e4 ./Drivers/STM32L4xx_HAL_Driver/Src/stm32l4xx_hal_dma.o
 .debug_abbrev  0x0000000000002a54      0x1a8 ./Drivers/STM32L4xx_HAL_Driver/Src/stm32l4xx_hal_exti.o
 .debug_abbrev  0x0000000000002bfc      0x1cb ./Drivers/STM32L4xx_HAL_Driver/Src/stm32l4xx_hal_gpio.o
 .debug_abbrev  0x0000000000002dc7      0x261 ./Drivers/STM32L4xx_HAL_Driver/Src/stm32l4xx_hal_i2c.o
 .debug_abbrev  0x0000000000003028      0x1c3 ./Drivers/STM32L4xx_HAL_Driver/Src/stm32l4xx_hal_i2c_ex.o
 .debug_abbrev  0x00000000000031eb      0x1d4 ./Drivers/STM32L4xx_HAL_Driver/Src/stm32l4xx_hal_pwr.o
 .debug_abbrev  0x00000000000033bf      0x1f9 ./Drivers/STM32L4xx_HAL_Driver/Src/stm32l4xx_hal_pwr_ex.o
 .debug_abbrev  0x00000000000035b8      0x249 ./Drivers/STM32L4xx_HAL_Driver/Src/stm32l4xx_hal_qspi.o
 .debug_abbrev  0x0000000000003801      0x2cb ./Drivers/STM32L4xx_HAL_Driver/Src/stm32l4xx_hal_rcc.o
 .debug_abbrev  0x0000000000003acc      0x2a6 ./Drivers/STM32L4xx_HAL_Driver/Src/stm32l4xx_hal_rcc_ex.o
 .debug_abbrev  0x0000000000003d72      0x26a ./Drivers/STM32L4xx_HAL_Driver/Src/stm32l4xx_hal_spi.o
 .debug_abbrev  0x0000000000003fdc      0x2d0 ./Drivers/STM32L4xx_HAL_Driver/Src/stm32l4xx_hal_uart.o
 .debug_abbrev  0x00000000000042ac      0x1b8 ./Middlewares/ST/BlueNRG-MS/hci/controller/bluenrg_gap_aci.o
 .debug_abbrev  0x0000000000004464      0x1ba ./Middlewares/ST/BlueNRG-MS/hci/controller/bluenrg_gatt_aci.o
 .debug_abbrev  0x000000000000461e      0x148 ./Middlewares/ST/BlueNRG-MS/hci/controller/bluenrg_hal_aci.o
 .debug_abbrev  0x0000000000004766       0xa3 ./Middlewares/ST/BlueNRG-MS/hci/controller/bluenrg_utils_small.o
 .debug_abbrev  0x0000000000004809      0x1dd ./Middlewares/ST/BlueNRG-MS/hci/hci_le.o
 .debug_abbrev  0x00000000000049e6      0x2cf ./Middlewares/ST/BlueNRG-MS/hci/hci_tl_patterns/Basic/hci_tl.o
 .debug_abbrev  0x0000000000004cb5      0x189 ./Middlewares/ST/BlueNRG-MS/utils/ble_list.o

.debug_aranges  0x0000000000000000     0x1d88
 .debug_aranges
                0x0000000000000000       0x58 ./BlueNRG-MS/Target/hci_tl_interface.o
 .debug_aranges
                0x0000000000000058       0xa8 ./Core/Src/main.o
 .debug_aranges
                0x0000000000000100       0x50 ./Core/Src/project_ble.o
 .debug_aranges
                0x0000000000000150       0x38 ./Core/Src/project_sensor.o
 .debug_aranges
                0x0000000000000188       0x80 ./Core/Src/stm32l4xx_hal_msp.o
 .debug_aranges
                0x0000000000000208       0x78 ./Core/Src/stm32l4xx_it.o
 .debug_aranges
                0x0000000000000280       0x28 ./Core/Src/system_stm32l4xx.o
 .debug_aranges
                0x00000000000002a8       0x28 ./Core/Startup/startup_stm32l475vgtx.o
 .debug_aranges
                0x00000000000002d0      0x130 ./Drivers/B-L475E-IOT01/stm32l475e_iot01.o
 .debug_aranges
                0x0000000000000400       0x30 ./Drivers/B-L475E-IOT01/stm32l475e_iot01_hsensor.o
 .debug_aranges
                0x0000000000000430       0x30 ./Drivers/B-L475E-IOT01/stm32l475e_iot01_psensor.o
 .debug_aranges
                0x0000000000000460       0xc0 ./Drivers/B-L475E-IOT01/stm32l475e_iot01_qspi.o
 .debug_aranges
                0x0000000000000520       0x28 ./Drivers/B-L475E-IOT01/stm32l475e_iot01_tsensor.o
 .debug_aranges
                0x0000000000000548       0x60 ./Drivers/BSP/B-L475E-IOT01A1/b_l475e_iot01a1_bus.o
 .debug_aranges
                0x00000000000005a8       0x40 ./Drivers/Components/hts221/hts221.o
 .debug_aranges
                0x00000000000005e8       0x48 ./Drivers/Components/lps22hb/lps22hb.o
 .debug_aranges
                0x0000000000000630      0x130 ./Drivers/STM32L4xx_HAL_Driver/Src/stm32l4xx_hal.o
 .debug_aranges
                0x0000000000000760      0x118 ./Drivers/STM32L4xx_HAL_Driver/Src/stm32l4xx_hal_cortex.o
 .debug_aranges
                0x0000000000000878       0xc0 ./Drivers/STM32L4xx_HAL_Driver/Src/stm32l4xx_hal_dac.o
 .debug_aranges
                0x0000000000000938      0x248 ./Drivers/STM32L4xx_HAL_Driver/Src/stm32l4xx_hal_dfsdm.o
 .debug_aranges
                0x0000000000000b80       0x80 ./Drivers/STM32L4xx_HAL_Driver/Src/stm32l4xx_hal_dma.o
 .debug_aranges
                0x0000000000000c00       0x60 ./Drivers/STM32L4xx_HAL_Driver/Src/stm32l4xx_hal_exti.o
 .debug_aranges
                0x0000000000000c60       0x58 ./Drivers/STM32L4xx_HAL_Driver/Src/stm32l4xx_hal_gpio.o
 .debug_aranges
                0x0000000000000cb8      0x2a0 ./Drivers/STM32L4xx_HAL_Driver/Src/stm32l4xx_hal_i2c.o
 .debug_aranges
                0x0000000000000f58       0x48 ./Drivers/STM32L4xx_HAL_Driver/Src/stm32l4xx_hal_i2c_ex.o
 .debug_aranges
                0x0000000000000fa0       0x98 ./Drivers/STM32L4xx_HAL_Driver/Src/stm32l4xx_hal_pwr.o
 .debug_aranges
                0x0000000000001038      0x150 ./Drivers/STM32L4xx_HAL_Driver/Src/stm32l4xx_hal_pwr_ex.o
 .debug_aranges
                0x0000000000001188      0x160 ./Drivers/STM32L4xx_HAL_Driver/Src/stm32l4xx_hal_qspi.o
 .debug_aranges
                0x00000000000012e8       0x90 ./Drivers/STM32L4xx_HAL_Driver/Src/stm32l4xx_hal_rcc.o
 .debug_aranges
                0x0000000000001378       0xc0 ./Drivers/STM32L4xx_HAL_Driver/Src/stm32l4xx_hal_rcc_ex.o
 .debug_aranges
                0x0000000000001438      0x1d8 ./Drivers/STM32L4xx_HAL_Driver/Src/stm32l4xx_hal_spi.o
 .debug_aranges
                0x0000000000001610      0x228 ./Drivers/STM32L4xx_HAL_Driver/Src/stm32l4xx_hal_uart.o
 .debug_aranges