../Core/Src/main.c:80:5:main	40	static
../Core/Src/main.c:134:6:SystemClock_Config	96	static
../Core/Src/main.c:195:13:MX_DFSDM1_Init	8	static
../Core/Src/main.c:233:13:MX_I2C2_Init	8	static
../Core/Src/main.c:281:13:MX_QUADSPI_Init	8	static
../Core/Src/main.c:314:13:MX_USART1_UART_Init	8	static
../Core/Src/main.c:349:13:MX_USART3_UART_Init	8	static
../Core/Src/main.c:384:13:MX_USB_OTG_FS_PCD_Init	8	static
../Core/Src/main.c:419:13:MX_GPIO_Init	48	static
../Core/Src/main.c:613:6:Error_Handler	4	static,ignoring_inline_asm
