Archive member included to satisfy reference by file (symbol)

/Applications/STM32CubeIDE.app/Contents/Eclipse/plugins/com.st.stm32cube.ide.mcu.externaltools.gnu-tools-for-stm32.11.3.rel1.macos64_1.1.0.202305231506/tools/bin/../lib/gcc/arm-none-eabi/11.3.1/../../../../arm-none-eabi/lib/thumb/v7e-m+fp/hard/libc_nano.a(libc_a-exit.o)
                              /Applications/STM32CubeIDE.app/Contents/Eclipse/plugins/com.st.stm32cube.ide.mcu.externaltools.gnu-tools-for-stm32.11.3.rel1.macos64_1.1.0.202305231506/tools/bin/../lib/gcc/arm-none-eabi/11.3.1/../../../../arm-none-eabi/lib/thumb/v7e-m+fp/hard/crt0.o (exit)
/Applications/STM32CubeIDE.app/Contents/Eclipse/plugins/com.st.stm32cube.ide.mcu.externaltools.gnu-tools-for-stm32.11.3.rel1.macos64_1.1.0.202305231506/tools/bin/../lib/gcc/arm-none-eabi/11.3.1/../../../../arm-none-eabi/lib/thumb/v7e-m+fp/hard/libc_nano.a(libc_a-findfp.o)
                              /Applications/STM32CubeIDE.app/Contents/Eclipse/plugins/com.st.stm32cube.ide.mcu.externaltools.gnu-tools-for-stm32.11.3.rel1.macos64_1.1.0.202305231506/tools/bin/../lib/gcc/arm-none-eabi/11.3.1/../../../../arm-none-eabi/lib/thumb/v7e-m+fp/hard/libc_nano.a(libc_a-exit.o) (__stdio_exit_handler)
/Applications/STM32CubeIDE.app/Contents/Eclipse/plugins/com.st.stm32cube.ide.mcu.externaltools.gnu-tools-for-stm32.11.3.rel1.macos64_1.1.0.202305231506/tools/bin/../lib/gcc/arm-none-eabi/11.3.1/../../../../arm-none-eabi/lib/thumb/v7e-m+fp/hard/libc_nano.a(libc_a-fwalk.o)
                              /Applications/STM32CubeIDE.app/Contents/Eclipse/plugins/com.st.stm32cube.ide.mcu.externaltools.gnu-tools-for-stm32.11.3.rel1.macos64_1.1.0.202305231506/tools/bin/../lib/gcc/arm-none-eabi/11.3.1/../../../../arm-none-eabi/lib/thumb/v7e-m+fp/hard/libc_nano.a(libc_a-findfp.o) (_fwalk_sglue)
/Applications/STM32CubeIDE.app/Contents/Eclipse/plugins/com.st.stm32cube.ide.mcu.externaltools.gnu-tools-for-stm32.11.3.rel1.macos64_1.1.0.202305231506/tools/bin/../lib/gcc/arm-none-eabi/11.3.1/../../../../arm-none-eabi/lib/thumb/v7e-m+fp/hard/libc_nano.a(libc_a-memset.o)
                              /Applications/STM32CubeIDE.app/Contents/Eclipse/plugins/com.st.stm32cube.ide.mcu.externaltools.gnu-tools-for-stm32.11.3.rel1.macos64_1.1.0.202305231506/tools/bin/../lib/gcc/arm-none-eabi/11.3.1/../../../../arm-none-eabi/lib/thumb/v7e-m+fp/hard/crt0.o (memset)
/Applications/STM32CubeIDE.app/Contents/Eclipse/plugins/com.st.stm32cube.ide.mcu.externaltools.gnu-tools-for-stm32.11.3.rel1.macos64_1.1.0.202305231506/tools/bin/../lib/gcc/arm-none-eabi/11.3.1/../../../../arm-none-eabi/lib/thumb/v7e-m+fp/hard/libc_nano.a(libc_a-impure.o)
                              /Applications/STM32CubeIDE.app/Contents/Eclipse/plugins/com.st.stm32cube.ide.mcu.externaltools.gnu-tools-for-stm32.11.3.rel1.macos64_1.1.0.202305231506/tools/bin/../lib/gcc/arm-none-eabi/11.3.1/../../../../arm-none-eabi/lib/thumb/v7e-m+fp/hard/libc_nano.a(libc_a-findfp.o) (_impure_data)
/Applications/STM32CubeIDE.app/Contents/Eclipse/plugins/com.st.stm32cube.ide.mcu.externaltools.gnu-tools-for-stm32.11.3.rel1.macos64_1.1.0.202305231506/tools/bin/../lib/gcc/arm-none-eabi/11.3.1/../../../../arm-none-eabi/lib/thumb/v7e-m+fp/hard/libc_nano.a(libc_a-errno.o)
                              ./Core/Src/syscalls.o (__errno)
/Applications/STM32CubeIDE.app/Contents/Eclipse/plugins/com.st.stm32cube.ide.mcu.externaltools.gnu-tools-for-stm32.11.3.rel1.macos64_1.1.0.202305231506/tools/bin/../lib/gcc/arm-none-eabi/11.3.1/../../../../arm-none-eabi/lib/thumb/v7e-m+fp/hard/libc_nano.a(libc_a-init.o)
                              /Applications/STM32CubeIDE.app/Contents/Eclipse/plugins/com.st.stm32cube.ide.mcu.externaltools.gnu-tools-for-stm32.11.3.rel1.macos64_1.1.0.202305231506/tools/bin/../lib/gcc/arm-none-eabi/11.3.1/../../../../arm-none-eabi/lib/thumb/v7e-m+fp/hard/crt0.o (__libc_init_array)
/Applications/STM32CubeIDE.app/Contents/Eclipse/plugins/com.st.stm32cube.ide.mcu.externaltools.gnu-tools-for-stm32.11.3.rel1.macos64_1.1.0.202305231506/tools/bin/../lib/gcc/arm-none-eabi/11.3.1/../../../../arm-none-eabi/lib/thumb/v7e-m+fp/hard/libc_nano.a(libc_a-lock.o)
                              /Applications/STM32CubeIDE.app/Contents/Eclipse/plugins/com.st.stm32cube.ide.mcu.externaltools.gnu-tools-for-stm32.11.3.rel1.macos64_1.1.0.202305231506/tools/bin/../lib/gcc/arm-none-eabi/11.3.1/../../../../arm-none-eabi/lib/thumb/v7e-m+fp/hard/libc_nano.a(libc_a-findfp.o) (__retarget_lock_init_recursive)
/Applications/STM32CubeIDE.app/Contents/Eclipse/plugins/com.st.stm32cube.ide.mcu.externaltools.gnu-tools-for-stm32.11.3.rel1.macos64_1.1.0.202305231506/tools/bin/../lib/gcc/arm-none-eabi/11.3.1/../../../../arm-none-eabi/lib/thumb/v7e-m+fp/hard/libc_nano.a(libc_a-memcpy-stub.o)
                              ./Middlewares/ST/BlueNRG-MS/hci/controller/bluenrg_gap_aci.o (memcpy)
[...]
Memory Configuration

Name             Origin             Length             Attributes
RAM              0x0000000020000000 0x0000000000018000 xrw
RAM2             0x0000000010000000 0x0000000000008000 xrw
FLASH            0x0000000008000000 0x0000000000100000 xr
*default*        0x0000000000000000 0xffffffffffffffff

Linker script and memory map

LOAD /Applications/STM32CubeIDE.app/Contents/Eclipse/plugins/com.st.stm32cube.ide.mcu.externaltools.gnu-tools-for-stm32.11.3.rel1.macos64_1.1.0.202305231506/tools/bin/../lib/gcc/arm-none-eabi/11.3.1/thumb/v7e-m+fp/hard/crti.o
LOAD /Applications/STM32CubeIDE.app/Contents/Eclipse/plugins/com.st.stm32cube.ide.mcu.externaltools.gnu-tools-for-stm32.11.3.rel1.macos64_1.1.0.202305231506/tools/bin/../lib/gcc/arm-none-eabi/11.3.1/thumb/v7e-m+fp/hard/crtbegin.o
LOAD /Applications/STM32CubeIDE.app/Contents/Eclipse/plugins/com.st.stm32cube.ide.mcu.externaltools.gnu-tools-for-stm32.11.3.rel1.macos64_1.1.0.202305231506/tools/bin/../lib/gcc/arm-none-eabi/11.3.1/../../../../arm-none-eabi/lib/thumb/v7e-m+fp/hard/crt0.o
LOAD ./BlueNRG_MS/Target/hci_tl_interface.o
LOAD ./Core/Src/main.o
LOAD ./Core/Src/project_ble.o
LOAD ./Core/Src/project_sensor.o
LOAD ./Core/Src/stm32l4xx_hal_msp.o
LOAD ./Core/Src/stm32l4xx_it.o
LOAD ./Core/Src/syscalls.o
LOAD ./Core/Src/sysmem.o
LOAD ./Core/Src/system_stm32l4xx.o
LOAD ./Core/Startup/startup_stm32l475vgtx.o
LOAD ./Drivers/BSP/B-L475E-IOT01A1/b_l475e_iot01a1_bus.o
LOAD ./Drivers/STM32L4xx_HAL_Driver/Src/stm32l4xx_hal.o
LOAD ./Drivers/STM32L4xx_HAL_Driver/Src/stm32l4xx_hal_cortex.o
LOAD ./Drivers/STM32L4xx_HAL_Driver/Src/stm32l4xx_hal_dfsdm.o
LOAD ./Drivers/STM32L4xx_HAL_Driver/Src/stm32l4xx_hal_dma.o
LOAD ./Drivers/STM32L4xx_HAL_Driver/Src/stm32l4xx_hal_dma_ex.o
LOAD ./Drivers/STM32L4xx_HAL_Driver/Src/stm32l4xx_hal_exti.o
LOAD ./Drivers/STM32L4xx_HAL_Driver/Src/stm32l4xx_hal_flash.o
LOAD ./Drivers/STM32L4xx_HAL_Driver/Src/stm32l4xx_hal_flash_ex.o
LOAD ./Drivers/STM32L4xx_HAL_Driver/Src/stm32l4xx_hal_flash_ramfunc.o
LOAD ./Drivers/STM32L4xx_HAL_Driver/Src/stm32l4xx_hal_gpio.o
LOAD ./Drivers/STM32L4xx_HAL_Driver/Src/stm32l4xx_hal_i2c.o
LOAD ./Drivers/STM32L4xx_HAL_Driver/Src/stm32l4xx_hal_i2c_ex.o
LOAD ./Drivers/STM32L4xx_HAL_Driver/Src/stm32l4xx_hal_pcd.o
LOAD ./Drivers/STM32L4xx_HAL_Driver/Src/stm32l4xx_hal_pcd_ex.o
LOAD ./Drivers/STM32L4xx_HAL_Driver/Src/stm32l4xx_hal_pwr.o
LOAD ./Drivers/STM32L4xx_HAL_Driver/Src/stm32l4xx_hal_pwr_ex.o
LOAD ./Drivers/STM32L4xx_HAL_Driver/Src/stm32l4xx_hal_qspi.o
LOAD ./Drivers/STM32L4xx_HAL_Driver/Src/stm32l4xx_hal_rcc.o
LOAD ./Drivers/STM32L4xx_HAL_Driver/Src/stm32l4xx_hal_rcc_ex.o
LOAD ./Drivers/STM32L4xx_HAL_Driver/Src/stm32l4xx_hal_spi.o
LOAD ./Drivers/STM32L4xx_HAL_Driver/Src/stm32l4xx_hal_spi_ex.o
LOAD ./Drivers/STM32L4xx_HAL_Driver/Src/stm32l4xx_hal_tim.o
LOAD ./Drivers/STM32L4xx_HAL_Driver/Src/stm32l4xx_hal_tim_ex.o
LOAD ./Drivers/STM32L4xx_HAL_Driver/Src/stm32l4xx_hal_uart.o
LOAD ./Drivers/STM32L4xx_HAL_Driver/Src/stm32l4xx_hal_uart_ex.o
LOAD ./Drivers/STM32L4xx_HAL_Driver/Src/stm32l4xx_ll_usb.o
LOAD ./Middlewares/ST/BlueNRG-MS/hci/controller/bluenrg_gap_aci.o
LOAD ./Middlewares/ST/BlueNRG-MS/hci/controller/bluenrg_gatt_aci.o
LOAD ./Middlewares/ST/BlueNRG-MS/hci/controller/bluenrg_hal_aci.o
LOAD ./Middlewares/ST/BlueNRG-MS/hci/controller/bluenrg_l2cap_aci.o
LOAD ./Middlewares/ST/BlueNRG-MS/hci/controller/bluenrg_updater_aci.o
LOAD ./Middlewares/ST/BlueNRG-MS/hci/controller/bluenrg_utils_small.o
LOAD ./Middlewares/ST/BlueNRG-MS/hci/hci_le.o
LOAD ./Middlewares/ST/BlueNRG-MS/hci/hci_tl_patterns/Basic/hci_tl.o
LOAD ./Middlewares/ST/BlueNRG-MS/utils/ble_list.o
START GROUP
LOAD /Applications/STM32CubeIDE.app/Contents/Eclipse/plugins/com.st.stm32cube.ide.mcu.externaltools.gnu-tools-for-stm32.11.3.rel1.macos64_1.1.0.202305231506/tools/bin/../lib/gcc/arm-none-eabi/11.3.1/../../../../arm-none-eabi/lib/thumb/v7e-m+fp/hard/libc_nano.a
LOAD /Applications/STM32CubeIDE.app/Contents/Eclipse/plugins/com.st.stm32cube.ide.mcu.externaltools.gnu-tools-for-stm32.11.3.rel1.macos64_1.1.0.202305231506/tools/bin/../lib/gcc/arm-none-eabi/11.3.1/../../../../arm-none-eabi/lib/thumb/v7e-m+fp/hard/libm.a
END GROUP
START GROUP
LOAD /Applications/STM32CubeIDE.app/Contents/Eclipse/plugins/com.st.stm32cube.ide.mcu.externaltools.gnu-tools-for-stm32.11.3.rel1.macos64_1.1.0.202305231506/tools/bin/../lib/gcc/arm-none-eabi/11.3.1/thumb/v7e-m+fp/hard/libgcc.a
LOAD /Applications/STM32CubeIDE.app/Contents/Eclipse/plugins/com.st.stm32cube.ide.mcu.externaltools.gnu-tools-for-stm32.11.3.rel1.macos64_1.1.0.202305231506/tools/bin/../lib/gcc/arm-none-eabi/11.3.1/../../../../arm-none-eabi/lib/thumb/v7e-m+fp/hard/libc_nano.a
END GROUP
START GROUP
LOAD /Applications/STM32CubeIDE.app/Contents/Eclipse/plugins/com.st.stm32cube.ide.mcu.externaltools.gnu-tools-for-stm32.11.3.rel1.macos64_1.1.0.202305231506/tools/bin/../lib/gcc/arm-none-eabi/11.3.1/thumb/v7e-m+fp/hard/libgcc.a
LOAD /Applications/STM32CubeIDE.app/Contents/Eclipse/plugins/com.st.stm32cube.ide.mcu.externaltools.gnu-tools-for-stm32.11.3.rel1.macos64_1.1.0.202305231506/tools/bin/../lib/gcc/arm-none-eabi/11.3.1/../../../../arm-none-eabi/lib/thumb/v7e-m+fp/hard/libc_nano.a
LOAD /Applications/STM32CubeIDE.app/Contents/Eclipse/plugins/com.st.stm32cube.ide.mcu.externaltools.gnu-tools-for-stm32.11.3.rel1.macos64_1.1.0.202305231506/tools/bin/../lib/gcc/arm-none-eabi/11.3.1/../../../../arm-none-eabi/lib/thumb/v7e-m+fp/hard/libnosys.a
END GROUP
START GROUP
LOAD /Applications/STM32CubeIDE.app/Contents/Eclipse/plugins/com.st.stm32cube.ide.mcu.externaltools.gnu-tools-for-stm32.11.3.rel1.macos64_1.1.0.202305231506/tools/bin/../lib/gcc/arm-none-eabi/11.3.1/thumb/v7e-m+fp/hard/libgcc.a
LOAD /Applications/STM32CubeIDE.app/Contents/Eclipse/plugins/com.st.stm32cube.ide.mcu.externaltools.gnu-tools-for-stm32.11.3.rel1.macos64_1.1.0.202305231506/tools/bin/../lib/gcc/arm-none-eabi/11.3.1/../../../../arm-none-eabi/lib/thumb/v7e-m+fp/hard/libc_nano.a
LOAD /Applications/STM32CubeIDE.app/Contents/Eclipse/plugins/com.st.stm32cube.ide.mcu.externaltools.gnu-tools-for-stm32.11.3.rel1.macos64_1.1.0.202305231506/tools/bin/../lib/gcc/arm-none-eabi/11.3.1/../../../../arm-none-eabi/lib/thumb/v7e-m+fp/hard/libnosys.a
END GROUP
LOAD /Applications/STM32CubeIDE.app/Contents/Eclipse/plugins/com.st.stm32cube.ide.mcu.externaltools.gnu-tools-for-stm32.11.3.rel1.macos64_1.1.0.202305231506/tools/bin/../lib/gcc/arm-none-eabi/11.3.1/thumb/v7e-m+fp/hard/crtend.o
LOAD /Applications/STM32CubeIDE.app/Contents/Eclipse/plugins/com.st.stm32cube.ide.mcu.externaltools.gnu-tools-for-stm32.11.3.rel1.macos64_1.1.0.202305231506/tools/bin/../lib/gcc/arm-none-eabi/11.3.1/thumb/v7e-m+fp/hard/crtn.o
                0x0000000020018000                _estack = (ORIGIN (RAM) + LENGTH (RAM))
                0x0000000000000200                _Min_Heap_Size = 0x200
                0x0000000000000400                _Min_Stack_Size = 0x400

.isr_vector     0x0000000008000000      0x188
                0x0000000008000000                . = ALIGN (0x4)
 *(.isr_vector)
 .isr_vector    0x0000000008000000      0x188 ./Core/Startup/startup_stm32l475vgtx.o
                0x0000000008000000                g_pfnVectors
                0x0000000008000188                . = ALIGN (0x4)

.text           0x0000000008000188     0x6f90
                0x0000000008000188                . = ALIGN (0x4)
 *(.text)
 .text          0x0000000008000188       0x40 /Applications/STM32CubeIDE.app/Contents/Eclipse/plugins/com.st.stm32cube.ide.mcu.externaltools.gnu-tools-for-stm32.11.3.rel1.macos64_1.1.0.202305231506/tools/bin/../lib/gcc/arm-none-eabi/11.3.1/thumb/v7e-m+fp/hard/crtbegin.o
 .text          0x00000000080001c8       0x10 /Applications/STM32CubeIDE.app/Contents/Eclipse/plugins/com.st.stm32cube.ide.mcu.externaltools.gnu-tools-for-stm32.11.3.rel1.macos64_1.1.0.202305231506/tools/bin/../lib/gcc/arm-none-eabi/11.3.1/../../../../arm-none-eabi/lib/thumb/v7e-m+fp/hard/libc_nano.a(libc_a-strlen.o)
                0x00000000080001c8                strlen
 .text          0x00000000080001d8       0x30 /Applications/STM32CubeIDE.app/Contents/Eclipse/plugins/com.st.stm32cube.ide.mcu.externaltools.gnu-tools-for-stm32.11.3.rel1.macos64_1.1.0.202305231506/tools/bin/../lib/gcc/arm-none-eabi/11.3.1/thumb/v7e-m+fp/hard/libgcc.a(_aeabi_uldivmod.o)
                0x00000000080001d8                __aeabi_uldivmod
 .text          0x0000000008000208      0x2c8 /Applications/STM32CubeIDE.app/Contents/Eclipse/plugins/com.st.stm32cube.ide.mcu.externaltools.gnu-tools-for-stm32.11.3.rel1.macos64_1.1.0.202305231506/tools/bin/../lib/gcc/arm-none-eabi/11.3.1/thumb/v7e-m+fp/hard/libgcc.a(_udivmoddi4.o)
                0x0000000008000208                __udivmoddi4
 .text          0x00000000080004d0        0x4 /Applications/STM32CubeIDE.app/Contents/Eclipse/plugins/com.st.stm32cube.ide.mcu.externaltools.gnu-tools-for-stm32.11.3.rel1.macos64_1.1.0.202305231506/tools/bin/../lib/gcc/arm-none-eabi/11.3.1/thumb/v7e-m+fp/hard/libgcc.a(_dvmd_tls.o)
                0x00000000080004d0                __aeabi_ldiv0
                0x00000000080004d0                __aeabi_idiv0
 *(.text*)
 .text.HCI_TL_SPI_Init
                0x00000000080004d4       0x94 ./BlueNRG_MS/Target/hci_tl_interface.o
                0x00000000080004d4                HCI_TL_SPI_Init
 .text.HCI_TL_SPI_DeInit
                0x0000000008000568       0x30 ./BlueNRG_MS/Target/hci_tl_interface.o
                0x0000000008000568                HCI_TL_SPI_DeInit
 .text.HCI_TL_SPI_Reset
                0x0000000008000598       0x44 ./BlueNRG_MS/Target/hci_tl_interface.o
                0x0000000008000598                HCI_TL_SPI_Reset
 .text.HCI_TL_SPI_Receive
                0x00000000080005dc       0xb8 ./BlueNRG_MS/Target/hci_tl_interface.o
                0x00000000080005dc                HCI_TL_SPI_Receive
 .text.HCI_TL_SPI_Send
                0x0000000008000694       0xac ./BlueNRG_MS/Target/hci_tl_interface.o
                0x0000000008000694                HCI_TL_SPI_Send
 .text.IsDataAvailable
                0x0000000008000740       0x20 ./BlueNRG_MS/Target/hci_tl_interface.o
 .text.hci_tl_lowlevel_init
                0x0000000008000760       0x74 ./BlueNRG_MS/Target/hci_tl_interface.o
                0x0000000008000760                hci_tl_lowlevel_init
 .text.hci_tl_lowlevel_isr
                0x00000000080007d4       0x22 ./BlueNRG_MS/Target/hci_tl_interface.o
                0x00000000080007d4                hci_tl_lowlevel_isr
 *fill*         0x00000000080007f6        0x2 
 .text.main     0x00000000080007f8       0x54 ./Core/Src/main.o
                0x00000000080007f8                main
 .text.SystemClock_Config
                0x000000000800084c       0xc4 ./Core/Src/main.o
                0x000000000800084c                SystemClock_Config
 .text.MX_DFSDM1_Init
                0x0000000008000910       0x70 ./Core/Src/main.o
 .text.MX_I2C2_Init
                0x0000000008000980       0x7c ./Core/Src/main.o
 .text.MX_QUADSPI_Init
                0x00000000080009fc       0x4c ./Core/Src/main.o
 .text.MX_USART1_UART_Init
                0x0000000008000a48       0x60 ./Core/Src/main.o
 .text.MX_USART3_UART_Init
                0x0000000008000aa8       0x60 ./Core/Src/main.o
 .text.MX_USB_OTG_FS_PCD_Init
                0x0000000008000b08       0x5c ./Core/Src/main.o
 .text.MX_GPIO_Init
                0x0000000008000b64      0x364 ./Core/Src/main.o
 .text.Error_Handler
                0x0000000008000ec8        0xa ./Core/Src/main.o
                0x0000000008000ec8                Error_Handler
 *fill*         0x0000000008000ed2        0x2 
 .text.init_ble
                0x0000000008000ed4      0x12c ./Core/Src/project_ble.o
                0x0000000008000ed4                init_ble
 .text.User_Init
                0x0000000008001000        0xe ./Core/Src/project_ble.o
 *fill*         0x000000000800100e        0x2 
 .text.Add_SensorData_Service
                0x0000000008001010      0x120 ./Core/Src/project_ble.o
                0x0000000008001010                Add_SensorData_Service
 .text.Sensor_Reading_Update
                0x0000000008001130       0xc4 ./Core/Src/project_ble.o
                0x0000000008001130                Sensor_Reading_Update
 .text.Read_Request_CB
                0x00000000080011f4       0x4c ./Core/Src/project_ble.o
                0x00000000080011f4                Read_Request_CB
 .text.run_ble  0x0000000008001240       0x5c ./Core/Src/project_ble.o
                0x0000000008001240                run_ble
 .text.Set_DeviceConnectable
                0x000000000800129c       0xe8 ./Core/Src/project_sensor.o
                0x000000000800129c                Set_DeviceConnectable
 .text.user_notify
                0x0000000008001384       0x9e ./Core/Src/project_sensor.o
                0x0000000008001384                user_notify
 *fill*         0x0000000008001422        0x2 
 .text.GAP_DisconnectionComplete_CB
                0x0000000008001424       0x2c ./Core/Src/project_sensor.o
                0x0000000008001424                GAP_DisconnectionComplete_CB
 .text.GAP_ConnectionComplete_CB
                0x0000000008001450       0x40 ./Core/Src/project_sensor.o
                0x0000000008001450                GAP_ConnectionComplete_CB
 .text.HAL_MspInit
                0x0000000008001490       0x48 ./Core/Src/stm32l4xx_hal_msp.o
                0x0000000008001490                HAL_MspInit
 .text.HAL_DFSDM_ChannelMspInit
                0x00000000080014d8       0xc8 ./Core/Src/stm32l4xx_hal_msp.o
                0x00000000080014d8                HAL_DFSDM_ChannelMspInit
 .text.HAL_I2C_MspInit
                0x00000000080015a0       0xbc ./Core/Src/stm32l4xx_hal_msp.o
                0x00000000080015a0                HAL_I2C_MspInit
 .text.HAL_QSPI_MspInit
                0x000000000800165c       0x88 ./Core/Src/stm32l4xx_hal_msp.o
                0x000000000800165c                HAL_QSPI_MspInit
 .text.HAL_UART_MspInit
                0x00000000080016e4      0x148 ./Core/Src/stm32l4xx_hal_msp.o
                0x00000000080016e4                HAL_UART_MspInit
 .text.HAL_PCD_MspInit
                0x000000000800182c      0x138 ./Core/Src/stm32l4xx_hal_msp.o
                0x000000000800182c                HAL_PCD_MspInit
 .text.NMI_Handler
                0x0000000008001964        0x6 ./Core/Src/stm32l4xx_it.o
                0x0000000008001964                NMI_Handler
 .text.HardFault_Handler
                0x000000000800196a        0x6 ./Core/Src/stm32l4xx_it.o
                0x000000000800196a                HardFault_Handler
 .text.MemManage_Handler
                0x0000000008001970        0x6 ./Core/Src/stm32l4xx_it.o
                0x0000000008001970                MemManage_Handler
 .text.BusFault_Handler
                0x0000000008001976        0x6 ./Core/Src/stm32l4xx_it.o
                0x0000000008001976                BusFault_Handler
 .text.UsageFault_Handler
                0x000000000800197c        0x6 ./Core/Src/stm32l4xx_it.o
                0x000000000800197c                UsageFault_Handler
 .text.SVC_Handler
                0x0000000008001982        0xe ./Core/Src/stm32l4xx_it.o
                0x0000000008001982                SVC_Handler
 .text.DebugMon_Handler
                0x0000000008001990        0xe ./Core/Src/stm32l4xx_it.o
                0x0000000008001990                DebugMon_Handler
 .text.PendSV_Handler
                0x000000000800199e        0xe ./Core/Src/stm32l4xx_it.o
                0x000000000800199e                PendSV_Handler
 .text.SysTick_Handler
                0x00000000080019ac        0xc ./Core/Src/stm32l4xx_it.o
                0x00000000080019ac                SysTick_Handler
 .text.EXTI9_5_IRQHandler
                0x00000000080019b8       0x28 ./Core/Src/stm32l4xx_it.o
                0x00000000080019b8                EXTI9_5_IRQHandler
 .text.EXTI15_10_IRQHandler
                0x00000000080019e0       0x30 ./Core/Src/stm32l4xx_it.o
                0x00000000080019e0                EXTI15_10_IRQHandler
 .text.SystemInit
                0x0000000008001a10       0x24 ./Core/Src/system_stm32l4xx.o
                0x0000000008001a10                SystemInit
 .text.Reset_Handler
                0x0000000008001a34       0x50 ./Core/Startup/startup_stm32l475vgtx.o
                0x0000000008001a34                Reset_Handler
 .text.Default_Handler
                0x0000000008001a84        0x2 ./Core/Startup/startup_stm32l475vgtx.o
                0x0000000008001a84                TIM1_BRK_TIM15_IRQHandler
                0x0000000008001a84                EXTI2_IRQHandler
                0x0000000008001a84                TIM8_TRG_COM_IRQHandler
                0x0000000008001a84                TIM8_CC_IRQHandler
                0x0000000008001a84                TIM1_CC_IRQHandler
                0x0000000008001a84                TSC_IRQHandler
                0x0000000008001a84                TAMP_STAMP_IRQHandler
                0x0000000008001a84                EXTI3_IRQHandler
                0x0000000008001a84                LPTIM2_IRQHandler
                0x0000000008001a84                DFSDM1_FLT1_IRQHandler
                0x0000000008001a84                I2C3_ER_IRQHandler
                0x0000000008001a84                DFSDM1_FLT2_IRQHandler
                0x0000000008001a84                EXTI0_IRQHandler
                0x0000000008001a84                I2C2_EV_IRQHandler
                0x0000000008001a84                CAN1_RX0_IRQHandler
                0x0000000008001a84                FPU_IRQHandler
                0x0000000008001a84                TIM1_UP_TIM16_IRQHandler
                0x0000000008001a84                ADC1_2_IRQHandler
                0x0000000008001a84                SPI1_IRQHandler
                0x0000000008001a84                TIM6_DAC_IRQHandler
                0x0000000008001a84                TIM8_UP_IRQHandler
                0x0000000008001a84                DMA2_Channel2_IRQHandler
                0x0000000008001a84                DMA1_Channel4_IRQHandler
                0x0000000008001a84                SAI2_IRQHandler
                0x0000000008001a84                DFSDM1_FLT3_IRQHandler
                0x0000000008001a84                USART3_IRQHandler
                0x0000000008001a84                DMA1_Channel7_IRQHandler
                0x0000000008001a84                CAN1_RX1_IRQHandler
                0x0000000008001a84                UART5_IRQHandler
                0x0000000008001a84                ADC3_IRQHandler
                0x0000000008001a84                TIM4_IRQHandler
                0x0000000008001a84                DMA2_Channel1_IRQHandler
                0x0000000008001a84                QUADSPI_IRQHandler
                0x0000000008001a84                I2C1_EV_IRQHandler
                0x0000000008001a84                DMA1_Channel6_IRQHandler
                0x0000000008001a84                UART4_IRQHandler
                0x0000000008001a84                DMA2_Channel4_IRQHandler
                0x0000000008001a84                TIM3_IRQHandler
                0x0000000008001a84                RCC_IRQHandler
                0x0000000008001a84                DMA1_Channel1_IRQHandler
                0x0000000008001a84                Default_Handler
                0x0000000008001a84                DMA2_Channel7_IRQHandler
                0x0000000008001a84                TIM7_IRQHandler
                0x0000000008001a84                SDMMC1_IRQHandler
                0x0000000008001a84                TIM5_IRQHandler
                0x0000000008001a84                I2C3_EV_IRQHandler
                0x0000000008001a84                RTC_WKUP_IRQHandler
                0x0000000008001a84                PVD_PVM_IRQHandler
                0x0000000008001a84                SPI2_IRQHandler
                0x0000000008001a84                CAN1_TX_IRQHandler
                0x0000000008001a84                DMA2_Channel5_IRQHandler
                0x0000000008001a84                DMA1_Channel5_IRQHandler
                0x0000000008001a84                EXTI4_IRQHandler
                0x0000000008001a84                RNG_IRQHandler
                0x0000000008001a84                TIM1_TRG_COM_TIM17_IRQHandler
                0x0000000008001a84                DMA1_Channel3_IRQHandler
                0x0000000008001a84                COMP_IRQHandler
                0x0000000008001a84                WWDG_IRQHandler
                0x0000000008001a84                LPUART1_IRQHandler
                0x0000000008001a84                DMA2_Channel6_IRQHandler
                0x0000000008001a84                TIM2_IRQHandler
                0x0000000008001a84                EXTI1_IRQHandler
                0x0000000008001a84                USART2_IRQHandler
                0x0000000008001a84                DFSDM1_FLT0_IRQHandler
                0x0000000008001a84                I2C2_ER_IRQHandler
                0x0000000008001a84                DMA1_Channel2_IRQHandler
                0x0000000008001a84                TIM8_BRK_IRQHandler
                0x0000000008001a84                CAN1_SCE_IRQHandler
                0x0000000008001a84                FLASH_IRQHandler
                0x0000000008001a84                USART1_IRQHandler
                0x0000000008001a84                OTG_FS_IRQHandler
                0x0000000008001a84                SPI3_IRQHandler
                0x0000000008001a84                I2C1_ER_IRQHandler
                0x0000000008001a84                FMC_IRQHandler
                0x0000000008001a84                SWPMI1_IRQHandler
                0x0000000008001a84                LPTIM1_IRQHandler
                0x0000000008001a84                SAI1_IRQHandler
                0x0000000008001a84                DMA2_Channel3_IRQHandler
                0x0000000008001a84                RTC_Alarm_IRQHandler
 *fill*         0x0000000008001a86        0x2 
 .text.BSP_SPI3_Init
                0x0000000008001a88       0x60 ./Drivers/BSP/B-L475E-IOT01A1/b_l475e_iot01a1_bus.o
                0x0000000008001a88                BSP_SPI3_Init
 .text.BSP_SPI3_SendRecv
                0x0000000008001ae8       0x40 ./Drivers/BSP/B-L475E-IOT01A1/b_l475e_iot01a1_bus.o
                0x0000000008001ae8                BSP_SPI3_SendRecv
 .text.BSP_GetTick
                0x0000000008001b28        0xe ./Drivers/BSP/B-L475E-IOT01A1/b_l475e_iot01a1_bus.o
                0x0000000008001b28                BSP_GetTick
 *fill*         0x0000000008001b36        0x2 
 .text.MX_SPI3_Init
                0x0000000008001b38       0x84 ./Drivers/BSP/B-L475E-IOT01A1/b_l475e_iot01a1_bus.o
                0x0000000008001b38                MX_SPI3_Init
 .text.SPI3_MspInit
                0x0000000008001bbc       0xb0 ./Drivers/BSP/B-L475E-IOT01A1/b_l475e_iot01a1_bus.o
 .text.HAL_Init
                0x0000000008001c6c       0x30 ./Drivers/STM32L4xx_HAL_Driver/Src/stm32l4xx_hal.o
                0x0000000008001c6c                HAL_Init
 .text.HAL_InitTick
                0x0000000008001c9c       0x78 ./Drivers/STM32L4xx_HAL_Driver/Src/stm32l4xx_hal.o
                0x0000000008001c9c                HAL_InitTick
 .text.HAL_IncTick
                0x0000000008001d14       0x28 ./Drivers/STM32L4xx_HAL_Driver/Src/stm32l4xx_hal.o
                0x0000000008001d14                HAL_IncTick
 .text.HAL_GetTick
                0x0000000008001d3c       0x18 ./Drivers/STM32L4xx_HAL_Driver/Src/stm32l4xx_hal.o
                0x0000000008001d3c                HAL_GetTick
 .text.HAL_Delay
                0x0000000008001d54       0x48 ./Drivers/STM32L4xx_HAL_Driver/Src/stm32l4xx_hal.o
                0x0000000008001d54                HAL_Delay
 .text.__NVIC_SetPriorityGrouping
                0x0000000008001d9c       0x48 ./Drivers/STM32L4xx_HAL_Driver/Src/stm32l4xx_hal_cortex.o
 .text.__NVIC_GetPriorityGrouping
                0x0000000008001de4       0x1c ./Drivers/STM32L4xx_HAL_Driver/Src/stm32l4xx_hal_cortex.o
 .text.__NVIC_EnableIRQ
                0x0000000008001e00       0x3c ./Drivers/STM32L4xx_HAL_Driver/Src/stm32l4xx_hal_cortex.o
 .text.__NVIC_SetPriority
                0x0000000008001e3c       0x54 ./Drivers/STM32L4xx_HAL_Driver/Src/stm32l4xx_hal_cortex.o
 .text.NVIC_EncodePriority
                0x0000000008001e90       0x66 ./Drivers/STM32L4xx_HAL_Driver/Src/stm32l4xx_hal_cortex.o
 *fill*         0x0000000008001ef6        0x2 
 .text.SysTick_Config
                0x0000000008001ef8       0x44 ./Drivers/STM32L4xx_HAL_Driver/Src/stm32l4xx_hal_cortex.o
 .text.HAL_NVIC_SetPriorityGrouping
                0x0000000008001f3c       0x16 ./Drivers/STM32L4xx_HAL_Driver/Src/stm32l4xx_hal_cortex.o
                0x0000000008001f3c                HAL_NVIC_SetPriorityGrouping
 .text.HAL_NVIC_SetPriority
                0x0000000008001f52       0x38 ./Drivers/STM32L4xx_HAL_Driver/Src/stm32l4xx_hal_cortex.o
                0x0000000008001f52                HAL_NVIC_SetPriority
 .text.HAL_NVIC_EnableIRQ
                0x0000000008001f8a       0x1c ./Drivers/STM32L4xx_HAL_Driver/Src/stm32l4xx_hal_cortex.o
                0x0000000008001f8a                HAL_NVIC_EnableIRQ
 .text.HAL_SYSTICK_Config
                0x0000000008001fa6       0x18 ./Drivers/STM32L4xx_HAL_Driver/Src/stm32l4xx_hal_cortex.o
                0x0000000008001fa6                HAL_SYSTICK_Config
 *fill*         0x0000000008001fbe        0x2 
 .text.HAL_DFSDM_ChannelInit
                0x0000000008001fc0      0x180 ./Drivers/STM32L4xx_HAL_Driver/Src/stm32l4xx_hal_dfsdm.o
                0x0000000008001fc0                HAL_DFSDM_ChannelInit
 .text.DFSDM_GetChannelFromInstance
                0x0000000008002140       0x98 ./Drivers/STM32L4xx_HAL_Driver/Src/stm32l4xx_hal_dfsdm.o
 .text.HAL_EXTI_RegisterCallback
                0x00000000080021d8       0x34 ./Drivers/STM32L4xx_HAL_Driver/Src/stm32l4xx_hal_exti.o
                0x00000000080021d8                HAL_EXTI_RegisterCallback
 .text.HAL_EXTI_GetHandle
                0x000000000800220c       0x28 ./Drivers/STM32L4xx_HAL_Driver/Src/stm32l4xx_hal_exti.o
                0x000000000800220c                HAL_EXTI_GetHandle
 .text.HAL_EXTI_IRQHandler
                0x0000000008002234       0x60 ./Drivers/STM32L4xx_HAL_Driver/Src/stm32l4xx_hal_exti.o
                0x0000000008002234                HAL_EXTI_IRQHandler
 .text.HAL_GPIO_Init
                0x0000000008002294      0x354 ./Drivers/STM32L4xx_HAL_Driver/Src/stm32l4xx_hal_gpio.o
                0x0000000008002294                HAL_GPIO_Init
 .text.HAL_GPIO_DeInit
                0x00000000080025e8      0x1e8 ./Drivers/STM32L4xx_HAL_Driver/Src/stm32l4xx_hal_gpio.o
                0x00000000080025e8                HAL_GPIO_DeInit
 .text.HAL_GPIO_ReadPin
                0x00000000080027d0       0x30 ./Drivers/STM32L4xx_HAL_Driver/Src/stm32l4xx_hal_gpio.o
                0x00000000080027d0                HAL_GPIO_ReadPin
 .text.HAL_GPIO_WritePin
                0x0000000008002800       0x30 ./Drivers/STM32L4xx_HAL_Driver/Src/stm32l4xx_hal_gpio.o
                0x0000000008002800                HAL_GPIO_WritePin
 .text.HAL_GPIO_EXTI_IRQHandler
                0x0000000008002830       0x30 ./Drivers/STM32L4xx_HAL_Driver/Src/stm32l4xx_hal_gpio.o
                0x0000000008002830                HAL_GPIO_EXTI_IRQHandler
 .text.HAL_GPIO_EXTI_Callback
                0x0000000008002860       0x16 ./Drivers/STM32L4xx_HAL_Driver/Src/stm32l4xx_hal_gpio.o
                0x0000000008002860                HAL_GPIO_EXTI_Callback
 .text.HAL_I2C_Init
                0x0000000008002876      0x136 ./Drivers/STM32L4xx_HAL_Driver/Src/stm32l4xx_hal_i2c.o
                0x0000000008002876                HAL_I2C_Init
 .text.HAL_I2CEx_ConfigAnalogFilter
                0x00000000080029ac       0x96 ./Drivers/STM32L4xx_HAL_Driver/Src/stm32l4xx_hal_i2c_ex.o
                0x00000000080029ac                HAL_I2CEx_ConfigAnalogFilter
 .text.HAL_I2CEx_ConfigDigitalFilter
                0x0000000008002a42       0x98 ./Drivers/STM32L4xx_HAL_Driver/Src/stm32l4xx_hal_i2c_ex.o
                0x0000000008002a42                HAL_I2CEx_ConfigDigitalFilter
 .text.HAL_PCD_Init
                0x0000000008002ada      0x248 ./Drivers/STM32L4xx_HAL_Driver/Src/stm32l4xx_hal_pcd.o
                0x0000000008002ada                HAL_PCD_Init
 .text.HAL_PCDEx_ActivateLPM
                0x0000000008002d22       0x48 ./Drivers/STM32L4xx_HAL_Driver/Src/stm32l4xx_hal_pcd_ex.o
                0x0000000008002d22                HAL_PCDEx_ActivateLPM
 *fill*         0x0000000008002d6a        0x2 
 .text.HAL_PWR_EnableBkUpAccess
                0x0000000008002d6c       0x20 ./Drivers/STM32L4xx_HAL_Driver/Src/stm32l4xx_hal_pwr.o
                0x0000000008002d6c                HAL_PWR_EnableBkUpAccess
 .text.HAL_PWREx_GetVoltageRange
                0x0000000008002d8c       0x1c ./Drivers/STM32L4xx_HAL_Driver/Src/stm32l4xx_hal_pwr_ex.o
                0x0000000008002d8c                HAL_PWREx_GetVoltageRange
 .text.HAL_PWREx_ControlVoltageScaling
                0x0000000008002da8       0xac ./Drivers/STM32L4xx_HAL_Driver/Src/stm32l4xx_hal_pwr_ex.o
                0x0000000008002da8                HAL_PWREx_ControlVoltageScaling
 .text.HAL_PWREx_EnableVddUSB
                0x0000000008002e54       0x20 ./Drivers/STM32L4xx_HAL_Driver/Src/stm32l4xx_hal_pwr_ex.o
                0x0000000008002e54                HAL_PWREx_EnableVddUSB
 .text.HAL_QSPI_Init
                0x0000000008002e74       0xec ./Drivers/STM32L4xx_HAL_Driver/Src/stm32l4xx_hal_qspi.o
                0x0000000008002e74                HAL_QSPI_Init
 .text.HAL_QSPI_SetTimeout
                0x0000000008002f60       0x1c ./Drivers/STM32L4xx_HAL_Driver/Src/stm32l4xx_hal_qspi.o
                0x0000000008002f60                HAL_QSPI_SetTimeout
 .text.QSPI_WaitFlagStateUntilTimeout
                0x0000000008002f7c       0x6e ./Drivers/STM32L4xx_HAL_Driver/Src/stm32l4xx_hal_qspi.o
 *fill*         0x0000000008002fea        0x2 
 .text.HAL_RCC_OscConfig
                0x0000000008002fec      0x7b8 ./Drivers/STM32L4xx_HAL_Driver/Src/stm32l4xx_hal_rcc.o
                0x0000000008002fec                HAL_RCC_OscConfig
 .text.HAL_RCC_ClockConfig
                0x00000000080037a4      0x200 ./Drivers/STM32L4xx_HAL_Driver/Src/stm32l4xx_hal_rcc.o
                0x00000000080037a4                HAL_RCC_ClockConfig
 .text.HAL_RCC_GetSysClockFreq
                0x00000000080039a4      0x118 ./Drivers/STM32L4xx_HAL_Driver/Src/stm32l4xx_hal_rcc.o
                0x00000000080039a4                HAL_RCC_GetSysClockFreq
 .text.HAL_RCC_GetHCLKFreq
                0x0000000008003abc       0x18 ./Drivers/STM32L4xx_HAL_Driver/Src/stm32l4xx_hal_rcc.o
                0x0000000008003abc                HAL_RCC_GetHCLKFreq
 .text.HAL_RCC_GetPCLK1Freq
                0x0000000008003ad4       0x2c ./Drivers/STM32L4xx_HAL_Driver/Src/stm32l4xx_hal_rcc.o
                0x0000000008003ad4                HAL_RCC_GetPCLK1Freq
 .text.HAL_RCC_GetPCLK2Freq
                0x0000000008003b00       0x2c ./Drivers/STM32L4xx_HAL_Driver/Src/stm32l4xx_hal_rcc.o
                0x0000000008003b00                HAL_RCC_GetPCLK2Freq
 .text.RCC_SetFlashLatencyFromMSIRange
                0x0000000008003b2c       0xc0 ./Drivers/STM32L4xx_HAL_Driver/Src/stm32l4xx_hal_rcc.o
 .text.HAL_RCCEx_PeriphCLKConfig
                0x0000000008003bec      0x5d4 ./Drivers/STM32L4xx_HAL_Driver/Src/stm32l4xx_hal_rcc_ex.o
                0x0000000008003bec                HAL_RCCEx_PeriphCLKConfig
 .text.HAL_RCCEx_EnableMSIPLLMode
                0x00000000080041c0       0x20 ./Drivers/STM32L4xx_HAL_Driver/Src/stm32l4xx_hal_rcc_ex.o
                0x00000000080041c0                HAL_RCCEx_EnableMSIPLLMode
 .text.RCCEx_PLLSAI1_Config
                0x00000000080041e0      0x1e8 ./Drivers/STM32L4xx_HAL_Driver/Src/stm32l4xx_hal_rcc_ex.o
 .text.RCCEx_PLLSAI2_Config
                0x00000000080043c8      0x1bc ./Drivers/STM32L4xx_HAL_Driver/Src/stm32l4xx_hal_rcc_ex.o
 .text.HAL_SPI_Init
                0x0000000008004584      0x146 ./Drivers/STM32L4xx_HAL_Driver/Src/stm32l4xx_hal_spi.o
                0x0000000008004584                HAL_SPI_Init
 .text.HAL_SPI_MspInit
                0x00000000080046ca       0x14 ./Drivers/STM32L4xx_HAL_Driver/Src/stm32l4xx_hal_spi.o
                0x00000000080046ca                HAL_SPI_MspInit
 .text.HAL_SPI_TransmitReceive
                0x00000000080046de      0x444 ./Drivers/STM32L4xx_HAL_Driver/Src/stm32l4xx_hal_spi.o
                0x00000000080046de                HAL_SPI_TransmitReceive
 .text.HAL_SPI_GetState
                0x0000000008004b22       0x1c ./Drivers/STM32L4xx_HAL_Driver/Src/stm32l4xx_hal_spi.o
                0x0000000008004b22                HAL_SPI_GetState
 *fill*         0x0000000008004b3e        0x2 
 .text.SPI_WaitFlagStateUntilTimeout
                0x0000000008004b40      0x110 ./Drivers/STM32L4xx_HAL_Driver/Src/stm32l4xx_hal_spi.o
 .text.SPI_WaitFifoStateUntilTimeout
                0x0000000008004c50      0x12c ./Drivers/STM32L4xx_HAL_Driver/Src/stm32l4xx_hal_spi.o
 .text.SPI_EndRxTxTransaction
                0x0000000008004d7c       0x8c ./Drivers/STM32L4xx_HAL_Driver/Src/stm32l4xx_hal_spi.o
 .text.HAL_UART_Init
                0x0000000008004e08       0x9c ./Drivers/STM32L4xx_HAL_Driver/Src/stm32l4xx_hal_uart.o
                0x0000000008004e08                HAL_UART_Init
 .text.UART_SetConfig
                0x0000000008004ea4      0x570 ./Drivers/STM32L4xx_HAL_Driver/Src/stm32l4xx_hal_uart.o
                0x0000000008004ea4                UART_SetConfig
 .text.UART_AdvFeatureConfig
                0x0000000008005414      0x144 ./Drivers/STM32L4xx_HAL_Driver/Src/stm32l4xx_hal_uart.o
                0x0000000008005414                UART_AdvFeatureConfig
 .text.UART_CheckIdleState
                0x0000000008005558      0x150 ./Drivers/STM32L4xx_HAL_Driver/Src/stm32l4xx_hal_uart.o
                0x0000000008005558                UART_CheckIdleState
 .text.UART_WaitOnFlagUntilTimeout
                0x00000000080056a8       0xce ./Drivers/STM32L4xx_HAL_Driver/Src/stm32l4xx_hal_uart.o
                0x00000000080056a8                UART_WaitOnFlagUntilTimeout
 .text.UART_EndRxTransfer
                0x0000000008005776       0xc8 ./Drivers/STM32L4xx_HAL_Driver/Src/stm32l4xx_hal_uart.o
 .text.USB_CoreInit
                0x000000000800583e       0x58 ./Drivers/STM32L4xx_HAL_Driver/Src/stm32l4xx_ll_usb.o
                0x000000000800583e                USB_CoreInit
 .text.USB_DisableGlobalInt
                0x0000000008005896       0x22 ./Drivers/STM32L4xx_HAL_Driver/Src/stm32l4xx_ll_usb.o
                0x0000000008005896                USB_DisableGlobalInt
 .text.USB_SetCurrentMode
                0x00000000080058b8       0x98 ./Drivers/STM32L4xx_HAL_Driver/Src/stm32l4xx_ll_usb.o
                0x00000000080058b8                USB_SetCurrentMode
 .text.USB_DevInit
                0x0000000008005950      0x284 ./Drivers/STM32L4xx_HAL_Driver/Src/stm32l4xx_ll_usb.o
                0x0000000008005950                USB_DevInit
 .text.USB_FlushTxFifo
                0x0000000008005bd4       0x68 ./Drivers/STM32L4xx_HAL_Driver/Src/stm32l4xx_ll_usb.o
                0x0000000008005bd4                USB_FlushTxFifo
 .text.USB_FlushRxFifo
                0x0000000008005c3c       0x60 ./Drivers/STM32L4xx_HAL_Driver/Src/stm32l4xx_ll_usb.o
                0x0000000008005c3c                USB_FlushRxFifo
 .text.USB_SetDevSpeed
                0x0000000008005c9c       0x32 ./Drivers/STM32L4xx_HAL_Driver/Src/stm32l4xx_ll_usb.o
                0x0000000008005c9c                USB_SetDevSpeed
 .text.USB_DevDisconnect
                0x0000000008005cce       0x42 ./Drivers/STM32L4xx_HAL_Driver/Src/stm32l4xx_ll_usb.o
                0x0000000008005cce                USB_DevDisconnect
 .text.USB_GetMode
                0x0000000008005d10       0x1c ./Drivers/STM32L4xx_HAL_Driver/Src/stm32l4xx_ll_usb.o
                0x0000000008005d10                USB_GetMode
 .text.USB_CoreReset
                0x0000000008005d2c       0x68 ./Drivers/STM32L4xx_HAL_Driver/Src/stm32l4xx_ll_usb.o
 .text.aci_gap_init_IDB05A1
                0x0000000008005d94       0xa0 ./Middlewares/ST/BlueNRG-MS/hci/controller/bluenrg_gap_aci.o
                0x0000000008005d94                aci_gap_init_IDB05A1
 .text.aci_gap_init_IDB04A1
                0x0000000008005e34       0x94 ./Middlewares/ST/BlueNRG-MS/hci/controller/bluenrg_gap_aci.o
                0x0000000008005e34                aci_gap_init_IDB04A1
 .text.aci_gap_set_discoverable
                0x0000000008005ec8      0x1d4 ./Middlewares/ST/BlueNRG-MS/hci/controller/bluenrg_gap_aci.o
                0x0000000008005ec8                aci_gap_set_discoverable
 .text.aci_gap_set_auth_requirement
                0x000000000800609c       0xae ./Middlewares/ST/BlueNRG-MS/hci/controller/bluenrg_gap_aci.o
                0x000000000800609c                aci_gap_set_auth_requirement
 .text.aci_gap_update_adv_data
                0x000000000800614a       0xa2 ./Middlewares/ST/BlueNRG-MS/hci/controller/bluenrg_gap_aci.o
                0x000000000800614a                aci_gap_update_adv_data
 .text.aci_gatt_init
                0x00000000080061ec       0x46 ./Middlewares/ST/BlueNRG-MS/hci/controller/bluenrg_gatt_aci.o
                0x00000000080061ec                aci_gatt_init
 .text.aci_gatt_add_serv
                0x0000000008006232      0x112 ./Middlewares/ST/BlueNRG-MS/hci/controller/bluenrg_gatt_aci.o
                0x0000000008006232                aci_gatt_add_serv
 .text.aci_gatt_add_char
                0x0000000008006344      0x196 ./Middlewares/ST/BlueNRG-MS/hci/controller/bluenrg_gatt_aci.o
                0x0000000008006344                aci_gatt_add_char
 .text.aci_gatt_update_char_value
                0x00000000080064da      0x120 ./Middlewares/ST/BlueNRG-MS/hci/controller/bluenrg_gatt_aci.o
                0x00000000080064da                aci_gatt_update_char_value
 .text.aci_gatt_allow_read
                0x00000000080065fa       0x5a ./Middlewares/ST/BlueNRG-MS/hci/controller/bluenrg_gatt_aci.o
                0x00000000080065fa                aci_gatt_allow_read
 .text.aci_hal_read_config_data
                0x0000000008006654       0xaa ./Middlewares/ST/BlueNRG-MS/hci/controller/bluenrg_hal_aci.o
                0x0000000008006654                aci_hal_read_config_data
 .text.aci_hal_set_tx_power_level
                0x00000000080066fe       0x62 ./Middlewares/ST/BlueNRG-MS/hci/controller/bluenrg_hal_aci.o
                0x00000000080066fe                aci_hal_set_tx_power_level
 .text.getBlueNRGVersion
                0x0000000008006760       0x88 ./Middlewares/ST/BlueNRG-MS/hci/controller/bluenrg_utils_small.o
                0x0000000008006760                getBlueNRGVersion
 .text.hci_reset
                0x00000000080067e8       0x44 ./Middlewares/ST/BlueNRG-MS/hci/hci_le.o
                0x00000000080067e8                hci_reset
 .text.hci_le_read_local_version
                0x000000000800682c       0x94 ./Middlewares/ST/BlueNRG-MS/hci/hci_le.o
                0x000000000800682c                hci_le_read_local_version
 .text.hci_le_set_scan_resp_data
                0x00000000080068c0       0x82 ./Middlewares/ST/BlueNRG-MS/hci/hci_le.o
                0x00000000080068c0                hci_le_set_scan_resp_data
 .text.verify_packet
                0x0000000008006942       0x40 ./Middlewares/ST/BlueNRG-MS/hci/hci_tl_patterns/Basic/hci_tl.o
 *fill*         0x0000000008006982        0x2 
 .text.send_cmd
                0x0000000008006984       0x80 ./Middlewares/ST/BlueNRG-MS/hci/hci_tl_patterns/Basic/hci_tl.o
 .text.move_list
                0x0000000008006a04       0x38 ./Middlewares/ST/BlueNRG-MS/hci/hci_tl_patterns/Basic/hci_tl.o
 .text.free_event_list
                0x0000000008006a3c       0x3c ./Middlewares/ST/BlueNRG-MS/hci/hci_tl_patterns/Basic/hci_tl.o
 .text.hci_init
                0x0000000008006a78       0x84 ./Middlewares/ST/BlueNRG-MS/hci/hci_tl_patterns/Basic/hci_tl.o
                0x0000000008006a78                hci_init
 .text.hci_register_io_bus
                0x0000000008006afc       0x40 ./Middlewares/ST/BlueNRG-MS/hci/hci_tl_patterns/Basic/hci_tl.o
                0x0000000008006afc                hci_register_io_bus
 .text.hci_send_req
                0x0000000008006b3c      0x230 ./Middlewares/ST/BlueNRG-MS/hci/hci_tl_patterns/Basic/hci_tl.o
                0x0000000008006b3c                hci_send_req
 .text.hci_user_evt_proc
                0x0000000008006d6c       0x58 ./Middlewares/ST/BlueNRG-MS/hci/hci_tl_patterns/Basic/hci_tl.o
                0x0000000008006d6c                hci_user_evt_proc
 .text.hci_notify_asynch_evt
                0x0000000008006dc4       0x9c ./Middlewares/ST/BlueNRG-MS/hci/hci_tl_patterns/Basic/hci_tl.o
                0x0000000008006dc4                hci_notify_asynch_evt
 .text.list_init_head
                0x0000000008006e60       0x20 ./Middlewares/ST/BlueNRG-MS/utils/ble_list.o
                0x0000000008006e60                list_init_head
 .text.list_is_empty
                0x0000000008006e80       0x44 ./Middlewares/ST/BlueNRG-MS/utils/ble_list.o
                0x0000000008006e80                list_is_empty
 .text.list_insert_head
                0x0000000008006ec4       0x4c ./Middlewares/ST/BlueNRG-MS/utils/ble_list.o
                0x0000000008006ec4                list_insert_head
 .text.list_insert_tail
                0x0000000008006f10       0x4c ./Middlewares/ST/BlueNRG-MS/utils/ble_list.o
                0x0000000008006f10                list_insert_tail
 .text.list_remove_node
                0x0000000008006f5c       0x42 ./Middlewares/ST/BlueNRG-MS/utils/ble_list.o
                0x0000000008006f5c                list_remove_node
 .text.list_remove_head
                0x0000000008006f9e       0x4e ./Middlewares/ST/BlueNRG-MS/utils/ble_list.o
                0x0000000008006f9e                list_remove_head
 .text.list_remove_tail
                0x0000000008006fec       0x4e ./Middlewares/ST/BlueNRG-MS/utils/ble_list.o
                0x0000000008006fec                list_remove_tail
 .text.list_get_size
                0x000000000800703a       0x50 ./Middlewares/ST/BlueNRG-MS/utils/ble_list.o
                0x000000000800703a                list_get_size
 .text.memset   0x000000000800708a       0x10 /Applications/STM32CubeIDE.app/Contents/Eclipse/plugins/com.st.stm32cube.ide.mcu.externaltools.gnu-tools-for-stm32.11.3.rel1.macos64_1.1.0.202305231506/tools/bin/../lib/gcc/arm-none-eabi/11.3.1/../../../../arm-none-eabi/lib/thumb/v7e-m+fp/hard/libc_nano.a(libc_a-memset.o)
                0x000000000800708a                memset
 *fill*         0x000000000800709a        0x2 
 .text.__libc_init_array
                0x000000000800709c       0x48 /Applications/STM32CubeIDE.app/Contents/Eclipse/plugins/com.st.stm32cube.ide.mcu.externaltools.gnu-tools-for-stm32.11.3.rel1.macos64_1.1.0.202305231506/tools/bin/../lib/gcc/arm-none-eabi/11.3.1/../../../../arm-none-eabi/lib/thumb/v7e-m+fp/hard/libc_nano.a(libc_a-init.o)
                0x000000000800709c                __libc_init_array
 .text.memcpy   0x00000000080070e4       0x1c /Applications/STM32CubeIDE.app/Contents/Eclipse/plugins/com.st.stm32cube.ide.mcu.externaltools.gnu-tools-for-stm32.11.3.rel1.macos64_1.1.0.202305231506/tools/bin/../lib/gcc/arm-none-eabi/11.3.1/../../../../arm-none-eabi/lib/thumb/v7e-m+fp/hard/libc_nano.a(libc_a-memcpy-stub.o)
                0x00000000080070e4                memcpy
 *(.glue_7)
 .glue_7        0x0000000008007100        0x0 linker stubs
 *(.glue_7t)
 .glue_7t       0x0000000008007100        0x0 linker stubs
 *(.eh_frame)
 .eh_frame      0x0000000008007100        0x0 /Applications/STM32CubeIDE.app/Contents/Eclipse/plugins/com.st.stm32cube.ide.mcu.externaltools.gnu-tools-for-stm32.11.3.rel1.macos64_1.1.0.202305231506/tools/bin/../lib/gcc/arm-none-eabi/11.3.1/thumb/v7e-m+fp/hard/crtbegin.o
 *(.init)
 .init          0x0000000008007100        0x4 /Applications/STM32CubeIDE.app/Contents/Eclipse/plugins/com.st.stm32cube.ide.mcu.externaltools.gnu-tools-for-stm32.11.3.rel1.macos64_1.1.0.202305231506/tools/bin/../lib/gcc/arm-none-eabi/11.3.1/thumb/v7e-m+fp/hard/crti.o
                0x0000000008007100                _init
 .init          0x0000000008007104        0x8 /Applications/STM32CubeIDE.app/Contents/Eclipse/plugins/com.st.stm32cube.ide.mcu.externaltools.gnu-tools-for-stm32.11.3.rel1.macos64_1.1.0.202305231506/tools/bin/../lib/gcc/arm-none-eabi/11.3.1/thumb/v7e-m+fp/hard/crtn.o
 *(.fini)
 .fini          0x000000000800710c        0x4 /Applications/STM32CubeIDE.app/Contents/Eclipse/plugins/com.st.stm32cube.ide.mcu.externaltools.gnu-tools-for-stm32.11.3.rel1.macos64_1.1.0.202305231506/tools/bin/../lib/gcc/arm-none-eabi/11.3.1/thumb/v7e-m+fp/hard/crti.o
                0x000000000800710c                _fini
 .fini          0x0000000008007110        0x8 /Applications/STM32CubeIDE.app/Contents/Eclipse/plugins/com.st.stm32cube.ide.mcu.externaltools.gnu-tools-for-stm32.11.3.rel1.macos64_1.1.0.202305231506/tools/bin/../lib/gcc/arm-none-eabi/11.3.1/thumb/v7e-m+fp/hard/crtn.o
                0x0000000008007118                . = ALIGN (0x4)
                0x0000000008007118                _etext = .

.vfp11_veneer   0x0000000008007118        0x0
 .vfp11_veneer  0x0000000008007118        0x0 linker stubs

.v4_bx          0x0000000008007118        0x0
 .v4_bx         0x0000000008007118        0x0 linker stubs

.iplt           0x0000000008007118        0x0
 .iplt          0x0000000008007118        0x0 /Applications/STM32CubeIDE.app/Contents/Eclipse/plugins/com.st.stm32cube.ide.mcu.externaltools.gnu-tools-for-stm32.11.3.rel1.macos64_1.1.0.202305231506/tools/bin/../lib/gcc/arm-none-eabi/11.3.1/thumb/v7e-m+fp/hard/crtbegin.o

.rodata         0x0000000008007118       0x78
                0x0000000008007118                . = ALIGN (0x4)
 *(.rodata)
 .rodata        0x0000000008007118        0xd ./BlueNRG_MS/Target/hci_tl_interface.o
 *fill*         0x0000000008007125        0x3 
 .rodata        0x0000000008007128       0x10 ./Core/Src/main.o
 .rodata        0x0000000008007138        0x8 ./Core/Src/project_ble.o
 .rodata        0x0000000008007140        0x8 ./Core/Src/project_sensor.o
 *(.rodata*)
 .rodata.AHBPrescTable
                0x0000000008007148       0x10 ./Core/Src/system_stm32l4xx.o
                0x0000000008007148                AHBPrescTable
 .rodata.APBPrescTable
                0x0000000008007158        0x8 ./Core/Src/system_stm32l4xx.o
                0x0000000008007158                APBPrescTable
 .rodata.MSIRangeTable
                0x0000000008007160       0x30 ./Core/Src/system_stm32l4xx.o
                0x0000000008007160                MSIRangeTable
                0x0000000008007190                . = ALIGN (0x4)

.ARM.extab      0x0000000008007190        0x0
                0x0000000008007190                . = ALIGN (0x4)
 *(.ARM.extab* .gnu.linkonce.armextab.*)
                0x0000000008007190                . = ALIGN (0x4)

.ARM            0x0000000008007190        0x8
                0x0000000008007190                . = ALIGN (0x4)
                0x0000000008007190                __exidx_start = .
 *(.ARM.exidx*)
 .ARM.exidx     0x0000000008007190        0x8 /Applications/STM32CubeIDE.app/Contents/Eclipse/plugins/com.st.stm32cube.ide.mcu.externaltools.gnu-tools-for-stm32.11.3.rel1.macos64_1.1.0.202305231506/tools/bin/../lib/gcc/arm-none-eabi/11.3.1/thumb/v7e-m+fp/hard/libgcc.a(_udivmoddi4.o)
                0x0000000008007198                __exidx_end = .
                0x0000000008007198                . = ALIGN (0x4)

.rel.dyn        0x0000000008007198        0x0
 .rel.iplt      0x0000000008007198        0x0 /Applications/STM32CubeIDE.app/Contents/Eclipse/plugins/com.st.stm32cube.ide.mcu.externaltools.gnu-tools-for-stm32.11.3.rel1.macos64_1.1.0.202305231506/tools/bin/../lib/gcc/arm-none-eabi/11.3.1/thumb/v7e-m+fp/hard/crtbegin.o

.preinit_array  0x0000000008007198        0x0
                0x0000000008007198                . = ALIGN (0x4)
                0x0000000008007198                PROVIDE (__preinit_array_start = .)
 *(.preinit_array*)
                0x0000000008007198                PROVIDE (__preinit_array_end = .)
                0x0000000008007198                . = ALIGN (0x4)

.init_array     0x0000000008007198        0x4
                0x0000000008007198                . = ALIGN (0x4)
                0x0000000008007198                PROVIDE (__init_array_start = .)
 *(SORT_BY_NAME(.init_array.*))
 *(.init_array*)
 .init_array    0x0000000008007198        0x4 /Applications/STM32CubeIDE.app/Contents/Eclipse/plugins/com.st.stm32cube.ide.mcu.externaltools.gnu-tools-for-stm32.11.3.rel1.macos64_1.1.0.202305231506/tools/bin/../lib/gcc/arm-none-eabi/11.3.1/thumb/v7e-m+fp/hard/crtbegin.o
                0x000000000800719c                PROVIDE (__init_array_end = .)
                0x000000000800719c                . = ALIGN (0x4)

.fini_array     0x000000000800719c        0x4
                0x000000000800719c                . = ALIGN (0x4)
                [!provide]                        PROVIDE (__fini_array_start = .)
 *(SORT_BY_NAME(.fini_array.*))
 *(.fini_array*)
 .fini_array    0x000000000800719c        0x4 /Applications/STM32CubeIDE.app/Contents/Eclipse/plugins/com.st.stm32cube.ide.mcu.externaltools.gnu-tools-for-stm32.11.3.rel1.macos64_1.1.0.202305231506/tools/bin/../lib/gcc/arm-none-eabi/11.3.1/thumb/v7e-m+fp/hard/crtbegin.o
                [!provide]                        PROVIDE (__fini_array_end = .)
                0x00000000080071a0                . = ALIGN (0x4)
                0x00000000080071a0                _sidata = LOADADDR (.data)

.data           0x0000000020000000       0x10 load address 0x00000000080071a0
                0x0000000020000000                . = ALIGN (0x4)
                0x0000000020000000                _sdata = .
 *(.data)
 *(.data*)
 .data.set_connectable
                0x0000000020000000        0x1 ./Core/Src/project_sensor.o
                0x0000000020000000                set_connectable
 *fill*         0x0000000020000001        0x3 
 .data.SystemCoreClock
                0x0000000020000004        0x4 ./Core/Src/system_stm32l4xx.o
                0x0000000020000004                SystemCoreClock
 .data.uwTickPrio
                0x0000000020000008        0x4 ./Drivers/STM32L4xx_HAL_Driver/Src/stm32l4xx_hal.o
                0x0000000020000008                uwTickPrio
 .data.uwTickFreq
                0x000000002000000c        0x1 ./Drivers/STM32L4xx_HAL_Driver/Src/stm32l4xx_hal.o
                0x000000002000000c                uwTickFreq
 *(.RamFunc)
 *(.RamFunc*)
                0x0000000020000010                . = ALIGN (0x4)
 *fill*         0x000000002000000d        0x3 
                0x0000000020000010                _edata = .

.igot.plt       0x0000000020000010        0x0 load address 0x00000000080071b0
 .igot.plt      0x0000000020000010        0x0 /Applications/STM32CubeIDE.app/Contents/Eclipse/plugins/com.st.stm32cube.ide.mcu.externaltools.gnu-tools-for-stm32.11.3.rel1.macos64_1.1.0.202305231506/tools/bin/../lib/gcc/arm-none-eabi/11.3.1/thumb/v7e-m+fp/hard/crtbegin.o
                0x0000000020000010                . = ALIGN (0x4)

.bss            0x0000000020000010      0xbc8 load address 0x00000000080071b0
                0x0000000020000010                _sbss = .
                0x0000000020000010                __bss_start__ = _sbss
 *(.bss)
 .bss           0x0000000020000010       0x1c /Applications/STM32CubeIDE.app/Contents/Eclipse/plugins/com.st.stm32cube.ide.mcu.externaltools.gnu-tools-for-stm32.11.3.rel1.macos64_1.1.0.202305231506/tools/bin/../lib/gcc/arm-none-eabi/11.3.1/thumb/v7e-m+fp/hard/crtbegin.o
 *(.bss*)
 .bss.hexti6    0x000000002000002c        0x8 ./BlueNRG_MS/Target/hci_tl_interface.o
                0x000000002000002c                hexti6
 .bss.read_char_buf.0
                0x0000000020000034       0xff ./BlueNRG_MS/Target/hci_tl_interface.o
 *fill*         0x0000000020000133        0x1 
 .bss.hdfsdm1_channel1
                0x0000000020000134       0x38 ./Core/Src/main.o
                0x0000000020000134                hdfsdm1_channel1
 .bss.hi2c2     0x000000002000016c       0x54 ./Core/Src/main.o
                0x000000002000016c                hi2c2
 .bss.hqspi     0x00000000200001c0       0x44 ./Core/Src/main.o
                0x00000000200001c0                hqspi
 .bss.huart1    0x0000000020000204       0x88 ./Core/Src/main.o
                0x0000000020000204                huart1
 .bss.huart3    0x000000002000028c       0x88 ./Core/Src/main.o
                0x000000002000028c                huart3
 .bss.hpcd_USB_OTG_FS
                0x0000000020000314      0x50c ./Core/Src/main.o
                0x0000000020000314                hpcd_USB_OTG_FS
 .bss.bnrg_expansion_board
                0x0000000020000820        0x1 ./Core/Src/project_ble.o
                0x0000000020000820                bnrg_expansion_board
 *fill*         0x0000000020000821        0x3 
 .bss.bdaddr    0x0000000020000824        0x6 ./Core/Src/project_ble.o
                0x0000000020000824                bdaddr
 .bss.SDServHandle
                0x000000002000082a        0x2 ./Core/Src/project_ble.o
                0x000000002000082a                SDServHandle
 .bss.SDCharHandle
                0x000000002000082c        0x2 ./Core/Src/project_ble.o
                0x000000002000082c                SDCharHandle
 *fill*         0x000000002000082e        0x2 
 .bss.service_uuid
                0x0000000020000830       0x10 ./Core/Src/project_ble.o
                0x0000000020000830                service_uuid
 .bss.char_uuid
                0x0000000020000840       0x10 ./Core/Src/project_ble.o
                0x0000000020000840                char_uuid
 .bss.connection_handle
                0x0000000020000850        0x2 ./Core/Src/project_sensor.o
                0x0000000020000850                connection_handle
 .bss.notification_enabled
                0x0000000020000852        0x1 ./Core/Src/project_sensor.o
                0x0000000020000852                notification_enabled
 *fill*         0x0000000020000853        0x1 
 .bss.connected
                0x0000000020000854        0x4 ./Core/Src/project_sensor.o
                0x0000000020000854                connected
 .bss.DFSDM1_Init
                0x0000000020000858        0x4 ./Core/Src/stm32l4xx_hal_msp.o
 .bss.hspi3     0x000000002000085c       0x64 ./Drivers/BSP/B-L475E-IOT01A1/b_l475e_iot01a1_bus.o
                0x000000002000085c                hspi3
 .bss.SPI3InitCounter
                0x00000000200008c0        0x4 ./Drivers/BSP/B-L475E-IOT01A1/b_l475e_iot01a1_bus.o
 .bss.uwTick    0x00000000200008c4        0x4 ./Drivers/STM32L4xx_HAL_Driver/Src/stm32l4xx_hal.o
                0x00000000200008c4                uwTick
 .bss.v_dfsdm1ChannelCounter
                0x00000000200008c8        0x4 ./Drivers/STM32L4xx_HAL_Driver/Src/stm32l4xx_hal_dfsdm.o
 .bss.a_dfsdm1ChannelHandle
                0x00000000200008cc       0x20 ./Drivers/STM32L4xx_HAL_Driver/Src/stm32l4xx_hal_dfsdm.o
 .bss.hciReadPktPool
                0x00000000200008ec        0x8 ./Middlewares/ST/BlueNRG-MS/hci/hci_tl_patterns/Basic/hci_tl.o
                0x00000000200008ec                hciReadPktPool
 .bss.hciReadPktRxQueue
                0x00000000200008f4        0x8 ./Middlewares/ST/BlueNRG-MS/hci/hci_tl_patterns/Basic/hci_tl.o
                0x00000000200008f4                hciReadPktRxQueue
 .bss.hciReadPacketBuffer
                0x00000000200008fc      0x2bc ./Middlewares/ST/BlueNRG-MS/hci/hci_tl_patterns/Basic/hci_tl.o
 .bss.hciContext
                0x0000000020000bb8       0x20 ./Middlewares/ST/BlueNRG-MS/hci/hci_tl_patterns/Basic/hci_tl.o
 *(COMMON)
                0x0000000020000bd8                . = ALIGN (0x4)
                0x0000000020000bd8                _ebss = .
                0x0000000020000bd8                __bss_end__ = _ebss

._user_heap_stack
                0x0000000020000bd8      0x600 load address 0x00000000080071b0
                0x0000000020000bd8                . = ALIGN (0x8)
                [!provide]                        PROVIDE (end = .)
                0x0000000020000bd8                PROVIDE (_end = .)
                0x0000000020000dd8                . = (. + _Min_Heap_Size)
 *fill*         0x0000000020000bd8      0x200 
                0x00000000200011d8                . = (. + _Min_Stack_Size)
 *fill*         0x0000000020000dd8      0x400 
                0x00000000200011d8                . = ALIGN (0x8)

/DISCARD/
 libc.a(*)
 libm.a(*)
 libgcc.a(*)

.ARM.attributes
                0x0000000000000000       0x30
 *(.ARM.attributes)
 .ARM.attributes
                0x0000000000000000       0x1e /Applications/STM32CubeIDE.app/Contents/Eclipse/plugins/com.st.stm32cube.ide.mcu.externaltools.gnu-tools-for-stm32.11.3.rel1.macos64_1.1.0.202305231506/tools/bin/../lib/gcc/arm-none-eabi/11.3.1/thumb/v7e-m+fp/hard/crti.o
 .ARM.attributes
                0x000000000000001e       0x34 /Applications/STM32CubeIDE.app/Contents/Eclipse/plugins/com.st.stm32cube.ide.mcu.externaltools.gnu-tools-for-stm32.11.3.rel1.macos64_1.1.0.202305231506/tools/bin/../lib/gcc/arm-none-eabi/11.3.1/thumb/v7e-m+fp/hard/crtbegin.o
 .ARM.attributes
                0x0000000000000052       0x34 ./BlueNRG_MS/Target/hci_tl_interface.o
 .ARM.attributes
                0x0000000000000086       0x34 ./Core/Src/main.o
 .ARM.attributes
                0x00000000000000ba       0x34 ./Core/Src/project_ble.o
 .ARM.attributes
                0x00000000000000ee       0x34 ./Core/Src/project_sensor.o
 .ARM.attributes
                0x0000000000000122       0x34 ./Core/Src/stm32l4xx_hal_msp.o
 .ARM.attributes
                0x0000000000000156       0x34 ./Core/Src/stm32l4xx_it.o
 .ARM.attributes
                0x000000000000018a       0x34 ./Core/Src/system_stm32l4xx.o
 .ARM.attributes
                0x00000000000001be       0x21 ./Core/Startup/startup_stm32l475vgtx.o
 .ARM.attributes
                0x00000000000001df       0x34 ./Drivers/BSP/B-L475E-IOT01A1/b_l475e_iot01a1_bus.o
 .ARM.attributes
                0x0000000000000213       0x34 ./Drivers/STM32L4xx_HAL_Driver/Src/stm32l4xx_hal.o
 .ARM.attributes
                0x0000000000000247       0x34 ./Drivers/STM32L4xx_HAL_Driver/Src/stm32l4xx_hal_cortex.o
 .ARM.attributes
                0x000000000000027b       0x34 ./Drivers/STM32L4xx_HAL_Driver/Src/stm32l4xx_hal_dfsdm.o
 .ARM.attributes
                0x00000000000002af       0x34 ./Drivers/STM32L4xx_HAL_Driver/Src/stm32l4xx_hal_exti.o
 .ARM.attributes
                0x00000000000002e3       0x34 ./Drivers/STM32L4xx_HAL_Driver/Src/stm32l4xx_hal_gpio.o
 .ARM.attributes
                0x0000000000000317       0x34 ./Drivers/STM32L4xx_HAL_Driver/Src/stm32l4xx_hal_i2c.o
 .ARM.attributes
                0x000000000000034b       0x34 ./Drivers/STM32L4xx_HAL_Driver/Src/stm32l4xx_hal_i2c_ex.o
 .ARM.attributes
                0x000000000000037f       0x34 ./Drivers/STM32L4xx_HAL_Driver/Src/stm32l4xx_hal_pcd.o
 .ARM.attributes
                0x00000000000003b3       0x34 ./Drivers/STM32L4xx_HAL_Driver/Src/stm32l4xx_hal_pcd_ex.o
 .ARM.attributes
                0x00000000000003e7       0x34 ./Drivers/STM32L4xx_HAL_Driver/Src/stm32l4xx_hal_pwr.o
 .ARM.attributes
                0x000000000000041b       0x34 ./Drivers/STM32L4xx_HAL_Driver/Src/stm32l4xx_hal_pwr_ex.o
 .ARM.attributes
                0x000000000000044f       0x34 ./Drivers/STM32L4xx_HAL_Driver/Src/stm32l4xx_hal_qspi.o
 .ARM.attributes
                0x0000000000000483       0x34 ./Drivers/STM32L4xx_HAL_Driver/Src/stm32l4xx_hal_rcc.o
 .ARM.attributes
                0x00000000000004b7       0x34 ./Drivers/STM32L4xx_HAL_Driver/Src/stm32l4xx_hal_rcc_ex.o
 .ARM.attributes
                0x00000000000004eb       0x34 ./Drivers/STM32L4xx_HAL_Driver/Src/stm32l4xx_hal_spi.o
 .ARM.attributes
                0x000000000000051f       0x34 ./Drivers/STM32L4xx_HAL_Driver/Src/stm32l4xx_hal_uart.o
 .ARM.attributes
                0x0000000000000553       0x34 ./Drivers/STM32L4xx_HAL_Driver/Src/stm32l4xx_ll_usb.o
 .ARM.attributes
                0x0000000000000587       0x34 ./Middlewares/ST/BlueNRG-MS/hci/controller/bluenrg_gap_aci.o
 .ARM.attributes
                0x00000000000005bb       0x34 ./Middlewares/ST/BlueNRG-MS/hci/controller/bluenrg_gatt_aci.o
 .ARM.attributes
                0x00000000000005ef       0x34 ./Middlewares/ST/BlueNRG-MS/hci/controller/bluenrg_hal_aci.o
 .ARM.attributes
                0x0000000000000623       0x34 ./Middlewares/ST/BlueNRG-MS/hci/controller/bluenrg_utils_small.o
 .ARM.attributes
                0x0000000000000657       0x34 ./Middlewares/ST/BlueNRG-MS/hci/hci_le.o
 .ARM.attributes
                0x000000000000068b       0x34 ./Middlewares/ST/BlueNRG-MS/hci/hci_tl_patterns/Basic/hci_tl.o
 .ARM.attributes
                0x00000000000006bf       0x34 ./Middlewares/ST/BlueNRG-MS/utils/ble_list.o
 .ARM.attributes
                0x00000000000006f3       0x34 /Applications/STM32CubeIDE.app/Contents/Eclipse/plugins/com.st.stm32cube.ide.mcu.externaltools.gnu-tools-for-stm32.11.3.rel1.macos64_1.1.0.202305231506/tools/bin/../lib/gcc/arm-none-eabi/11.3.1/../../../../arm-none-eabi/lib/thumb/v7e-m+fp/hard/libc_nano.a(libc_a-memset.o)
 .ARM.attributes
                0x0000000000000727       0x34 /Applications/STM32CubeIDE.app/Contents/Eclipse/plugins/com.st.stm32cube.ide.mcu.externaltools.gnu-tools-for-stm32.11.3.rel1.macos64_1.1.0.202305231506/tools/bin/../lib/gcc/arm-none-eabi/11.3.1/../../../../arm-none-eabi/lib/thumb/v7e-m+fp/hard/libc_nano.a(libc_a-init.o)
 .ARM.attributes
                0x000000000000075b       0x34 /Applications/STM32CubeIDE.app/Contents/Eclipse/plugins/com.st.stm32cube.ide.mcu.externaltools.gnu-tools-for-stm32.11.3.rel1.macos64_1.1.0.202305231506/tools/bin/../lib/gcc/arm-none-eabi/11.3.1/../../../../arm-none-eabi/lib/thumb/v7e-m+fp/hard/libc_nano.a(libc_a-memcpy-stub.o)
 .ARM.attributes
                0x000000000000078f       0x17 /Applications/STM32CubeIDE.app/Contents/Eclipse/plugins/com.st.stm32cube.ide.mcu.externaltools.gnu-tools-for-stm32.11.3.rel1.macos64_1.1.0.202305231506/tools/bin/../lib/gcc/arm-none-eabi/11.3.1/../../../../arm-none-eabi/lib/thumb/v7e-m+fp/hard/libc_nano.a(libc_a-strlen.o)
 .ARM.attributes
                0x00000000000007a6       0x1e /Applications/STM32CubeIDE.app/Contents/Eclipse/plugins/com.st.stm32cube.ide.mcu.externaltools.gnu-tools-for-stm32.11.3.rel1.macos64_1.1.0.202305231506/tools/bin/../lib/gcc/arm-none-eabi/11.3.1/thumb/v7e-m+fp/hard/libgcc.a(_aeabi_uldivmod.o)
 .ARM.attributes
                0x00000000000007c4       0x34 /Applications/STM32CubeIDE.app/Contents/Eclipse/plugins/com.st.stm32cube.ide.mcu.externaltools.gnu-tools-for-stm32.11.3.rel1.macos64_1.1.0.202305231506/tools/bin/../lib/gcc/arm-none-eabi/11.3.1/thumb/v7e-m+fp/hard/libgcc.a(_udivmoddi4.o)
 .ARM.attributes
                0x00000000000007f8       0x1e /Applications/STM32CubeIDE.app/Contents/Eclipse/plugins/com.st.stm32cube.ide.mcu.externaltools.gnu-tools-for-stm32.11.3.rel1.macos64_1.1.0.202305231506/tools/bin/../lib/gcc/arm-none-eabi/11.3.1/thumb/v7e-m+fp/hard/libgcc.a(_dvmd_tls.o)
 .ARM.attributes
                0x0000000000000816       0x1e /Applications/STM32CubeIDE.app/Contents/Eclipse/plugins/com.st.stm32cube.ide.mcu.externaltools.gnu-tools-for-stm32.11.3.rel1.macos64_1.1.0.202305231506/tools/bin/../lib/gcc/arm-none-eabi/11.3.1/thumb/v7e-m+fp/hard/crtn.o
OUTPUT(BLE_Tutorial.elf elf32-littlearm)
LOAD linker stubs
LOAD /Applications/STM32CubeIDE.app/Contents/Eclipse/plugins/com.st.stm32cube.ide.mcu.externaltools.gnu-tools-for-stm32.11.3.rel1.macos64_1.1.0.202305231506/tools/bin/../lib/gcc/arm-none-eabi/11.3.1/../../../../arm-none-eabi/lib/thumb/v7e-m+fp/hard/libc.a
LOAD /Applications/STM32CubeIDE.app/Contents/Eclipse/plugins/com.st.stm32cube.ide.mcu.externaltools.gnu-tools-for-stm32.11.3.rel1.macos64_1.1.0.202305231506/tools/bin/../lib/gcc/arm-none-eabi/11.3.1/../../../../arm-none-eabi/lib/thumb/v7e-m+fp/hard/libm.a
LOAD /Applications/STM32CubeIDE.app/Contents/Eclipse/plugins/com.st.stm32cube.ide.mcu.externaltools.gnu-tools-for-stm32.11.3.rel1.macos64_1.1.0.202305231506/tools/bin/../lib/gcc/arm-none-eabi/11.3.1/thumb/v7e-m+fp/hard/libgcc.a

.comment        0x0000000000000000       0x43
 .comment       0x0000000000000000       0x43 /Applications/STM32CubeIDE.app/Contents/Eclipse/plugins/com.st.stm32cube.ide.mcu.externaltools.gnu-tools-for-stm32.11.3.rel1.macos64_1.1.0.202305231506/tools/bin/../lib/gcc/arm-none-eabi/11.3.1/thumb/v7e-m+fp/hard/crtbegin.o
                                         0x44 (size before relaxing)
 .comment       0x0000000000000043       0x44 ./BlueNRG_MS/Target/hci_tl_interface.o
 .comment       0x0000000000000043       0x44 ./Core/Src/main.o
 .comment       0x0000000000000043       0x44 ./Core/Src/project_ble.o
 .comment       0x0000000000000043       0x44 ./Core/Src/project_sensor.o
 .comment       0x0000000000000043       0x44 ./Core/Src/stm32l4xx_hal_msp.o
 .comment       0x0000000000000043       0x44 ./Core/Src/stm32l4xx_it.o
 .comment       0x0000000000000043       0x44 ./Core/Src/system_stm32l4xx.o
 .comment       0x0000000000000043       0x44 ./Drivers/BSP/B-L475E-IOT01A1/b_l475e_iot01a1_bus.o
 .comment       0x0000000000000043       0x44 ./Drivers/STM32L4xx_HAL_Driver/Src/stm32l4xx_hal.o
 .comment       0x0000000000000043       0x44 ./Drivers/STM32L4xx_HAL_Driver/Src/stm32l4xx_hal_cortex.o
 .comment       0x0000000000000043       0x44 ./Drivers/STM32L4xx_HAL_Driver/Src/stm32l4xx_hal_dfsdm.o
 .comment       0x0000000000000043       0x44 ./Drivers/STM32L4xx_HAL_Driver/Src/stm32l4xx_hal_exti.o
 .comment       0x0000000000000043       0x44 ./Drivers/STM32L4xx_HAL_Driver/Src/stm32l4xx_hal_gpio.o
 .comment       0x0000000000000043       0x44 ./Drivers/STM32L4xx_HAL_Driver/Src/stm32l4xx_hal_i2c.o
 .comment       0x0000000000000043       0x44 ./Drivers/STM32L4xx_HAL_Driver/Src/stm32l4xx_hal_i2c_ex.o
 .comment       0x0000000000000043       0x44 ./Drivers/STM32L4xx_HAL_Driver/Src/stm32l4xx_hal_pcd.o
 .comment       0x0000000000000043       0x44 ./Drivers/STM32L4xx_HAL_Driver/Src/stm32l4xx_hal_pcd_ex.o
 .comment       0x0000000000000043       0x44 ./Drivers/STM32L4xx_HAL_Driver/Src/stm32l4xx_hal_pwr.o
 .comment       0x0000000000000043       0x44 ./Drivers/STM32L4xx_HAL_Driver/Src/stm32l4xx_hal_pwr_ex.o
 .comment       0x0000000000000043       0x44 ./Drivers/STM32L4xx_HAL_Driver/Src/stm32l4xx_hal_qspi.o
 .comment       0x0000000000000043       0x44 ./Drivers/STM32L4xx_HAL_Driver/Src/stm32l4xx_hal_rcc.o
 .comment       0x0000000000000043       0x44 ./Drivers/STM32L4xx_HAL_Driver/Src/stm32l4xx_hal_rcc_ex.o
 .comment       0x0000000000000043       0x44 ./Drivers/STM32L4xx_HAL_Driver/Src/stm32l4xx_hal_spi.o
 .comment       0x0000000000000043       0x44 ./Drivers/STM32L4xx_HAL_Driver/Src/stm32l4xx_hal_uart.o
 .comment       0x0000000000000043       0x44 ./Drivers/STM32L4xx_HAL_Driver/Src/stm32l4xx_ll_usb.o
 .comment       0x0000000000000043       0x44 ./Middlewares/ST/BlueNRG-MS/hci/controller/bluenrg_gap_aci.o
 .comment       0x0000000000000043       0x44 ./Middlewares/ST/BlueNRG-MS/hci/controller/bluenrg_gatt_aci.o
 .comment       0x0000000000000043       0x44 ./Middlewares/ST/BlueNRG-MS/hci/controller/bluenrg_hal_aci.o
 .comment       0x0000000000000043       0x44 ./Middlewares/ST/BlueNRG-MS/hci/controller/bluenrg_utils_small.o
 .comment       0x0000000000000043       0x44 ./Middlewares/ST/BlueNRG-MS/hci/hci_le.o
 .comment       0x0000000000000043       0x44 ./Middlewares/ST/BlueNRG-MS/hci/hci_tl_patterns/Basic/hci_tl.o
 .comment       0x0000000000000043       0x44 ./Middlewares/ST/BlueNRG-MS/utils/ble_list.o

.debug_info     0x0000000000000000    0x206a1
 .debug_info    0x0000000000000000      0xadc ./BlueNRG_MS/Target/hci_tl_interface.o
 .debug_info    0x0000000000000adc     0x1e1b ./Core/Src/main.o
 .debug_info    0x00000000000028f7      0x65f ./Core/Src/project_ble.o
 .debug_info    0x0000000000002f56      0x550 ./Core/Src/project_sensor.o
 .debug_info    0x00000000000034a6     0x1c6c ./Core/Src/stm32l4xx_hal_msp.o
 .debug_info    0x0000000000005112      0x1ca ./Core/Src/stm32l4xx_it.o
 .debug_info    0x00000000000052dc      0x5b1 ./Core/Src/system_stm32l4xx.o
 .debug_info    0x000000000000588d       0x23 ./Core/Startup/startup_stm32l475vgtx.o
 .debug_info    0x00000000000058b0      0xbb2 ./Drivers/BSP/B-L475E-IOT01A1/b_l475e_iot01a1_bus.o
 .debug_info    0x0000000000006462      0xae5 ./Drivers/STM32L4xx_HAL_Driver/Src/stm32l4xx_hal.o
 .debug_info    0x0000000000006f47      0xd46 ./Drivers/STM32L4xx_HAL_Driver/Src/stm32l4xx_hal_cortex.o
 .debug_info    0x0000000000007c8d     0x1a51 ./Drivers/STM32L4xx_HAL_Driver/Src/stm32l4xx_hal_dfsdm.o
 .debug_info    0x00000000000096de      0x649 ./Drivers/STM32L4xx_HAL_Driver/Src/stm32l4xx_hal_exti.o
 .debug_info    0x0000000000009d27      0x757 ./Drivers/STM32L4xx_HAL_Driver/Src/stm32l4xx_hal_gpio.o
 .debug_info    0x000000000000a47e     0x2093 ./Drivers/STM32L4xx_HAL_Driver/Src/stm32l4xx_hal_i2c.o
 .debug_info    0x000000000000c511      0x981 ./Drivers/STM32L4xx_HAL_Driver/Src/stm32l4xx_hal_i2c_ex.o
 .debug_info    0x000000000000ce92     0x14c8 ./Drivers/STM32L4xx_HAL_Driver/Src/stm32l4xx_hal_pcd.o
 .debug_info    0x000000000000e35a      0x89e ./Drivers/STM32L4xx_HAL_Driver/Src/stm32l4xx_hal_pcd_ex.o
 .debug_info    0x000000000000ebf8      0x91e ./Drivers/STM32L4xx_HAL_Driver/Src/stm32l4xx_hal_pwr.o
 .debug_info    0x000000000000f516      0x97a ./Drivers/STM32L4xx_HAL_Driver/Src/stm32l4xx_hal_pwr_ex.o
 .debug_info    0x000000000000fe90     0x1153 ./Drivers/STM32L4xx_HAL_Driver/Src/stm32l4xx_hal_qspi.o
 .debug_info    0x0000000000010fe3      0xc14 ./Drivers/STM32L4xx_HAL_Driver/Src/stm32l4xx_hal_rcc.o
 .debug_info    0x0000000000011bf7      0xe11 ./Drivers/STM32L4xx_HAL_Driver/Src/stm32l4xx_hal_rcc_ex.o
 .debug_info    0x0000000000012a08     0x161a ./Drivers/STM32L4xx_HAL_Driver/Src/stm32l4xx_hal_spi.o
 .debug_info    0x0000000000014022     0x3b69 ./Drivers/STM32L4xx_HAL_Driver/Src/stm32l4xx_hal_uart.o
 .debug_info    0x0000000000017b8b     0x1971 ./Drivers/STM32L4xx_HAL_Driver/Src/stm32l4xx_ll_usb.o
 .debug_info    0x00000000000194fc     0x21a3 ./Middlewares/ST/BlueNRG-MS/hci/controller/bluenrg_gap_aci.o
 .debug_info    0x000000000001b69f     0x2298 ./Middlewares/ST/BlueNRG-MS/hci/controller/bluenrg_gatt_aci.o
 .debug_info    0x000000000001d937      0x6f7 ./Middlewares/ST/BlueNRG-MS/hci/controller/bluenrg_hal_aci.o
 .debug_info    0x000000000001e02e      0x168 ./Middlewares/ST/BlueNRG-MS/hci/controller/bluenrg_utils_small.o
 .debug_info    0x000000000001e196     0x15a4 ./Middlewares/ST/BlueNRG-MS/hci/hci_le.o
 .debug_info    0x000000000001f73a      0x892 ./Middlewares/ST/BlueNRG-MS/hci/hci_tl_patterns/Basic/hci_tl.o
 .debug_info    0x000000000001ffcc      0x6d5 ./Middlewares/ST/BlueNRG-MS/utils/ble_list.o

.debug_abbrev   0x0000000000000000     0x4499
 .debug_abbrev  0x0000000000000000      0x2b2 ./BlueNRG_MS/Target/hci_tl_interface.o
 .debug_abbrev  0x00000000000002b2      0x31f ./Core/Src/main.o
 .debug_abbrev  0x00000000000005d1      0x212 ./Core/Src/project_ble.o
 .debug_abbrev  0x00000000000007e3      0x1f2 ./Core/Src/project_sensor.o
 .debug_abbrev  0x00000000000009d5      0x276 ./Core/Src/stm32l4xx_hal_msp.o
 .debug_abbrev  0x0000000000000c4b       0xe6 ./Core/Src/stm32l4xx_it.o
 .debug_abbrev  0x0000000000000d31      0x11a ./Core/Src/system_stm32l4xx.o
 .debug_abbrev  0x0000000000000e4b       0x12 ./Core/Startup/startup_stm32l475vgtx.o
 .debug_abbrev  0x0000000000000e5d      0x293 ./Drivers/BSP/B-L475E-IOT01A1/b_l475e_iot01a1_bus.o
 .debug_abbrev  0x00000000000010f0      0x242 ./Drivers/STM32L4xx_HAL_Driver/Src/stm32l4xx_hal.o
 .debug_abbrev  0x0000000000001332      0x327 ./Drivers/STM32L4xx_HAL_Driver/Src/stm32l4xx_hal_cortex.o
 .debug_abbrev  0x0000000000001659      0x27e ./Drivers/STM32L4xx_HAL_Driver/Src/stm32l4xx_hal_dfsdm.o
 .debug_abbrev  0x00000000000018d7      0x1a8 ./Drivers/STM32L4xx_HAL_Driver/Src/stm32l4xx_hal_exti.o
 .debug_abbrev  0x0000000000001a7f      0x1cb ./Drivers/STM32L4xx_HAL_Driver/Src/stm32l4xx_hal_gpio.o
 .debug_abbrev  0x0000000000001c4a      0x261 ./Drivers/STM32L4xx_HAL_Driver/Src/stm32l4xx_hal_i2c.o
 .debug_abbrev  0x0000000000001eab      0x1c3 ./Drivers/STM32L4xx_HAL_Driver/Src/stm32l4xx_hal_i2c_ex.o
 .debug_abbrev  0x000000000000206e      0x2cf ./Drivers/STM32L4xx_HAL_Driver/Src/stm32l4xx_hal_pcd.o
 .debug_abbrev  0x000000000000233d      0x256 ./Drivers/STM32L4xx_HAL_Driver/Src/stm32l4xx_hal_pcd_ex.o
 .debug_abbrev  0x0000000000002593      0x1d4 ./Drivers/STM32L4xx_HAL_Driver/Src/stm32l4xx_hal_pwr.o
 .debug_abbrev  0x0000000000002767      0x1f9 ./Drivers/STM32L4xx_HAL_Driver/Src/stm32l4xx_hal_pwr_ex.o
 .debug_abbrev  0x0000000000002960      0x249 ./Drivers/STM32L4xx_HAL_Driver/Src/stm32l4xx_hal_qspi.o
 .debug_abbrev  0x0000000000002ba9      0x2cb ./Drivers/STM32L4xx_HAL_Driver/Src/stm32l4xx_hal_rcc.o
 .debug_abbrev  0x0000000000002e74      0x2a6 ./Drivers/STM32L4xx_HAL_Driver/Src/stm32l4xx_hal_rcc_ex.o
 .debug_abbrev  0x000000000000311a      0x26a ./Drivers/STM32L4xx_HAL_Driver/Src/stm32l4xx_hal_spi.o
 .debug_abbrev  0x0000000000003384      0x2d0 ./Drivers/STM32L4xx_HAL_Driver/Src/stm32l4xx_hal_uart.o
 .debug_abbrev  0x0000000000003654      0x2b3 ./Drivers/STM32L4xx_HAL_Driver/Src/stm32l4xx_ll_usb.o
 .debug_abbrev  0x0000000000003907      0x1b8 ./Middlewares/ST/BlueNRG-MS/hci/controller/bluenrg_gap_aci.o
 .debug_abbrev  0x0000000000003abf      0x1ba ./Middlewares/ST/BlueNRG-MS/hci/controller/bluenrg_gatt_aci.o
 .debug_abbrev  0x0000000000003c79      0x148 ./Middlewares/ST/BlueNRG-MS/hci/controller/bluenrg_hal_aci.o
 .debug_abbrev  0x0000000000003dc1       0xa3 ./Middlewares/ST/BlueNRG-MS/hci/controller/bluenrg_utils_small.o
 .debug_abbrev  0x0000000000003e64      0x1dd ./Middlewares/ST/BlueNRG-MS/hci/hci_le.o
 .debug_abbrev  0x0000000000004041      0x2cf ./Middlewares/ST/BlueNRG-MS/hci/hci_tl_patterns/Basic/hci_tl.o
 .debug_abbrev  0x0000000000004310      0x189 ./Middlewares/ST/BlueNRG-MS/utils/ble_list.o

.debug_aranges  0x0000000000000000     0x1c20
 .debug_aranges
                0x0000000000000000       0x58 ./BlueNRG_MS/Target/hci_tl_interface.o
 .debug_aranges
                0x0000000000000058       0x68 ./Core/Src/main.o
 .debug_aranges
                0x00000000000000c0       0x48 ./Core/Src/project_ble.o
 .debug_aranges
                0x0000000000000108       0x38 ./Core/Src/project_sensor.o
 .debug_aranges
                0x0000000000000140       0x70 ./Core/Src/stm32l4xx_hal_msp.o
 .debug_aranges
                0x00000000000001b0       0x70 ./Core/Src/stm32l4xx_it.o
 .debug_aranges
                0x0000000000000220       0x28 ./Core/Src/system_stm32l4xx.o
 .debug_aranges
                0x0000000000000248       0x28 ./Core/Startup/startup_stm32l475vgtx.o
 .debug_aranges
                0x0000000000000270       0x60 ./Drivers/BSP/B-L475E-IOT01A1/b_l475e_iot01a1_bus.o
 .debug_aranges
                0x00000000000002d0      0x130 ./Drivers/STM32L4xx_HAL_Driver/Src/stm32l4xx_hal.o
 .debug_aranges
                0x0000000000000400      0x118 ./Drivers/STM32L4xx_HAL_Driver/Src/stm32l4xx_hal_cortex.o
 .debug_aranges
                0x0000000000000518      0x248 ./Drivers/STM32L4xx_HAL_Driver/Src/stm32l4xx_hal_dfsdm.o
 .debug_aranges
                0x0000000000000760       0x60 ./Drivers/STM32L4xx_HAL_Driver/Src/stm32l4xx_hal_exti.o
 .debug_aranges
                0x00000000000007c0       0x58 ./Drivers/STM32L4xx_HAL_Driver/Src/stm32l4xx_hal_gpio.o
 .debug_aranges
                0x0000000000000818      0x2a0 ./Drivers/STM32L4xx_HAL_Driver/Src/stm32l4xx_hal_i2c.o
 .debug_aranges
                0x0000000000000ab8       0x48 ./Drivers/STM32L4xx_HAL_Driver/Src/stm32l4xx_hal_i2c_ex.o
 .debug_aranges
                0x0000000000000b00      0x138 ./Drivers/STM32L4xx_HAL_Driver/Src/stm32l4xx_hal_pcd.o
 .debug_aranges
                0x0000000000000c38       0x60 ./Drivers/STM32L4xx_HAL_Driver/Src/stm32l4xx_hal_pcd_ex.o
 .debug_aranges
                0x0000000000000c98       0x98 ./Drivers/STM32L4xx_HAL_Driver/Src/stm32l4xx_hal_pwr.o
 .debug_aranges
                0x0000000000000d30      0x150 ./Drivers/STM32L4xx_HAL_Driver/Src/stm32l4xx_hal_pwr_ex.o
 .debug_aranges
                0x0000000000000e80      0x160 ./Drivers/STM32L4xx_HAL_Driver/Src/stm32l4xx_hal_qspi.o
 .debug_aranges
                0x0000000000000fe0       0x90 ./Drivers/STM32L4xx_HAL_Driver/Src/stm32l4xx_hal_rcc.o
 .debug_aranges
                0x0000000000001070       0xc0 ./Drivers/STM32L4xx_HAL_Driver/Src/stm32l4xx_hal_rcc_ex.o
 .debug_aranges
                0x0000000000001130      0x1d8 ./Drivers/STM32L4xx_HAL_Driver/Src/stm32l4xx_hal_spi.o
 .debug_aranges
                0x0000000000001308      0x228 ./Drivers/STM32L4xx_HAL_Driver/Src/stm32l4xx_hal_uart.o
 .debug_aranges
                0x0000000000001530      0x1a0 ./Drivers/STM32L4xx_HAL_Driver/Src/stm32l4xx_ll_usb.o
 .debug_aranges
                0x00000000000016d0      0x168 ./Middlewares/ST/BlueNRG-MS/hci/controller/bluenrg_gap_aci.o
 .debug_aranges
                0x0000000000001838      0x178 ./Middlewares/ST/BlueNRG-MS/hci/controller/bluenrg_gatt_aci.o
 .debug_aranges
                0x00000000000019b0       0x68 ./Middlewares/ST/BlueNRG-MS/hci/controller/bluenrg_hal_aci.o
 .debug_aranges
                0x0000000000001a18       0x20 ./Middlewares/ST/BlueNRG-MS/hci/controller/bluenrg_utils_small.o
 .debug_aranges
                0x0000000000001a38      0x110 ./Middlewares/ST/BlueNRG-MS/hci/hci_le.o
 .debug_aranges
                0x0000000000001b48       0x60 ./Middlewares/ST/BlueNRG-MS/hci/hci_tl_patterns/Basic/hci_tl.o
 .debug_aranges
                0x0000000000001ba8       0x78 ./Middlewares/ST/BlueNRG-MS/utils/ble_list.o

.debug_rnglists
                0x0000000000000000     0x15c7
 .debug_rnglists
                0x0000000000000000       0x40 ./BlueNRG_MS/Target/hci_tl_interface.o
 .debug_rnglists
                0x0000000000000040       0x4b ./Core/Src/main.o
 .debug_rnglists
                0x000000000000008b       0x34 ./Core/Src/project_ble.o
 .debug_rnglists
                0x00000000000000bf       0x27 ./Core/Src/project_sensor.o
 .debug_rnglists
                0x00000000000000e6       0x54 ./Core/Src/stm32l4xx_hal_msp.o
 .debug_rnglists
                0x000000000000013a       0x4f ./Core/Src/stm32l4xx_it.o
 .debug_rnglists
                0x0000000000000189       0x1a ./Core/Src/system_stm32l4xx.o
 .debug_rnglists
                0x00000000000001a3       0x19 ./Core/Startup/startup_stm32l475vgtx.o
 .debug_rnglists
                0x00000000000001bc       0x45 ./Drivers/BSP/B-L475E-IOT01A1/b_l475e_iot01a1_bus.o
 .debug_rnglists
                0x0000000000000201       0xdf ./Drivers/STM32L4xx_HAL_Driver/Src/stm32l4xx_hal.o
 .debug_rnglists
                0x00000000000002e0       0xce ./Drivers/STM32L4xx_HAL_Driver/Src/stm32l4xx_hal_cortex.o
 .debug_rnglists
                0x00000000000003ae      0x1c7 ./Drivers/STM32L4xx_HAL_Driver/Src/stm32l4xx_hal_dfsdm.o
 .debug_rnglists
                0x0000000000000575       0x46 ./Drivers/STM32L4xx_HAL_Driver/Src/stm32l4xx_hal_exti.o
 .debug_rnglists
                0x00000000000005bb       0x3f ./Drivers/STM32L4xx_HAL_Driver/Src/stm32l4xx_hal_gpio.o
 .debug_rnglists
                0x00000000000005fa      0x228 ./Drivers/STM32L4xx_HAL_Driver/Src/stm32l4xx_hal_i2c.o
 .debug_rnglists
                0x0000000000000822       0x35 ./Drivers/STM32L4xx_HAL_Driver/Src/stm32l4xx_hal_i2c_ex.o
 .debug_rnglists
                0x0000000000000857       0xed ./Drivers/STM32L4xx_HAL_Driver/Src/stm32l4xx_hal_pcd.o
 .debug_rnglists
                0x0000000000000944       0x45 ./Drivers/STM32L4xx_HAL_Driver/Src/stm32l4xx_hal_pcd_ex.o
 .debug_rnglists
                0x0000000000000989       0x6e ./Drivers/STM32L4xx_HAL_Driver/Src/stm32l4xx_hal_pwr.o
 .debug_rnglists
                0x00000000000009f7       0xfd ./Drivers/STM32L4xx_HAL_Driver/Src/stm32l4xx_hal_pwr_ex.o
 .debug_rnglists
                0x0000000000000af4      0x113 ./Drivers/STM32L4xx_HAL_Driver/Src/stm32l4xx_hal_qspi.o
 .debug_rnglists
                0x0000000000000c07       0x6d ./Drivers/STM32L4xx_HAL_Driver/Src/stm32l4xx_hal_rcc.o
 .debug_rnglists
                0x0000000000000c74       0x95 ./Drivers/STM32L4xx_HAL_Driver/Src/stm32l4xx_hal_rcc_ex.o
 .debug_rnglists
                0x0000000000000d09      0x178 ./Drivers/STM32L4xx_HAL_Driver/Src/stm32l4xx_hal_spi.o
 .debug_rnglists
                0x0000000000000e81      0x1db ./Drivers/STM32L4xx_HAL_Driver/Src/stm32l4xx_hal_uart.o
 .debug_rnglists
                0x000000000000105c      0x146 ./Drivers/STM32L4xx_HAL_Driver/Src/stm32l4xx_ll_usb.o
 .debug_rnglists
                0x00000000000011a2      0x11b ./Middlewares/ST/BlueNRG-MS/hci/controller/bluenrg_gap_aci.o
 .debug_rnglists
                0x00000000000012bd      0x12e ./Middlewares/ST/BlueNRG-MS/hci/controller/bluenrg_gatt_aci.o
 .debug_rnglists
                0x00000000000013eb       0x4c ./Middlewares/ST/BlueNRG-MS/hci/controller/bluenrg_hal_aci.o
 .debug_rnglists
                0x0000000000001437       0x14 ./Middlewares/ST/BlueNRG-MS/hci/controller/bluenrg_utils_small.o
 .debug_rnglists
                0x000000000000144b       0xd1 ./Middlewares/ST/BlueNRG-MS/hci/hci_le.o
 .debug_rnglists
                0x000000000000151c       0x56 ./Middlewares/ST/BlueNRG-MS/hci/hci_tl_patterns/Basic/hci_tl.o
 .debug_rnglists
                0x0000000000001572       0x55 ./Middlewares/ST/BlueNRG-MS/utils/ble_list.o

.debug_macro    0x0000000000000000    0x2d4ce
 .debug_macro   0x0000000000000000      0x35d ./BlueNRG_MS/Target/hci_tl_interface.o
 .debug_macro   0x000000000000035d      0xaa8 ./BlueNRG_MS/Target/hci_tl_interface.o
 .debug_macro   0x0000000000000e05       0x16 ./BlueNRG_MS/Target/hci_tl_interface.o
 .debug_macro   0x0000000000000e1b      0x1bf ./BlueNRG_MS/Target/hci_tl_interface.o
 .debug_macro   0x0000000000000fda       0x2e ./BlueNRG_MS/Target/hci_tl_interface.o
 .debug_macro   0x0000000000001008       0x28 ./BlueNRG_MS/Target/hci_tl_interface.o
 .debug_macro   0x0000000000001030       0x22 ./BlueNRG_MS/Target/hci_tl_interface.o
 .debug_macro   0x0000000000001052       0x8e ./BlueNRG_MS/Target/hci_tl_interface.o
 .debug_macro   0x00000000000010e0       0x51 ./BlueNRG_MS/Target/hci_tl_interface.o
 .debug_macro   0x0000000000001131      0x103 ./BlueNRG_MS/Target/hci_tl_interface.o
 .debug_macro   0x0000000000001234       0x6a ./BlueNRG_MS/Target/hci_tl_interface.o
 .debug_macro   0x000000000000129e      0x1df ./BlueNRG_MS/Target/hci_tl_interface.o
 .debug_macro   0x000000000000147d       0x1c ./BlueNRG_MS/Target/hci_tl_interface.o
 .debug_macro   0x0000000000001499       0x22 ./BlueNRG_MS/Target/hci_tl_interface.o
 .debug_macro   0x00000000000014bb       0xfb ./BlueNRG_MS/Target/hci_tl_interface.o
 .debug_macro   0x00000000000015b6     0x1011 ./BlueNRG_MS/Target/hci_tl_interface.o
 .debug_macro   0x00000000000025c7      0x11f ./BlueNRG_MS/Target/hci_tl_interface.o
 .debug_macro   0x00000000000026e6    0x19dc7 ./BlueNRG_MS/Target/hci_tl_interface.o
 .debug_macro   0x000000000001c4ad       0x6d ./BlueNRG_MS/Target/hci_tl_interface.o
 .debug_macro   0x000000000001c51a     0x38e6 ./BlueNRG_MS/Target/hci_tl_interface.o
 .debug_macro   0x000000000001fe00      0x174 ./BlueNRG_MS/Target/hci_tl_interface.o
 .debug_macro   0x000000000001ff74       0x5c ./BlueNRG_MS/Target/hci_tl_interface.o
 .debug_macro   0x000000000001ffd0     0x1558 ./BlueNRG_MS/Target/hci_tl_interface.o
 .debug_macro   0x0000000000021528      0x5a5 ./BlueNRG_MS/Target/hci_tl_interface.o
 .debug_macro   0x0000000000021acd      0x1b9 ./BlueNRG_MS/Target/hci_tl_interface.o
 .debug_macro   0x0000000000021c86      0x17d ./BlueNRG_MS/Target/hci_tl_interface.o
 .debug_macro   0x0000000000021e03      0x26b ./BlueNRG_MS/Target/hci_tl_interface.o
 .debug_macro   0x000000000002206e      0x29c ./BlueNRG_MS/Target/hci_tl_interface.o
 .debug_macro   0x000000000002230a      0x23d ./BlueNRG_MS/Target/hci_tl_interface.o
 .debug_macro   0x0000000000022547      0x241 ./BlueNRG_MS/Target/hci_tl_interface.o
 .debug_macro   0x0000000000022788      0x37c ./BlueNRG_MS/Target/hci_tl_interface.o
 .debug_macro   0x0000000000022b04       0xd6 ./BlueNRG_MS/Target/hci_tl_interface.o
 .debug_macro   0x0000000000022bda      0x22c ./BlueNRG_MS/Target/hci_tl_interface.o
 .debug_macro   0x0000000000022e06       0x61 ./BlueNRG_MS/Target/hci_tl_interface.o
 .debug_macro   0x0000000000022e67       0xa5 ./BlueNRG_MS/Target/hci_tl_interface.o
 .debug_macro   0x0000000000022f0c      0x209 ./BlueNRG_MS/Target/hci_tl_interface.o
 .debug_macro   0x0000000000023115       0x97 ./BlueNRG_MS/Target/hci_tl_interface.o
 .debug_macro   0x00000000000231ac      0x122 ./BlueNRG_MS/Target/hci_tl_interface.o
 .debug_macro   0x00000000000232ce      0x3e8 ./BlueNRG_MS/Target/hci_tl_interface.o
 .debug_macro   0x00000000000236b6      0x2a3 ./BlueNRG_MS/Target/hci_tl_interface.o
 .debug_macro   0x0000000000023959      0x2fe ./BlueNRG_MS/Target/hci_tl_interface.o
 .debug_macro   0x0000000000023c57      0x5cf ./BlueNRG_MS/Target/hci_tl_interface.o
 .debug_macro   0x0000000000024226       0x44 ./BlueNRG_MS/Target/hci_tl_interface.o
 .debug_macro   0x000000000002426a      0x330 ./BlueNRG_MS/Target/hci_tl_interface.o
 .debug_macro   0x000000000002459a       0x28 ./BlueNRG_MS/Target/hci_tl_interface.o
 .debug_macro   0x00000000000245c2       0x82 ./BlueNRG_MS/Target/hci_tl_interface.o
 .debug_macro   0x0000000000024644       0x70 ./BlueNRG_MS/Target/hci_tl_interface.o
 .debug_macro   0x00000000000246b4       0x40 ./BlueNRG_MS/Target/hci_tl_interface.o
 .debug_macro   0x00000000000246f4       0x52 ./BlueNRG_MS/Target/hci_tl_interface.o
 .debug_macro   0x0000000000024746       0x61 ./BlueNRG_MS/Target/hci_tl_interface.o
 .debug_macro   0x00000000000247a7       0x2a ./BlueNRG_MS/Target/hci_tl_interface.o
 .debug_macro   0x00000000000247d1       0x43 ./BlueNRG_MS/Target/hci_tl_interface.o
 .debug_macro   0x0000000000024814       0x34 ./BlueNRG_MS/Target/hci_tl_interface.o
 .debug_macro   0x0000000000024848       0x16 ./BlueNRG_MS/Target/hci_tl_interface.o
 .debug_macro   0x000000000002485e       0x43 ./BlueNRG_MS/Target/hci_tl_interface.o
 .debug_macro   0x00000000000248a1       0x34 ./BlueNRG_MS/Target/hci_tl_interface.o
 .debug_macro   0x00000000000248d5       0x10 ./BlueNRG_MS/Target/hci_tl_interface.o
 .debug_macro   0x00000000000248e5       0x58 ./BlueNRG_MS/Target/hci_tl_interface.o
 .debug_macro   0x000000000002493d       0x8e ./BlueNRG_MS/Target/hci_tl_interface.o
 .debug_macro   0x00000000000249cb       0x1c ./BlueNRG_MS/Target/hci_tl_interface.o
 .debug_macro   0x00000000000249e7      0x177 ./BlueNRG_MS/Target/hci_tl_interface.o
 .debug_macro   0x0000000000024b5e      0x369 ./BlueNRG_MS/Target/hci_tl_interface.o
 .debug_macro   0x0000000000024ec7       0x10 ./BlueNRG_MS/Target/hci_tl_interface.o
 .debug_macro   0x0000000000024ed7       0x35 ./BlueNRG_MS/Target/hci_tl_interface.o
 .debug_macro   0x0000000000024f0c       0x20 ./BlueNRG_MS/Target/hci_tl_interface.o
 .debug_macro   0x0000000000024f2c       0x7c ./BlueNRG_MS/Target/hci_tl_interface.o
 .debug_macro   0x0000000000024fa8      0x25a ./Core/Src/main.o
 .debug_macro   0x0000000000025202       0x2e ./Core/Src/main.o
 .debug_macro   0x0000000000025230      0x444 ./Core/Src/main.o
 .debug_macro   0x0000000000025674       0x16 ./Core/Src/main.o
 .debug_macro   0x000000000002568a      0x416 ./Core/Src/project_ble.o
 .debug_macro   0x0000000000025aa0       0x10 ./Core/Src/project_ble.o
 .debug_macro   0x0000000000025ab0       0x22 ./Core/Src/project_ble.o
 .debug_macro   0x0000000000025ad2      0x17c ./Core/Src/project_ble.o
 .debug_macro   0x0000000000025c4e       0x9b ./Core/Src/project_ble.o
 .debug_macro   0x0000000000025ce9      0x16c ./Core/Src/project_ble.o
 .debug_macro   0x0000000000025e55       0x1c ./Core/Src/project_ble.o
 .debug_macro   0x0000000000025e71       0x46 ./Core/Src/project_ble.o
 .debug_macro   0x0000000000025eb7      0x1ba ./Core/Src/project_ble.o
 .debug_macro   0x0000000000026071       0x62 ./Core/Src/project_ble.o
 .debug_macro   0x00000000000260d3      0x174 ./Core/Src/project_ble.o
 .debug_macro   0x0000000000026247       0xa5 ./Core/Src/project_ble.o
 .debug_macro   0x00000000000262ec      0x264 ./Core/Src/project_ble.o
 .debug_macro   0x0000000000026550       0xdd ./Core/Src/project_ble.o
 .debug_macro   0x000000000002662d      0xa98 ./Core/Src/project_ble.o
 .debug_macro   0x00000000000270c5      0x1e6 ./Core/Src/project_ble.o
 .debug_macro   0x00000000000272ab      0x458 ./Core/Src/project_sensor.o
 .debug_macro   0x0000000000027703       0x5b ./Core/Src/project_sensor.o
 .debug_macro   0x000000000002775e       0x94 ./Core/Src/project_sensor.o
 .debug_macro   0x00000000000277f2       0x16 ./Core/Src/project_sensor.o
 .debug_macro   0x0000000000027808       0x57 ./Core/Src/project_sensor.o
 .debug_macro   0x000000000002785f       0x97 ./Core/Src/project_sensor.o
 .debug_macro   0x00000000000278f6       0xfd ./Core/Src/project_sensor.o
 .debug_macro   0x00000000000279f3       0x10 ./Core/Src/project_sensor.o
 .debug_macro   0x0000000000027a03       0x16 ./Core/Src/project_sensor.o
 .debug_macro   0x0000000000027a19       0x16 ./Core/Src/project_sensor.o
 .debug_macro   0x0000000000027a2f      0x147 ./Core/Src/project_sensor.o
 .debug_macro   0x0000000000027b76       0x16 ./Core/Src/project_sensor.o
 .debug_macro   0x0000000000027b8c       0x16 ./Core/Src/project_sensor.o
 .debug_macro   0x0000000000027ba2       0x16 ./Core/Src/project_sensor.o
 .debug_macro   0x0000000000027bb8       0x29 ./Core/Src/project_sensor.o
 .debug_macro   0x0000000000027be1       0x1c ./Core/Src/project_sensor.o
 .debug_macro   0x0000000000027bfd       0x56 ./Core/Src/project_sensor.o
 .debug_macro   0x0000000000027c53      0x176 ./Core/Src/project_sensor.o
 .debug_macro   0x0000000000027dc9      0x1b4 ./Core/Src/project_sensor.o
 .debug_macro   0x0000000000027f7d       0x82 ./Core/Src/project_sensor.o
 .debug_macro   0x0000000000027fff      0x395 ./Core/Src/project_sensor.o
 .debug_macro   0x0000000000028394      0x16e ./Core/Src/project_sensor.o
 .debug_macro   0x0000000000028502      0x4d2 ./Core/Src/project_sensor.o
 .debug_macro   0x00000000000289d4       0xab ./Core/Src/project_sensor.o
 .debug_macro   0x0000000000028a7f      0x251 ./Core/Src/stm32l4xx_hal_msp.o
 .debug_macro   0x0000000000028cd0      0x25b ./Core/Src/stm32l4xx_it.o
 .debug_macro   0x0000000000028f2b      0x212 ./Core/Src/system_stm32l4xx.o
 .debug_macro   0x000000000002913d      0x239 ./Drivers/BSP/B-L475E-IOT01A1/b_l475e_iot01a1_bus.o
 .debug_macro   0x0000000000029376      0x260 ./Drivers/STM32L4xx_HAL_Driver/Src/stm32l4xx_hal.o
 .debug_macro   0x00000000000295d6      0x212 ./Drivers/STM32L4xx_HAL_Driver/Src/stm32l4xx_hal_cortex.o
 .debug_macro   0x00000000000297e8      0x236 ./Drivers/STM32L4xx_HAL_Driver/Src/stm32l4xx_hal_dfsdm.o
 .debug_macro   0x0000000000029a1e      0x21e ./Drivers/STM32L4xx_HAL_Driver/Src/stm32l4xx_hal_exti.o
 .debug_macro   0x0000000000029c3c      0x219 ./Drivers/STM32L4xx_HAL_Driver/Src/stm32l4xx_hal_gpio.o
 .debug_macro   0x0000000000029e55      0x2de ./Drivers/STM32L4xx_HAL_Driver/Src/stm32l4xx_hal_i2c.o
 .debug_macro   0x000000000002a133      0x212 ./Drivers/STM32L4xx_HAL_Driver/Src/stm32l4xx_hal_i2c_ex.o
 .debug_macro   0x000000000002a345      0x21e ./Drivers/STM32L4xx_HAL_Driver/Src/stm32l4xx_hal_pcd.o
 .debug_macro   0x000000000002a563      0x212 ./Drivers/STM32L4xx_HAL_Driver/Src/stm32l4xx_hal_pcd_ex.o
 .debug_macro   0x000000000002a775      0x22a ./Drivers/STM32L4xx_HAL_Driver/Src/stm32l4xx_hal_pwr.o
 .debug_macro   0x000000000002a99f      0x236 ./Drivers/STM32L4xx_HAL_Driver/Src/stm32l4xx_hal_pwr_ex.o
 .debug_macro   0x000000000002abd5      0x236 ./Drivers/STM32L4xx_HAL_Driver/Src/stm32l4xx_hal_qspi.o
 .debug_macro   0x000000000002ae0b      0x254 ./Drivers/STM32L4xx_HAL_Driver/Src/stm32l4xx_hal_rcc.o
 .debug_macro   0x000000000002b05f      0x248 ./Drivers/STM32L4xx_HAL_Driver/Src/stm32l4xx_hal_rcc_ex.o
 .debug_macro   0x000000000002b2a7      0x21a ./Drivers/STM32L4xx_HAL_Driver/Src/stm32l4xx_hal_spi.o
 .debug_macro   0x000000000002b4c1      0x23d ./Drivers/STM32L4xx_HAL_Driver/Src/stm32l4xx_hal_uart.o
 .debug_macro   0x000000000002b6fe      0x212 ./Drivers/STM32L4xx_HAL_Driver/Src/stm32l4xx_ll_usb.o
 .debug_macro   0x000000000002b910      0x3d4 ./Middlewares/ST/BlueNRG-MS/hci/controller/bluenrg_gap_aci.o
 .debug_macro   0x000000000002bce4       0x52 ./Middlewares/ST/BlueNRG-MS/hci/controller/bluenrg_gap_aci.o
 .debug_macro   0x000000000002bd36      0x3d4 ./Middlewares/ST/BlueNRG-MS/hci/controller/bluenrg_gatt_aci.o
 .debug_macro   0x000000000002c10a      0x3d4 ./Middlewares/ST/BlueNRG-MS/hci/controller/bluenrg_hal_aci.o
 .debug_macro   0x000000000002c4de      0x3f7 ./Middlewares/ST/BlueNRG-MS/hci/controller/bluenrg_utils_small.o
 .debug_macro   0x000000000002c8d5       0x4c ./Middlewares/ST/BlueNRG-MS/hci/controller/bluenrg_utils_small.o
 .debug_macro   0x000000000002c921      0x172 ./Middlewares/ST/BlueNRG-MS/hci/controller/bluenrg_utils_small.o
 .debug_macro   0x000000000002ca93      0x392 ./Middlewares/ST/BlueNRG-MS/hci/hci_le.o
 .debug_macro   0x000000000002ce25      0x3ab ./Middlewares/ST/BlueNRG-MS/hci/hci_tl_patterns/Basic/hci_tl.o
 .debug_macro   0x000000000002d1d0      0x2fe ./Middlewares/ST/BlueNRG-MS/utils/ble_list.o

.debug_line     0x0000000000000000    0x236e3
 .debug_line    0x0000000000000000      0xbbe ./BlueNRG_MS/Target/hci_tl_interface.o
 .debug_line    0x0000000000000bbe      0xb63 ./Core/Src/main.o
 .debug_line    0x0000000000001721      0xc9f ./Core/Src/project_ble.o
 .debug_line    0x00000000000023c0      0xc35 ./Core/Src/project_sensor.o
 .debug_line    0x0000000000002ff5      0xa72 ./Core/Src/stm32l4xx_hal_msp.o
 .debug_line    0x0000000000003a67      0x917 ./Core/Src/stm32l4xx_it.o
 .debug_line    0x000000000000437e      0x81d ./Core/Src/system_stm32l4xx.o
 .debug_line    0x0000000000004b9b       0x7a ./Core/Startup/startup_stm32l475vgtx.o
 .debug_line    0x0000000000004c15      0x970 ./Drivers/BSP/B-L475E-IOT01A1/b_l475e_iot01a1_bus.o
 .debug_line    0x0000000000005585      0xb75 ./Drivers/STM32L4xx_HAL_Driver/Src/stm32l4xx_hal.o