../Core/Src/main.c:78:5:main	152	dynamic
../Core/Src/main.c:171:6:SystemClock_Config	96	static
../Core/Src/main.c:222:13:MX_I2C2_Init	8	static
../Core/Src/main.c:270:13:MX_OCTOSPI1_Init	8	static
../Core/Src/main.c:309:13:MX_USART1_UART_Init	8	static
../Core/Src/main.c:357:13:MX_GPIO_Init	16	static
../Core/Src/main.c:378:10:readNumOfData_1	24	static
../Core/Src/main.c:399:10:readDataLength	16	static
../Core/Src/main.c:411:6:writeDataToFlash	24	static
../Core/Src/main.c:449:24:readDataBlock1	48	static
../Core/Src/main.c:465:6:Error_Handler	4	static,ignoring_inline_asm
