../Core/Src/main.c:83:6:HAL_GPIO_EXTI_Callback	16	static
../Core/Src/main.c:90:6:HAL_DFSDM_FilterRegConvCpltCallback	32	static
../Core/Src/main.c:105:17:getReadings	40	static
../Core/Src/main.c:121:5:main	56	static
../Core/Src/main.c:187:6:SystemClock_Config	96	static
../Core/Src/main.c:248:13:MX_DAC1_Init	48	static
../Core/Src/main.c:292:13:MX_DFSDM1_Init	8	static
../Core/Src/main.c:345:13:MX_I2C1_Init	8	static
../Core/Src/main.c:393:13:MX_I2C2_Init	8	static
../Core/Src/main.c:441:13:MX_QUADSPI_Init	8	static
../Core/Src/main.c:474:13:MX_USART1_UART_Init	8	static
../Core/Src/main.c:507:13:MX_DMA_Init	16	static
../Core/Src/main.c:525:13:MX_GPIO_Init	48	static
../Core/Src/main.c:732:10:readNumOfData_1	24	static
../Core/Src/main.c:753:10:readDataLength	16	static
../Core/Src/main.c:765:6:writeDataToFlash	48	static
../Core/Src/main.c:803:17:readDataBlock1	48	static
../Core/Src/main.c:819:6:Error_Handler	4	static,ignoring_inline_asm
